2026-09-06 09:38:02 [main] INFO  com.wudd.TliasServerApplication - Starting TliasServerApplication using Java 21.0.12 with PID 14592 (D:\10_Code\complete-project\Complete-Tlias\tlias-server\target\classes started by wudd in D:\10_Code\complete-project\Complete-Tlias\tlias-server)
2026-09-06 09:38:02 [main] DEBUG com.wudd.TliasServerApplication - Running with Spring Boot v4.0.8, Spring v7.0.9
2026-09-06 09:38:02 [main] INFO  com.wudd.TliasServerApplication - No active profile set, falling back to 1 default profile: "default"
2026-09-06 09:38:03 [main] INFO  org.springframework.boot.tomcat.TomcatWebServer - Tomcat initialized with port 8080 (http)
2026-09-06 09:38:03 [main] INFO  org.apache.coyote.http11.Http11NioProtocol - Initializing ProtocolHandler ["http-nio-8080"]
2026-09-06 09:38:03 [main] INFO  org.apache.catalina.core.StandardService - Starting service [Tomcat]
2026-09-06 09:38:03 [main] INFO  org.apache.catalina.core.StandardEngine - Starting Servlet engine: [Apache Tomcat/11.0.24]
2026-09-06 09:38:03 [main] INFO  o.s.b.w.c.servlet.WebApplicationContextInitializer - Root WebApplicationContext: initialization completed in 646 ms
2026-09-06 09:38:03 [main] INFO  org.apache.coyote.http11.Http11NioProtocol - Starting ProtocolHandler ["http-nio-8080"]
2026-09-06 09:38:03 [main] INFO  org.springframework.boot.tomcat.TomcatWebServer - Tomcat started on port 8080 (http) with context path '/'
2026-09-06 09:38:03 [main] INFO  com.wudd.TliasServerApplication - Started TliasServerApplication in 1.513 seconds (process running for 3.119)
2026-09-06 09:38:08 [http-nio-8080-exec-1] INFO  o.a.c.core.ContainerBase.[Tomcat].[localhost].[/] - Initializing Spring DispatcherServlet 'dispatcherServlet'
2026-09-06 09:38:08 [http-nio-8080-exec-1] INFO  org.springframework.web.servlet.DispatcherServlet - Initializing Servlet 'dispatcherServlet'
2026-09-06 09:38:08 [http-nio-8080-exec-1] INFO  org.springframework.web.servlet.DispatcherServlet - Completed initialization in 0 ms
2026-09-06 09:38:08 [http-nio-8080-exec-1] INFO  com.wudd.controller.DeptController - 接收到部门列表查询
2026-09-06 09:38:08 [http-nio-8080-exec-1] INFO  com.zaxxer.hikari.HikariDataSource - HikariPool-1 - Starting...
2026-09-06 09:38:09 [http-nio-8080-exec-1] INFO  com.zaxxer.hikari.pool.HikariPool - HikariPool-1 - Added connection com.mysql.cj.jdbc.ConnectionImpl@1e0fc690
2026-09-06 09:38:09 [http-nio-8080-exec-1] INFO  com.zaxxer.hikari.HikariDataSource - HikariPool-1 - Start completed.
2026-09-06 09:38:09 [http-nio-8080-exec-1] INFO  com.wudd.controller.DeptController - 获取到部门信息：[Dept(id=1, name=学学部, createTime=2026-08-20T14:42:59, updateTime=2026-08-22T15:36:34), Dept(id=2, name=教研部, createTime=2026-08-20T14:42:59, updateTime=2026-08-20T15:31:13), Dept(id=3, name=咨询部, createTime=2026-08-20T14:42:59, updateTime=2026-08-20T15:30:58), Dept(id=4, name=就业部, createTime=2026-08-20T14:42:59, updateTime=2026-08-20T14:42:59), Dept(id=5, name=人事部, createTime=2026-08-20T14:42:59, updateTime=2026-08-20T15:31:03), Dept(id=6, name=释怀部, createTime=2026-08-20T14:42:59, updateTime=2026-08-22T09:19:16), Dept(id=7, name=无忧部, createTime=2026-08-21T22:11, updateTime=2026-08-22T09:17:31), Dept(id=8, name=测试部, createTime=2026-08-22T15:26:31, updateTime=2026-08-22T15:26:31), Dept(id=9, name=无聊部, createTime=2026-08-22T15:28:24, updateTime=2026-08-22T15:28:24), Dept(id=10, name=天才部, createTime=2026-08-22T15:30:30, updateTime=2026-08-22T15:30:30), Dept(id=11, name=罗兰部, createTime=2026-09-02T13:57:35, updateTime=2026-09-02T13:57:35), Dept(id=12, name=天使部, createTime=2026-10-04T20:20:08, updateTime=2026-10-04T20:20:08), Dept(id=13, name=喵喵部, createTime=2026-10-04T20:20:25, updateTime=2026-10-04T20:20:25), Dept(id=14, name=佐佐木部, createTime=2026-10-04T20:20:41, updateTime=2026-10-04T20:20:41), Dept(id=15, name=音乐部, createTime=2026-10-05T16:19:46, updateTime=2026-10-05T16:19:46), Dept(id=16, name=, createTime=2026-10-05T16:41:21, updateTime=2026-10-05T16:41:21), Dept(id=17, name=1, createTime=2026-10-05T17:50:40, updateTime=2026-10-05T17:50:40), Dept(id=18, name=123, createTime=2026-10-05T17:57:49, updateTime=2026-10-05T17:57:49)]
2026-09-06 09:38:20 [http-nio-8080-exec-2] INFO  com.wudd.controller.DeptController - 接收到添加部门请求：Dept(id=null, name=342, createTime=null, updateTime=null)
2026-09-06 09:38:20 [http-nio-8080-exec-2] INFO  com.wudd.controller.DeptController - 响应添加部门请求：Result(code=1, msg=success, data=null)
2026-09-06 09:38:20 [http-nio-8080-exec-3] INFO  com.wudd.controller.DeptController - 接收到部门列表查询
2026-09-06 09:38:20 [http-nio-8080-exec-3] INFO  com.wudd.controller.DeptController - 获取到部门信息：[Dept(id=1, name=学学部, createTime=2026-08-20T14:42:59, updateTime=2026-08-22T15:36:34), Dept(id=2, name=教研部, createTime=2026-08-20T14:42:59, updateTime=2026-08-20T15:31:13), Dept(id=3, name=咨询部, createTime=2026-08-20T14:42:59, updateTime=2026-08-20T15:30:58), Dept(id=4, name=就业部, createTime=2026-08-20T14:42:59, updateTime=2026-08-20T14:42:59), Dept(id=5, name=人事部, createTime=2026-08-20T14:42:59, updateTime=2026-08-20T15:31:03), Dept(id=6, name=释怀部, createTime=2026-08-20T14:42:59, updateTime=2026-08-22T09:19:16), Dept(id=7, name=无忧部, createTime=2026-08-21T22:11, updateTime=2026-08-22T09:17:31), Dept(id=8, name=测试部, createTime=2026-08-22T15:26:31, updateTime=2026-08-22T15:26:31), Dept(id=9, name=无聊部, createTime=2026-08-22T15:28:24, updateTime=2026-08-22T15:28:24), Dept(id=10, name=天才部, createTime=2026-08-22T15:30:30, updateTime=2026-08-22T15:30:30), Dept(id=11, name=罗兰部, createTime=2026-09-02T13:57:35, updateTime=2026-09-02T13:57:35), Dept(id=12, name=天使部, createTime=2026-10-04T20:20:08, updateTime=2026-10-04T20:20:08), Dept(id=13, name=喵喵部, createTime=2026-10-04T20:20:25, updateTime=2026-10-04T20:20:25), Dept(id=14, name=佐佐木部, createTime=2026-10-04T20:20:41, updateTime=2026-10-04T20:20:41), Dept(id=15, name=音乐部, createTime=2026-10-05T16:19:46, updateTime=2026-10-05T16:19:46), Dept(id=16, name=, createTime=2026-10-05T16:41:21, updateTime=2026-10-05T16:41:21), Dept(id=17, name=1, createTime=2026-10-05T17:50:40, updateTime=2026-10-05T17:50:40), Dept(id=18, name=123, createTime=2026-10-05T17:57:49, updateTime=2026-10-05T17:57:49), Dept(id=19, name=342, createTime=2026-10-06T09:38:21, updateTime=2026-10-06T09:38:21)]
2026-09-06 09:38:25 [http-nio-8080-exec-4] INFO  com.wudd.controller.DeptController - 接收到添加部门请求：Dept(id=null, name=344, createTime=null, updateTime=null)
2026-09-06 09:38:25 [http-nio-8080-exec-4] INFO  com.wudd.controller.DeptController - 响应添加部门请求：Result(code=1, msg=success, data=null)
2026-09-06 09:38:25 [http-nio-8080-exec-5] INFO  com.wudd.controller.DeptController - 接收到部门列表查询
2026-09-06 09:38:25 [http-nio-8080-exec-5] INFO  com.wudd.controller.DeptController - 获取到部门信息：[Dept(id=1, name=学学部, createTime=2026-08-20T14:42:59, updateTime=2026-08-22T15:36:34), Dept(id=2, name=教研部, createTime=2026-08-20T14:42:59, updateTime=2026-08-20T15:31:13), Dept(id=3, name=咨询部, createTime=2026-08-20T14:42:59, updateTime=2026-08-20T15:30:58), Dept(id=4, name=就业部, createTime=2026-08-20T14:42:59, updateTime=2026-08-20T14:42:59), Dept(id=5, name=人事部, createTime=2026-08-20T14:42:59, updateTime=2026-08-20T15:31:03), Dept(id=6, name=释怀部, createTime=2026-08-20T14:42:59, updateTime=2026-08-22T09:19:16), Dept(id=7, name=无忧部, createTime=2026-08-21T22:11, updateTime=2026-08-22T09:17:31), Dept(id=8, name=测试部, createTime=2026-08-22T15:26:31, updateTime=2026-08-22T15:26:31), Dept(id=9, name=无聊部, createTime=2026-08-22T15:28:24, updateTime=2026-08-22T15:28:24), Dept(id=10, name=天才部, createTime=2026-08-22T15:30:30, updateTime=2026-08-22T15:30:30), Dept(id=11, name=罗兰部, createTime=2026-09-02T13:57:35, updateTime=2026-09-02T13:57:35), Dept(id=12, name=天使部, createTime=2026-10-04T20:20:08, updateTime=2026-10-04T20:20:08), Dept(id=13, name=喵喵部, createTime=2026-10-04T20:20:25, updateTime=2026-10-04T20:20:25), Dept(id=14, name=佐佐木部, createTime=2026-10-04T20:20:41, updateTime=2026-10-04T20:20:41), Dept(id=15, name=音乐部, createTime=2026-10-05T16:19:46, updateTime=2026-10-05T16:19:46), Dept(id=16, name=, createTime=2026-10-05T16:41:21, updateTime=2026-10-05T16:41:21), Dept(id=17, name=1, createTime=2026-10-05T17:50:40, updateTime=2026-10-05T17:50:40), Dept(id=18, name=123, createTime=2026-10-05T17:57:49, updateTime=2026-10-05T17:57:49), Dept(id=19, name=342, createTime=2026-10-06T09:38:21, updateTime=2026-10-06T09:38:21), Dept(id=20, name=344, createTime=2026-10-06T09:38:26, updateTime=2026-10-06T09:38:26)]
2026-09-06 09:45:06 [http-nio-8080-exec-7] INFO  com.wudd.controller.DeptController - 接收到部门列表查询
2026-09-06 09:45:06 [http-nio-8080-exec-7] INFO  com.wudd.controller.DeptController - 获取到部门信息：[Dept(id=1, name=学学部, createTime=2026-08-20T14:42:59, updateTime=2026-08-22T15:36:34), Dept(id=2, name=教研部, createTime=2026-08-20T14:42:59, updateTime=2026-08-20T15:31:13), Dept(id=3, name=咨询部, createTime=2026-08-20T14:42:59, updateTime=2026-08-20T15:30:58), Dept(id=4, name=就业部, createTime=2026-08-20T14:42:59, updateTime=2026-08-20T14:42:59), Dept(id=5, name=人事部, createTime=2026-08-20T14:42:59, updateTime=2026-08-20T15:31:03), Dept(id=6, name=释怀部, createTime=2026-08-20T14:42:59, updateTime=2026-08-22T09:19:16), Dept(id=7, name=无忧部, createTime=2026-08-21T22:11, updateTime=2026-08-22T09:17:31), Dept(id=8, name=测试部, createTime=2026-08-22T15:26:31, updateTime=2026-08-22T15:26:31), Dept(id=9, name=无聊部, createTime=2026-08-22T15:28:24, updateTime=2026-08-22T15:28:24), Dept(id=10, name=天才部, createTime=2026-08-22T15:30:30, updateTime=2026-08-22T15:30:30), Dept(id=11, name=罗兰部, createTime=2026-09-02T13:57:35, updateTime=2026-09-02T13:57:35), Dept(id=12, name=天使部, createTime=2026-10-04T20:20:08, updateTime=2026-10-04T20:20:08), Dept(id=13, name=喵喵部, createTime=2026-10-04T20:20:25, updateTime=2026-10-04T20:20:25), Dept(id=14, name=佐佐木部, createTime=2026-10-04T20:20:41, updateTime=2026-10-04T20:20:41), Dept(id=15, name=音乐部, createTime=2026-10-05T16:19:46, updateTime=2026-10-05T16:19:46), Dept(id=16, name=, createTime=2026-10-05T16:41:21, updateTime=2026-10-05T16:41:21), Dept(id=17, name=1, createTime=2026-10-05T17:50:40, updateTime=2026-10-05T17:50:40), Dept(id=18, name=123, createTime=2026-10-05T17:57:49, updateTime=2026-10-05T17:57:49), Dept(id=19, name=342, createTime=2026-10-06T09:38:21, updateTime=2026-10-06T09:38:21), Dept(id=20, name=344, createTime=2026-10-06T09:38:26, updateTime=2026-10-06T09:38:26)]
2026-10-06 10:27:40 [http-nio-8080-exec-6] INFO  com.wudd.controller.DeptController - 接收到部门列表查询
2026-10-06 10:27:40 [http-nio-8080-exec-6] INFO  com.wudd.controller.DeptController - 获取到部门信息：[Dept(id=1, name=学学部, createTime=2026-08-20T14:42:59, updateTime=2026-08-22T15:36:34), Dept(id=2, name=教研部, createTime=2026-08-20T14:42:59, updateTime=2026-08-20T15:31:13), Dept(id=3, name=咨询部, createTime=2026-08-20T14:42:59, updateTime=2026-08-20T15:30:58), Dept(id=4, name=就业部, createTime=2026-08-20T14:42:59, updateTime=2026-08-20T14:42:59), Dept(id=5, name=人事部, createTime=2026-08-20T14:42:59, updateTime=2026-08-20T15:31:03), Dept(id=6, name=释怀部, createTime=2026-08-20T14:42:59, updateTime=2026-08-22T09:19:16), Dept(id=7, name=无忧部, createTime=2026-08-21T22:11, updateTime=2026-08-22T09:17:31), Dept(id=8, name=测试部, createTime=2026-08-22T15:26:31, updateTime=2026-08-22T15:26:31), Dept(id=9, name=无聊部, createTime=2026-08-22T15:28:24, updateTime=2026-08-22T15:28:24), Dept(id=10, name=天才部, createTime=2026-08-22T15:30:30, updateTime=2026-08-22T15:30:30), Dept(id=11, name=罗兰部, createTime=2026-09-02T13:57:35, updateTime=2026-09-02T13:57:35), Dept(id=12, name=天使部, createTime=2026-10-04T20:20:08, updateTime=2026-10-04T20:20:08), Dept(id=13, name=喵喵部, createTime=2026-10-04T20:20:25, updateTime=2026-10-04T20:20:25), Dept(id=14, name=佐佐木部, createTime=2026-10-04T20:20:41, updateTime=2026-10-04T20:20:41), Dept(id=15, name=音乐部, createTime=2026-10-05T16:19:46, updateTime=2026-10-05T16:19:46), Dept(id=16, name=, createTime=2026-10-05T16:41:21, updateTime=2026-10-05T16:41:21), Dept(id=17, name=1, createTime=2026-10-05T17:50:40, updateTime=2026-10-05T17:50:40), Dept(id=18, name=123, createTime=2026-10-05T17:57:49, updateTime=2026-10-05T17:57:49), Dept(id=19, name=342, createTime=2026-10-06T09:38:21, updateTime=2026-10-06T09:38:21), Dept(id=20, name=344, createTime=2026-10-06T09:38:26, updateTime=2026-10-06T09:38:26)]
2026-11-06 11:35:32 [http-nio-8080-exec-9] INFO  com.wudd.controller.DeptController - 接收到部门列表查询
2026-11-06 11:35:33 [http-nio-8080-exec-9] INFO  com.wudd.controller.DeptController - 获取到部门信息：[Dept(id=1, name=学学部, createTime=2026-08-20T14:42:59, updateTime=2026-08-22T15:36:34), Dept(id=2, name=教研部, createTime=2026-08-20T14:42:59, updateTime=2026-08-20T15:31:13), Dept(id=3, name=咨询部, createTime=2026-08-20T14:42:59, updateTime=2026-08-20T15:30:58), Dept(id=4, name=就业部, createTime=2026-08-20T14:42:59, updateTime=2026-08-20T14:42:59), Dept(id=5, name=人事部, createTime=2026-08-20T14:42:59, updateTime=2026-08-20T15:31:03), Dept(id=6, name=释怀部, createTime=2026-08-20T14:42:59, updateTime=2026-08-22T09:19:16), Dept(id=7, name=无忧部, createTime=2026-08-21T22:11, updateTime=2026-08-22T09:17:31), Dept(id=8, name=测试部, createTime=2026-08-22T15:26:31, updateTime=2026-08-22T15:26:31), Dept(id=9, name=无聊部, createTime=2026-08-22T15:28:24, updateTime=2026-08-22T15:28:24), Dept(id=10, name=天才部, createTime=2026-08-22T15:30:30, updateTime=2026-08-22T15:30:30), Dept(id=11, name=罗兰部, createTime=2026-09-02T13:57:35, updateTime=2026-09-02T13:57:35), Dept(id=12, name=天使部, createTime=2026-10-04T20:20:08, updateTime=2026-10-04T20:20:08), Dept(id=13, name=喵喵部, createTime=2026-10-04T20:20:25, updateTime=2026-10-04T20:20:25), Dept(id=14, name=佐佐木部, createTime=2026-10-04T20:20:41, updateTime=2026-10-04T20:20:41), Dept(id=15, name=音乐部, createTime=2026-10-05T16:19:46, updateTime=2026-10-05T16:19:46), Dept(id=16, name=, createTime=2026-10-05T16:41:21, updateTime=2026-10-05T16:41:21), Dept(id=17, name=1, createTime=2026-10-05T17:50:40, updateTime=2026-10-05T17:50:40), Dept(id=18, name=123, createTime=2026-10-05T17:57:49, updateTime=2026-10-05T17:57:49), Dept(id=19, name=342, createTime=2026-10-06T09:38:21, updateTime=2026-10-06T09:38:21), Dept(id=20, name=344, createTime=2026-10-06T09:38:26, updateTime=2026-10-06T09:38:26)]
2026-12-06 12:03:34 [SpringApplicationShutdownHook] INFO  org.springframework.boot.tomcat.GracefulShutdown - Commencing graceful shutdown. Waiting for active requests to complete
2026-12-06 12:03:34 [tomcat-shutdown] INFO  org.springframework.boot.tomcat.GracefulShutdown - Graceful shutdown complete
2026-12-06 12:03:34 [SpringApplicationShutdownHook] INFO  com.zaxxer.hikari.HikariDataSource - HikariPool-1 - Shutdown initiated...
2026-12-06 12:03:34 [SpringApplicationShutdownHook] INFO  com.zaxxer.hikari.HikariDataSource - HikariPool-1 - Shutdown completed.
2026-12-06 12:10:29 [main] INFO  com.wudd.TliasServerApplication - Starting TliasServerApplication using Java 21.0.12 with PID 22684 (D:\10_Code\complete-project\Complete-Tlias\tlias-server\target\classes started by wudd in D:\10_Code\complete-project\Complete-Tlias\tlias-server)
2026-12-06 12:10:29 [main] DEBUG com.wudd.TliasServerApplication - Running with Spring Boot v4.0.8, Spring v7.0.9
2026-12-06 12:10:29 [main] INFO  com.wudd.TliasServerApplication - No active profile set, falling back to 1 default profile: "default"
2026-12-06 12:10:30 [main] INFO  org.springframework.boot.tomcat.TomcatWebServer - Tomcat initialized with port 8080 (http)
2026-12-06 12:10:30 [main] INFO  org.apache.coyote.http11.Http11NioProtocol - Initializing ProtocolHandler ["http-nio-8080"]
2026-12-06 12:10:30 [main] INFO  org.apache.catalina.core.StandardService - Starting service [Tomcat]
2026-12-06 12:10:30 [main] INFO  org.apache.catalina.core.StandardEngine - Starting Servlet engine: [Apache Tomcat/11.0.24]
2026-12-06 12:10:30 [main] INFO  o.s.b.w.c.servlet.WebApplicationContextInitializer - Root WebApplicationContext: initialization completed in 617 ms
2026-12-06 12:10:30 [main] INFO  org.apache.coyote.http11.Http11NioProtocol - Starting ProtocolHandler ["http-nio-8080"]
2026-12-06 12:10:30 [main] INFO  org.springframework.boot.tomcat.TomcatWebServer - Tomcat started on port 8080 (http) with context path '/'
2026-12-06 12:10:30 [main] INFO  com.wudd.TliasServerApplication - Started TliasServerApplication in 1.349 seconds (process running for 1.929)
2026-12-06 12:10:36 [http-nio-8080-exec-1] INFO  o.a.c.core.ContainerBase.[Tomcat].[localhost].[/] - Initializing Spring DispatcherServlet 'dispatcherServlet'
2026-12-06 12:10:36 [http-nio-8080-exec-1] INFO  org.springframework.web.servlet.DispatcherServlet - Initializing Servlet 'dispatcherServlet'
2026-12-06 12:10:36 [http-nio-8080-exec-1] INFO  org.springframework.web.servlet.DispatcherServlet - Completed initialization in 2 ms
2026-12-06 12:10:36 [http-nio-8080-exec-1] INFO  com.wudd.controller.DeptController - 接收到部门列表查询
2026-12-06 12:10:36 [http-nio-8080-exec-1] INFO  com.zaxxer.hikari.HikariDataSource - HikariPool-1 - Starting...
2026-12-06 12:10:37 [http-nio-8080-exec-1] INFO  com.zaxxer.hikari.pool.HikariPool - HikariPool-1 - Added connection com.mysql.cj.jdbc.ConnectionImpl@19f26b5f
2026-12-06 12:10:37 [http-nio-8080-exec-1] INFO  com.zaxxer.hikari.HikariDataSource - HikariPool-1 - Start completed.
2026-12-06 12:10:37 [http-nio-8080-exec-1] INFO  com.wudd.controller.DeptController - 获取到部门信息：[Dept(id=1, name=学学部, createTime=2026-08-20T14:42:59, updateTime=2026-08-22T15:36:34), Dept(id=2, name=教研部, createTime=2026-08-20T14:42:59, updateTime=2026-08-20T15:31:13), Dept(id=3, name=咨询部, createTime=2026-08-20T14:42:59, updateTime=2026-08-20T15:30:58), Dept(id=4, name=就业部, createTime=2026-08-20T14:42:59, updateTime=2026-08-20T14:42:59), Dept(id=5, name=人事部, createTime=2026-08-20T14:42:59, updateTime=2026-08-20T15:31:03), Dept(id=6, name=释怀部, createTime=2026-08-20T14:42:59, updateTime=2026-08-22T09:19:16), Dept(id=7, name=无忧部, createTime=2026-08-21T22:11, updateTime=2026-08-22T09:17:31), Dept(id=8, name=测试部, createTime=2026-08-22T15:26:31, updateTime=2026-08-22T15:26:31), Dept(id=9, name=无聊部, createTime=2026-08-22T15:28:24, updateTime=2026-08-22T15:28:24), Dept(id=10, name=天才部, createTime=2026-08-22T15:30:30, updateTime=2026-08-22T15:30:30), Dept(id=11, name=罗兰部, createTime=2026-09-02T13:57:35, updateTime=2026-09-02T13:57:35), Dept(id=12, name=天使部, createTime=2026-10-04T20:20:08, updateTime=2026-10-04T20:20:08), Dept(id=13, name=喵喵部, createTime=2026-10-04T20:20:25, updateTime=2026-10-04T20:20:25), Dept(id=14, name=佐佐木部, createTime=2026-10-04T20:20:41, updateTime=2026-10-04T20:20:41), Dept(id=15, name=音乐部, createTime=2026-10-05T16:19:46, updateTime=2026-10-05T16:19:46), Dept(id=16, name=, createTime=2026-10-05T16:41:21, updateTime=2026-10-05T16:41:21), Dept(id=17, name=1, createTime=2026-10-05T17:50:40, updateTime=2026-10-05T17:50:40), Dept(id=18, name=123, createTime=2026-10-05T17:57:49, updateTime=2026-10-05T17:57:49), Dept(id=19, name=342, createTime=2026-10-06T09:38:21, updateTime=2026-10-06T09:38:21), Dept(id=20, name=344, createTime=2026-10-06T09:38:26, updateTime=2026-10-06T09:38:26)]
2026-12-06 12:13:07 [http-nio-8080-exec-2] INFO  com.wudd.controller.DeptController - 接收到部门列表查询
2026-12-06 12:13:07 [http-nio-8080-exec-2] INFO  com.wudd.controller.DeptController - 获取到部门信息：[Dept(id=1, name=学学部, createTime=2026-08-20T14:42:59, updateTime=2026-08-22T15:36:34), Dept(id=2, name=教研部, createTime=2026-08-20T14:42:59, updateTime=2026-08-20T15:31:13), Dept(id=3, name=咨询部, createTime=2026-08-20T14:42:59, updateTime=2026-08-20T15:30:58), Dept(id=4, name=就业部, createTime=2026-08-20T14:42:59, updateTime=2026-08-20T14:42:59), Dept(id=5, name=人事部, createTime=2026-08-20T14:42:59, updateTime=2026-08-20T15:31:03), Dept(id=6, name=释怀部, createTime=2026-08-20T14:42:59, updateTime=2026-08-22T09:19:16), Dept(id=7, name=无忧部, createTime=2026-08-21T22:11, updateTime=2026-08-22T09:17:31), Dept(id=8, name=测试部, createTime=2026-08-22T15:26:31, updateTime=2026-08-22T15:26:31), Dept(id=9, name=无聊部, createTime=2026-08-22T15:28:24, updateTime=2026-08-22T15:28:24), Dept(id=10, name=天才部, createTime=2026-08-22T15:30:30, updateTime=2026-08-22T15:30:30), Dept(id=11, name=罗兰部, createTime=2026-09-02T13:57:35, updateTime=2026-09-02T13:57:35), Dept(id=12, name=天使部, createTime=2026-10-04T20:20:08, updateTime=2026-10-04T20:20:08), Dept(id=13, name=喵喵部, createTime=2026-10-04T20:20:25, updateTime=2026-10-04T20:20:25), Dept(id=14, name=佐佐木部, createTime=2026-10-04T20:20:41, updateTime=2026-10-04T20:20:41), Dept(id=15, name=音乐部, createTime=2026-10-05T16:19:46, updateTime=2026-10-05T16:19:46), Dept(id=16, name=, createTime=2026-10-05T16:41:21, updateTime=2026-10-05T16:41:21), Dept(id=17, name=1, createTime=2026-10-05T17:50:40, updateTime=2026-10-05T17:50:40), Dept(id=18, name=123, createTime=2026-10-05T17:57:49, updateTime=2026-10-05T17:57:49), Dept(id=19, name=342, createTime=2026-10-06T09:38:21, updateTime=2026-10-06T09:38:21), Dept(id=20, name=344, createTime=2026-10-06T09:38:26, updateTime=2026-10-06T09:38:26)]
2026-12-06 12:21:44 [SpringApplicationShutdownHook] INFO  org.springframework.boot.tomcat.GracefulShutdown - Commencing graceful shutdown. Waiting for active requests to complete
2026-12-06 12:21:44 [tomcat-shutdown] INFO  org.springframework.boot.tomcat.GracefulShutdown - Graceful shutdown complete
2026-12-06 12:21:44 [SpringApplicationShutdownHook] INFO  com.zaxxer.hikari.HikariDataSource - HikariPool-1 - Shutdown initiated...
2026-12-06 12:21:44 [SpringApplicationShutdownHook] INFO  com.zaxxer.hikari.HikariDataSource - HikariPool-1 - Shutdown completed.
2026-12-06 12:21:48 [main] INFO  com.wudd.TliasServerApplication - Starting TliasServerApplication using Java 21.0.12 with PID 34072 (D:\10_Code\complete-project\Complete-Tlias\tlias-server\target\classes started by wudd in D:\10_Code\complete-project\Complete-Tlias\tlias-server)
2026-12-06 12:21:48 [main] DEBUG com.wudd.TliasServerApplication - Running with Spring Boot v4.0.8, Spring v7.0.9
2026-12-06 12:21:48 [main] INFO  com.wudd.TliasServerApplication - No active profile set, falling back to 1 default profile: "default"
2026-12-06 12:21:48 [main] INFO  org.springframework.boot.tomcat.TomcatWebServer - Tomcat initialized with port 8080 (http)
2026-12-06 12:21:48 [main] INFO  org.apache.coyote.http11.Http11NioProtocol - Initializing ProtocolHandler ["http-nio-8080"]
2026-12-06 12:21:48 [main] INFO  org.apache.catalina.core.StandardService - Starting service [Tomcat]
2026-12-06 12:21:48 [main] INFO  org.apache.catalina.core.StandardEngine - Starting Servlet engine: [Apache Tomcat/11.0.24]
2026-12-06 12:21:48 [main] INFO  o.s.b.w.c.servlet.WebApplicationContextInitializer - Root WebApplicationContext: initialization completed in 495 ms
2026-12-06 12:21:48 [main] INFO  org.apache.coyote.http11.Http11NioProtocol - Starting ProtocolHandler ["http-nio-8080"]
2026-12-06 12:21:49 [main] INFO  org.springframework.boot.tomcat.TomcatWebServer - Tomcat started on port 8080 (http) with context path '/'
2026-12-06 12:21:49 [main] INFO  com.wudd.TliasServerApplication - Started TliasServerApplication in 1.113 seconds (process running for 1.486)
2026-12-06 12:21:55 [http-nio-8080-exec-1] INFO  o.a.c.core.ContainerBase.[Tomcat].[localhost].[/] - Initializing Spring DispatcherServlet 'dispatcherServlet'
2026-12-06 12:21:55 [http-nio-8080-exec-1] INFO  org.springframework.web.servlet.DispatcherServlet - Initializing Servlet 'dispatcherServlet'
2026-12-06 12:21:55 [http-nio-8080-exec-1] INFO  org.springframework.web.servlet.DispatcherServlet - Completed initialization in 0 ms
2026-12-06 12:21:55 [http-nio-8080-exec-1] INFO  com.zaxxer.hikari.HikariDataSource - HikariPool-1 - Starting...
2026-12-06 12:21:55 [http-nio-8080-exec-1] INFO  com.zaxxer.hikari.pool.HikariPool - HikariPool-1 - Added connection com.mysql.cj.jdbc.ConnectionImpl@7d736d8e
2026-12-06 12:21:55 [http-nio-8080-exec-1] INFO  com.zaxxer.hikari.HikariDataSource - HikariPool-1 - Start completed.
2026-12-06 12:23:27 [http-nio-8080-exec-8] INFO  com.wudd.controller.DeptController - 接收到部门列表查询
2026-12-06 12:23:27 [http-nio-8080-exec-8] INFO  com.wudd.controller.DeptController - 获取到部门信息：[Dept(id=1, name=学学部, createTime=2026-08-20T14:42:59, updateTime=2026-08-22T15:36:34), Dept(id=2, name=教研部, createTime=2026-08-20T14:42:59, updateTime=2026-08-20T15:31:13), Dept(id=3, name=咨询部, createTime=2026-08-20T14:42:59, updateTime=2026-08-20T15:30:58), Dept(id=4, name=就业部, createTime=2026-08-20T14:42:59, updateTime=2026-08-20T14:42:59), Dept(id=5, name=人事部, createTime=2026-08-20T14:42:59, updateTime=2026-08-20T15:31:03), Dept(id=6, name=释怀部, createTime=2026-08-20T14:42:59, updateTime=2026-08-22T09:19:16), Dept(id=7, name=无忧部, createTime=2026-08-21T22:11, updateTime=2026-08-22T09:17:31), Dept(id=8, name=测试部, createTime=2026-08-22T15:26:31, updateTime=2026-08-22T15:26:31), Dept(id=9, name=无聊部, createTime=2026-08-22T15:28:24, updateTime=2026-08-22T15:28:24), Dept(id=10, name=天才部, createTime=2026-08-22T15:30:30, updateTime=2026-08-22T15:30:30), Dept(id=11, name=罗兰部, createTime=2026-09-02T13:57:35, updateTime=2026-09-02T13:57:35), Dept(id=12, name=天使部, createTime=2026-10-04T20:20:08, updateTime=2026-10-04T20:20:08), Dept(id=13, name=喵喵部, createTime=2026-10-04T20:20:25, updateTime=2026-10-04T20:20:25), Dept(id=14, name=佐佐木部, createTime=2026-10-04T20:20:41, updateTime=2026-10-04T20:20:41), Dept(id=15, name=音乐部, createTime=2026-10-05T16:19:46, updateTime=2026-10-05T16:19:46), Dept(id=16, name=, createTime=2026-10-05T16:41:21, updateTime=2026-10-05T16:41:21), Dept(id=17, name=1, createTime=2026-10-05T17:50:40, updateTime=2026-10-05T17:50:40), Dept(id=18, name=123, createTime=2026-10-05T17:57:49, updateTime=2026-10-05T17:57:49), Dept(id=19, name=342, createTime=2026-10-06T09:38:21, updateTime=2026-10-06T09:38:21), Dept(id=20, name=344, createTime=2026-10-06T09:38:26, updateTime=2026-10-06T09:38:26)]
2026-12-06 12:23:49 [http-nio-8080-exec-3] ERROR o.a.c.c.C.[.[localhost].[/].[dispatcherServlet] - Servlet.service() for servlet [dispatcherServlet] in context with path [] threw exception [Request processing failed: org.springframework.dao.DuplicateKeyException: 
### Error updating database.  Cause: java.sql.SQLIntegrityConstraintViolationException: Duplicate entry '四个一' for key 'dept.dept_name'
### The error may exist in com/wudd/mapper/DeptMapper.java (best guess)
### The error may involve com.wudd.mapper.DeptMapper.updateDept-Inline
### The error occurred while setting parameters
### SQL: update dept set name=?, update_time=?
### Cause: java.sql.SQLIntegrityConstraintViolationException: Duplicate entry '四个一' for key 'dept.dept_name'
; Duplicate entry '四个一' for key 'dept.dept_name'] with root cause
java.sql.SQLIntegrityConstraintViolationException: Duplicate entry '四个一' for key 'dept.dept_name'
	at com.mysql.cj.jdbc.exceptions.SQLError.createSQLException(SQLError.java:109)
	at com.mysql.cj.jdbc.exceptions.SQLExceptionsMapping.translateException(SQLExceptionsMapping.java:114)
	at com.mysql.cj.jdbc.ClientPreparedStatement.executeInternal(ClientPreparedStatement.java:988)
	at com.mysql.cj.jdbc.ClientPreparedStatement.execute(ClientPreparedStatement.java:383)
	at com.zaxxer.hikari.pool.ProxyPreparedStatement.execute(ProxyPreparedStatement.java:44)
	at com.zaxxer.hikari.pool.HikariProxyPreparedStatement.execute(HikariProxyPreparedStatement.java)
	at java.base/jdk.internal.reflect.DirectMethodHandleAccessor.invoke(DirectMethodHandleAccessor.java:103)
	at java.base/java.lang.reflect.Method.invoke(Method.java:580)
	at org.apache.ibatis.logging.jdbc.PreparedStatementLogger.invoke(PreparedStatementLogger.java:58)
	at jdk.proxy3/jdk.proxy3.$Proxy81.execute(Unknown Source)
	at org.apache.ibatis.executor.statement.PreparedStatementHandler.update(PreparedStatementHandler.java:48)
	at org.apache.ibatis.executor.statement.RoutingStatementHandler.update(RoutingStatementHandler.java:75)
	at org.apache.ibatis.executor.SimpleExecutor.doUpdate(SimpleExecutor.java:50)
	at org.apache.ibatis.executor.BaseExecutor.update(BaseExecutor.java:117)
	at org.apache.ibatis.executor.CachingExecutor.update(CachingExecutor.java:76)
	at org.apache.ibatis.session.defaults.DefaultSqlSession.update(DefaultSqlSession.java:197)
	at java.base/jdk.internal.reflect.DirectMethodHandleAccessor.invoke(DirectMethodHandleAccessor.java:103)
	at java.base/java.lang.reflect.Method.invoke(Method.java:580)
	at org.mybatis.spring.SqlSessionTemplate$SqlSessionInterceptor.invoke(SqlSessionTemplate.java:348)
	at jdk.proxy2/jdk.proxy2.$Proxy69.update(Unknown Source)
	at org.mybatis.spring.SqlSessionTemplate.update(SqlSessionTemplate.java:249)
	at org.apache.ibatis.binding.MapperMethod.execute(MapperMethod.java:67)
	at org.apache.ibatis.binding.MapperProxy$PlainMethodInvoker.invoke(MapperProxy.java:141)
	at org.apache.ibatis.binding.MapperProxy.invoke(MapperProxy.java:86)
	at jdk.proxy2/jdk.proxy2.$Proxy73.updateDept(Unknown Source)
	at com.wudd.server.impl.DeptServerImpl.updateDept(DeptServerImpl.java:54)
	at com.wudd.controller.DeptController.updateDept(DeptController.java:49)
	at java.base/jdk.internal.reflect.DirectMethodHandleAccessor.invoke(DirectMethodHandleAccessor.java:103)
	at java.base/java.lang.reflect.Method.invoke(Method.java:580)
	at org.springframework.web.method.support.InvocableHandlerMethod.doInvoke(InvocableHandlerMethod.java:252)
	at org.springframework.web.method.support.InvocableHandlerMethod.invokeForRequest(InvocableHandlerMethod.java:184)
	at org.springframework.web.servlet.mvc.method.annotation.ServletInvocableHandlerMethod.invokeAndHandle(ServletInvocableHandlerMethod.java:117)
	at org.springframework.web.servlet.mvc.method.annotation.RequestMappingHandlerAdapter.invokeHandlerMethod(RequestMappingHandlerAdapter.java:934)
	at org.springframework.web.servlet.mvc.method.annotation.RequestMappingHandlerAdapter.handleInternal(RequestMappingHandlerAdapter.java:853)
	at org.springframework.web.servlet.mvc.method.AbstractHandlerMethodAdapter.handle(AbstractHandlerMethodAdapter.java:86)
	at org.springframework.web.servlet.DispatcherServlet.doDispatch(DispatcherServlet.java:963)
	at org.springframework.web.servlet.DispatcherServlet.doService(DispatcherServlet.java:866)
	at org.springframework.web.servlet.FrameworkServlet.processRequest(FrameworkServlet.java:1000)
	at org.springframework.web.servlet.FrameworkServlet.doPut(FrameworkServlet.java:914)
	at jakarta.servlet.http.HttpServlet.service(HttpServlet.java:650)
	at org.springframework.web.servlet.FrameworkServlet.service(FrameworkServlet.java:874)
	at jakarta.servlet.http.HttpServlet.service(HttpServlet.java:710)
	at org.apache.catalina.core.ApplicationFilterChain.doFilter(ApplicationFilterChain.java:132)
	at org.apache.tomcat.websocket.server.WsFilter.doFilter(WsFilter.java:59)
	at org.apache.catalina.core.ApplicationFilterChain.doFilter(ApplicationFilterChain.java:111)
	at org.springframework.web.filter.RequestContextFilter.doFilterInternal(RequestContextFilter.java:100)
	at org.springframework.web.filter.OncePerRequestFilter.doFilter(OncePerRequestFilter.java:116)
	at org.apache.catalina.core.ApplicationFilterChain.doFilter(ApplicationFilterChain.java:111)
	at org.springframework.web.filter.FormContentFilter.doFilterInternal(FormContentFilter.java:93)
	at org.springframework.web.filter.OncePerRequestFilter.doFilter(OncePerRequestFilter.java:116)
	at org.apache.catalina.core.ApplicationFilterChain.doFilter(ApplicationFilterChain.java:111)
	at org.springframework.web.filter.CharacterEncodingFilter.doFilterInternal(CharacterEncodingFilter.java:199)
	at org.springframework.web.filter.OncePerRequestFilter.doFilter(OncePerRequestFilter.java:116)
	at org.apache.catalina.core.ApplicationFilterChain.doFilter(ApplicationFilterChain.java:111)
	at org.apache.catalina.core.StandardWrapperValve.invoke(StandardWrapperValve.java:165)
	at org.apache.catalina.core.StandardContextValve.invoke(StandardContextValve.java:77)
	at org.apache.catalina.authenticator.AuthenticatorBase.invoke(AuthenticatorBase.java:535)
	at org.apache.catalina.core.StandardHostValve.invoke(StandardHostValve.java:115)
	at org.apache.catalina.valves.ErrorReportValve.invoke(ErrorReportValve.java:86)
	at org.apache.catalina.core.StandardEngineValve.invoke(StandardEngineValve.java:71)
	at org.apache.catalina.connector.CoyoteAdapter.service(CoyoteAdapter.java:347)
	at org.apache.coyote.http11.Http11Processor.service(Http11Processor.java:406)
	at org.apache.coyote.AbstractProcessorLight.process(AbstractProcessorLight.java:71)
	at org.apache.coyote.AbstractProtocol$ConnectionHandler.process(AbstractProtocol.java:1307)
	at org.apache.tomcat.util.net.NioEndpoint$SocketProcessor.doRun(NioEndpoint.java:2036)
	at org.apache.tomcat.util.net.SocketProcessorBase.run(SocketProcessorBase.java:74)
	at org.apache.tomcat.util.threads.ThreadPoolExecutor.runWorker(ThreadPoolExecutor.java:949)
	at org.apache.tomcat.util.threads.ThreadPoolExecutor$Worker.run(ThreadPoolExecutor.java:483)
	at org.apache.tomcat.util.threads.TaskThread$WrappingRunnable.run(TaskThread.java:74)
	at java.base/java.lang.Thread.run(Thread.java:1583)
2026-12-06 12:24:37 [http-nio-8080-exec-5] ERROR o.a.c.c.C.[.[localhost].[/].[dispatcherServlet] - Servlet.service() for servlet [dispatcherServlet] in context with path [] threw exception [Request processing failed: org.springframework.dao.DuplicateKeyException: 
### Error updating database.  Cause: java.sql.SQLIntegrityConstraintViolationException: Duplicate entry '321' for key 'dept.dept_name'
### The error may exist in com/wudd/mapper/DeptMapper.java (best guess)
### The error may involve com.wudd.mapper.DeptMapper.updateDept-Inline
### The error occurred while setting parameters
### SQL: update dept set name=?, update_time=?
### Cause: java.sql.SQLIntegrityConstraintViolationException: Duplicate entry '321' for key 'dept.dept_name'
; Duplicate entry '321' for key 'dept.dept_name'] with root cause
java.sql.SQLIntegrityConstraintViolationException: Duplicate entry '321' for key 'dept.dept_name'
	at com.mysql.cj.jdbc.exceptions.SQLError.createSQLException(SQLError.java:109)
	at com.mysql.cj.jdbc.exceptions.SQLExceptionsMapping.translateException(SQLExceptionsMapping.java:114)
	at com.mysql.cj.jdbc.ClientPreparedStatement.executeInternal(ClientPreparedStatement.java:988)
	at com.mysql.cj.jdbc.ClientPreparedStatement.execute(ClientPreparedStatement.java:383)
	at com.zaxxer.hikari.pool.ProxyPreparedStatement.execute(ProxyPreparedStatement.java:44)
	at com.zaxxer.hikari.pool.HikariProxyPreparedStatement.execute(HikariProxyPreparedStatement.java)
	at java.base/jdk.internal.reflect.DirectMethodHandleAccessor.invoke(DirectMethodHandleAccessor.java:103)
	at java.base/java.lang.reflect.Method.invoke(Method.java:580)
	at org.apache.ibatis.logging.jdbc.PreparedStatementLogger.invoke(PreparedStatementLogger.java:58)
	at jdk.proxy3/jdk.proxy3.$Proxy81.execute(Unknown Source)
	at org.apache.ibatis.executor.statement.PreparedStatementHandler.update(PreparedStatementHandler.java:48)
	at org.apache.ibatis.executor.statement.RoutingStatementHandler.update(RoutingStatementHandler.java:75)
	at org.apache.ibatis.executor.SimpleExecutor.doUpdate(SimpleExecutor.java:50)
	at org.apache.ibatis.executor.BaseExecutor.update(BaseExecutor.java:117)
	at org.apache.ibatis.executor.CachingExecutor.update(CachingExecutor.java:76)
	at org.apache.ibatis.session.defaults.DefaultSqlSession.update(DefaultSqlSession.java:197)
	at java.base/jdk.internal.reflect.DirectMethodHandleAccessor.invoke(DirectMethodHandleAccessor.java:103)
	at java.base/java.lang.reflect.Method.invoke(Method.java:580)
	at org.mybatis.spring.SqlSessionTemplate$SqlSessionInterceptor.invoke(SqlSessionTemplate.java:348)
	at jdk.proxy2/jdk.proxy2.$Proxy69.update(Unknown Source)
	at org.mybatis.spring.SqlSessionTemplate.update(SqlSessionTemplate.java:249)
	at org.apache.ibatis.binding.MapperMethod.execute(MapperMethod.java:67)
	at org.apache.ibatis.binding.MapperProxy$PlainMethodInvoker.invoke(MapperProxy.java:141)
	at org.apache.ibatis.binding.MapperProxy.invoke(MapperProxy.java:86)
	at jdk.proxy2/jdk.proxy2.$Proxy73.updateDept(Unknown Source)
	at com.wudd.server.impl.DeptServerImpl.updateDept(DeptServerImpl.java:54)
	at com.wudd.controller.DeptController.updateDept(DeptController.java:49)
	at java.base/jdk.internal.reflect.DirectMethodHandleAccessor.invoke(DirectMethodHandleAccessor.java:103)
	at java.base/java.lang.reflect.Method.invoke(Method.java:580)
	at org.springframework.web.method.support.InvocableHandlerMethod.doInvoke(InvocableHandlerMethod.java:252)
	at org.springframework.web.method.support.InvocableHandlerMethod.invokeForRequest(InvocableHandlerMethod.java:184)
	at org.springframework.web.servlet.mvc.method.annotation.ServletInvocableHandlerMethod.invokeAndHandle(ServletInvocableHandlerMethod.java:117)
	at org.springframework.web.servlet.mvc.method.annotation.RequestMappingHandlerAdapter.invokeHandlerMethod(RequestMappingHandlerAdapter.java:934)
	at org.springframework.web.servlet.mvc.method.annotation.RequestMappingHandlerAdapter.handleInternal(RequestMappingHandlerAdapter.java:853)
	at org.springframework.web.servlet.mvc.method.AbstractHandlerMethodAdapter.handle(AbstractHandlerMethodAdapter.java:86)
	at org.springframework.web.servlet.DispatcherServlet.doDispatch(DispatcherServlet.java:963)
	at org.springframework.web.servlet.DispatcherServlet.doService(DispatcherServlet.java:866)
	at org.springframework.web.servlet.FrameworkServlet.processRequest(FrameworkServlet.java:1000)
	at org.springframework.web.servlet.FrameworkServlet.doPut(FrameworkServlet.java:914)
	at jakarta.servlet.http.HttpServlet.service(HttpServlet.java:650)
	at org.springframework.web.servlet.FrameworkServlet.service(FrameworkServlet.java:874)
	at jakarta.servlet.http.HttpServlet.service(HttpServlet.java:710)
	at org.apache.catalina.core.ApplicationFilterChain.doFilter(ApplicationFilterChain.java:132)
	at org.apache.tomcat.websocket.server.WsFilter.doFilter(WsFilter.java:59)
	at org.apache.catalina.core.ApplicationFilterChain.doFilter(ApplicationFilterChain.java:111)
	at org.springframework.web.filter.RequestContextFilter.doFilterInternal(RequestContextFilter.java:100)
	at org.springframework.web.filter.OncePerRequestFilter.doFilter(OncePerRequestFilter.java:116)
	at org.apache.catalina.core.ApplicationFilterChain.doFilter(ApplicationFilterChain.java:111)
	at org.springframework.web.filter.FormContentFilter.doFilterInternal(FormContentFilter.java:93)
	at org.springframework.web.filter.OncePerRequestFilter.doFilter(OncePerRequestFilter.java:116)
	at org.apache.catalina.core.ApplicationFilterChain.doFilter(ApplicationFilterChain.java:111)
	at org.springframework.web.filter.CharacterEncodingFilter.doFilterInternal(CharacterEncodingFilter.java:199)
	at org.springframework.web.filter.OncePerRequestFilter.doFilter(OncePerRequestFilter.java:116)
	at org.apache.catalina.core.ApplicationFilterChain.doFilter(ApplicationFilterChain.java:111)
	at org.apache.catalina.core.StandardWrapperValve.invoke(StandardWrapperValve.java:165)
	at org.apache.catalina.core.StandardContextValve.invoke(StandardContextValve.java:77)
	at org.apache.catalina.authenticator.AuthenticatorBase.invoke(AuthenticatorBase.java:535)
	at org.apache.catalina.core.StandardHostValve.invoke(StandardHostValve.java:115)
	at org.apache.catalina.valves.ErrorReportValve.invoke(ErrorReportValve.java:86)
	at org.apache.catalina.core.StandardEngineValve.invoke(StandardEngineValve.java:71)
	at org.apache.catalina.connector.CoyoteAdapter.service(CoyoteAdapter.java:347)
	at org.apache.coyote.http11.Http11Processor.service(Http11Processor.java:406)
	at org.apache.coyote.AbstractProcessorLight.process(AbstractProcessorLight.java:71)
	at org.apache.coyote.AbstractProtocol$ConnectionHandler.process(AbstractProtocol.java:1307)
	at org.apache.tomcat.util.net.NioEndpoint$SocketProcessor.doRun(NioEndpoint.java:2036)
	at org.apache.tomcat.util.net.SocketProcessorBase.run(SocketProcessorBase.java:74)
	at org.apache.tomcat.util.threads.ThreadPoolExecutor.runWorker(ThreadPoolExecutor.java:949)
	at org.apache.tomcat.util.threads.ThreadPoolExecutor$Worker.run(ThreadPoolExecutor.java:483)
	at org.apache.tomcat.util.threads.TaskThread$WrappingRunnable.run(TaskThread.java:74)
	at java.base/java.lang.Thread.run(Thread.java:1583)
2026-12-06 12:25:46 [SpringApplicationShutdownHook] INFO  org.springframework.boot.tomcat.GracefulShutdown - Commencing graceful shutdown. Waiting for active requests to complete
2026-12-06 12:25:46 [tomcat-shutdown] INFO  org.springframework.boot.tomcat.GracefulShutdown - Graceful shutdown complete
2026-12-06 12:25:46 [SpringApplicationShutdownHook] INFO  com.zaxxer.hikari.HikariDataSource - HikariPool-1 - Shutdown initiated...
2026-12-06 12:25:46 [SpringApplicationShutdownHook] INFO  com.zaxxer.hikari.HikariDataSource - HikariPool-1 - Shutdown completed.
2026-12-06 12:25:48 [main] INFO  com.wudd.TliasServerApplication - Starting TliasServerApplication using Java 21.0.12 with PID 9764 (D:\10_Code\complete-project\Complete-Tlias\tlias-server\target\classes started by wudd in D:\10_Code\complete-project\Complete-Tlias\tlias-server)
2026-12-06 12:25:48 [main] DEBUG com.wudd.TliasServerApplication - Running with Spring Boot v4.0.8, Spring v7.0.9
2026-12-06 12:25:48 [main] INFO  com.wudd.TliasServerApplication - No active profile set, falling back to 1 default profile: "default"
2026-12-06 12:25:48 [main] INFO  org.springframework.boot.tomcat.TomcatWebServer - Tomcat initialized with port 8080 (http)
2026-12-06 12:25:48 [main] INFO  org.apache.coyote.http11.Http11NioProtocol - Initializing ProtocolHandler ["http-nio-8080"]
2026-12-06 12:25:48 [main] INFO  org.apache.catalina.core.StandardService - Starting service [Tomcat]
2026-12-06 12:25:48 [main] INFO  org.apache.catalina.core.StandardEngine - Starting Servlet engine: [Apache Tomcat/11.0.24]
2026-12-06 12:25:48 [main] INFO  o.s.b.w.c.servlet.WebApplicationContextInitializer - Root WebApplicationContext: initialization completed in 532 ms
2026-12-06 12:25:49 [main] INFO  org.apache.coyote.http11.Http11NioProtocol - Starting ProtocolHandler ["http-nio-8080"]
2026-12-06 12:25:49 [main] INFO  org.springframework.boot.tomcat.TomcatWebServer - Tomcat started on port 8080 (http) with context path '/'
2026-12-06 12:25:49 [main] INFO  com.wudd.TliasServerApplication - Started TliasServerApplication in 1.18 seconds (process running for 1.579)
2026-12-06 12:26:43 [http-nio-8080-exec-4] INFO  o.a.c.core.ContainerBase.[Tomcat].[localhost].[/] - Initializing Spring DispatcherServlet 'dispatcherServlet'
2026-12-06 12:26:43 [http-nio-8080-exec-4] INFO  org.springframework.web.servlet.DispatcherServlet - Initializing Servlet 'dispatcherServlet'
2026-12-06 12:26:43 [http-nio-8080-exec-4] INFO  org.springframework.web.servlet.DispatcherServlet - Completed initialization in 3 ms
2026-12-06 12:26:43 [http-nio-8080-exec-4] INFO  com.wudd.controller.DeptController - 接收到部门列表查询
2026-12-06 12:26:43 [http-nio-8080-exec-4] INFO  com.zaxxer.hikari.HikariDataSource - HikariPool-1 - Starting...
2026-12-06 12:26:43 [http-nio-8080-exec-4] INFO  com.zaxxer.hikari.pool.HikariPool - HikariPool-1 - Added connection com.mysql.cj.jdbc.ConnectionImpl@2cded80c
2026-12-06 12:26:43 [http-nio-8080-exec-4] INFO  com.zaxxer.hikari.HikariDataSource - HikariPool-1 - Start completed.
2026-12-06 12:26:43 [http-nio-8080-exec-4] INFO  com.wudd.controller.DeptController - 获取到部门信息：[Dept(id=1, name=学学部, createTime=2026-08-20T14:42:59, updateTime=2026-08-22T15:36:34), Dept(id=2, name=教研部, createTime=2026-08-20T14:42:59, updateTime=2026-08-20T15:31:13), Dept(id=3, name=咨询部, createTime=2026-08-20T14:42:59, updateTime=2026-08-20T15:30:58), Dept(id=4, name=就业部, createTime=2026-08-20T14:42:59, updateTime=2026-08-20T14:42:59), Dept(id=5, name=人事部, createTime=2026-08-20T14:42:59, updateTime=2026-08-20T15:31:03), Dept(id=6, name=释怀部, createTime=2026-08-20T14:42:59, updateTime=2026-08-22T09:19:16), Dept(id=7, name=无忧部, createTime=2026-08-21T22:11, updateTime=2026-08-22T09:17:31), Dept(id=8, name=测试部, createTime=2026-08-22T15:26:31, updateTime=2026-08-22T15:26:31), Dept(id=9, name=无聊部, createTime=2026-08-22T15:28:24, updateTime=2026-08-22T15:28:24), Dept(id=10, name=天才部, createTime=2026-08-22T15:30:30, updateTime=2026-08-22T15:30:30), Dept(id=11, name=罗兰部, createTime=2026-09-02T13:57:35, updateTime=2026-09-02T13:57:35), Dept(id=12, name=天使部, createTime=2026-10-04T20:20:08, updateTime=2026-10-04T20:20:08), Dept(id=13, name=喵喵部, createTime=2026-10-04T20:20:25, updateTime=2026-10-04T20:20:25), Dept(id=14, name=佐佐木部, createTime=2026-10-04T20:20:41, updateTime=2026-10-04T20:20:41), Dept(id=15, name=音乐部, createTime=2026-10-05T16:19:46, updateTime=2026-10-05T16:19:46), Dept(id=16, name=, createTime=2026-10-05T16:41:21, updateTime=2026-10-05T16:41:21), Dept(id=17, name=1, createTime=2026-10-05T17:50:40, updateTime=2026-10-05T17:50:40), Dept(id=18, name=123, createTime=2026-10-05T17:57:49, updateTime=2026-10-05T17:57:49), Dept(id=19, name=342, createTime=2026-10-06T09:38:21, updateTime=2026-10-06T09:38:21), Dept(id=20, name=344, createTime=2026-10-06T09:38:26, updateTime=2026-10-06T09:38:26)]
2026-12-06 12:26:53 [http-nio-8080-exec-3] ERROR o.a.c.c.C.[.[localhost].[/].[dispatcherServlet] - Servlet.service() for servlet [dispatcherServlet] in context with path [] threw exception [Request processing failed: org.springframework.dao.DuplicateKeyException: 
### Error updating database.  Cause: java.sql.SQLIntegrityConstraintViolationException: Duplicate entry '321' for key 'dept.dept_name'
### The error may exist in com/wudd/mapper/DeptMapper.java (best guess)
### The error may involve com.wudd.mapper.DeptMapper.updateDept-Inline
### The error occurred while setting parameters
### SQL: update dept set name=?, update_time=?
### Cause: java.sql.SQLIntegrityConstraintViolationException: Duplicate entry '321' for key 'dept.dept_name'
; Duplicate entry '321' for key 'dept.dept_name'] with root cause
java.sql.SQLIntegrityConstraintViolationException: Duplicate entry '321' for key 'dept.dept_name'
	at com.mysql.cj.jdbc.exceptions.SQLError.createSQLException(SQLError.java:109)
	at com.mysql.cj.jdbc.exceptions.SQLExceptionsMapping.translateException(SQLExceptionsMapping.java:114)
	at com.mysql.cj.jdbc.ClientPreparedStatement.executeInternal(ClientPreparedStatement.java:988)
	at com.mysql.cj.jdbc.ClientPreparedStatement.execute(ClientPreparedStatement.java:383)
	at com.zaxxer.hikari.pool.ProxyPreparedStatement.execute(ProxyPreparedStatement.java:44)
	at com.zaxxer.hikari.pool.HikariProxyPreparedStatement.execute(HikariProxyPreparedStatement.java)
	at java.base/jdk.internal.reflect.DirectMethodHandleAccessor.invoke(DirectMethodHandleAccessor.java:103)
	at java.base/java.lang.reflect.Method.invoke(Method.java:580)
	at org.apache.ibatis.logging.jdbc.PreparedStatementLogger.invoke(PreparedStatementLogger.java:58)
	at jdk.proxy3/jdk.proxy3.$Proxy80.execute(Unknown Source)
	at org.apache.ibatis.executor.statement.PreparedStatementHandler.update(PreparedStatementHandler.java:48)
	at org.apache.ibatis.executor.statement.RoutingStatementHandler.update(RoutingStatementHandler.java:75)
	at org.apache.ibatis.executor.SimpleExecutor.doUpdate(SimpleExecutor.java:50)
	at org.apache.ibatis.executor.BaseExecutor.update(BaseExecutor.java:117)
	at org.apache.ibatis.executor.CachingExecutor.update(CachingExecutor.java:76)
	at org.apache.ibatis.session.defaults.DefaultSqlSession.update(DefaultSqlSession.java:197)
	at java.base/jdk.internal.reflect.DirectMethodHandleAccessor.invoke(DirectMethodHandleAccessor.java:103)
	at java.base/java.lang.reflect.Method.invoke(Method.java:580)
	at org.mybatis.spring.SqlSessionTemplate$SqlSessionInterceptor.invoke(SqlSessionTemplate.java:348)
	at jdk.proxy2/jdk.proxy2.$Proxy69.update(Unknown Source)
	at org.mybatis.spring.SqlSessionTemplate.update(SqlSessionTemplate.java:249)
	at org.apache.ibatis.binding.MapperMethod.execute(MapperMethod.java:67)
	at org.apache.ibatis.binding.MapperProxy$PlainMethodInvoker.invoke(MapperProxy.java:141)
	at org.apache.ibatis.binding.MapperProxy.invoke(MapperProxy.java:86)
	at jdk.proxy2/jdk.proxy2.$Proxy73.updateDept(Unknown Source)
	at com.wudd.server.impl.DeptServerImpl.updateDept(DeptServerImpl.java:54)
	at com.wudd.controller.DeptController.updateDept(DeptController.java:49)
	at java.base/jdk.internal.reflect.DirectMethodHandleAccessor.invoke(DirectMethodHandleAccessor.java:103)
	at java.base/java.lang.reflect.Method.invoke(Method.java:580)
	at org.springframework.web.method.support.InvocableHandlerMethod.doInvoke(InvocableHandlerMethod.java:252)
	at org.springframework.web.method.support.InvocableHandlerMethod.invokeForRequest(InvocableHandlerMethod.java:184)
	at org.springframework.web.servlet.mvc.method.annotation.ServletInvocableHandlerMethod.invokeAndHandle(ServletInvocableHandlerMethod.java:117)
	at org.springframework.web.servlet.mvc.method.annotation.RequestMappingHandlerAdapter.invokeHandlerMethod(RequestMappingHandlerAdapter.java:934)
	at org.springframework.web.servlet.mvc.method.annotation.RequestMappingHandlerAdapter.handleInternal(RequestMappingHandlerAdapter.java:853)
	at org.springframework.web.servlet.mvc.method.AbstractHandlerMethodAdapter.handle(AbstractHandlerMethodAdapter.java:86)
	at org.springframework.web.servlet.DispatcherServlet.doDispatch(DispatcherServlet.java:963)
	at org.springframework.web.servlet.DispatcherServlet.doService(DispatcherServlet.java:866)
	at org.springframework.web.servlet.FrameworkServlet.processRequest(FrameworkServlet.java:1000)
	at org.springframework.web.servlet.FrameworkServlet.doPut(FrameworkServlet.java:914)
	at jakarta.servlet.http.HttpServlet.service(HttpServlet.java:650)
	at org.springframework.web.servlet.FrameworkServlet.service(FrameworkServlet.java:874)
	at jakarta.servlet.http.HttpServlet.service(HttpServlet.java:710)
	at org.apache.catalina.core.ApplicationFilterChain.doFilter(ApplicationFilterChain.java:132)
	at org.apache.tomcat.websocket.server.WsFilter.doFilter(WsFilter.java:59)
	at org.apache.catalina.core.ApplicationFilterChain.doFilter(ApplicationFilterChain.java:111)
	at org.springframework.web.filter.RequestContextFilter.doFilterInternal(RequestContextFilter.java:100)
	at org.springframework.web.filter.OncePerRequestFilter.doFilter(OncePerRequestFilter.java:116)
	at org.apache.catalina.core.ApplicationFilterChain.doFilter(ApplicationFilterChain.java:111)
	at org.springframework.web.filter.FormContentFilter.doFilterInternal(FormContentFilter.java:93)
	at org.springframework.web.filter.OncePerRequestFilter.doFilter(OncePerRequestFilter.java:116)
	at org.apache.catalina.core.ApplicationFilterChain.doFilter(ApplicationFilterChain.java:111)
	at org.springframework.web.filter.CharacterEncodingFilter.doFilterInternal(CharacterEncodingFilter.java:199)
	at org.springframework.web.filter.OncePerRequestFilter.doFilter(OncePerRequestFilter.java:116)
	at org.apache.catalina.core.ApplicationFilterChain.doFilter(ApplicationFilterChain.java:111)
	at org.apache.catalina.core.StandardWrapperValve.invoke(StandardWrapperValve.java:165)
	at org.apache.catalina.core.StandardContextValve.invoke(StandardContextValve.java:77)
	at org.apache.catalina.authenticator.AuthenticatorBase.invoke(AuthenticatorBase.java:535)
	at org.apache.catalina.core.StandardHostValve.invoke(StandardHostValve.java:115)
	at org.apache.catalina.valves.ErrorReportValve.invoke(ErrorReportValve.java:86)
	at org.apache.catalina.core.StandardEngineValve.invoke(StandardEngineValve.java:71)
	at org.apache.catalina.connector.CoyoteAdapter.service(CoyoteAdapter.java:347)
	at org.apache.coyote.http11.Http11Processor.service(Http11Processor.java:406)
	at org.apache.coyote.AbstractProcessorLight.process(AbstractProcessorLight.java:71)
	at org.apache.coyote.AbstractProtocol$ConnectionHandler.process(AbstractProtocol.java:1307)
	at org.apache.tomcat.util.net.NioEndpoint$SocketProcessor.doRun(NioEndpoint.java:2036)
	at org.apache.tomcat.util.net.SocketProcessorBase.run(SocketProcessorBase.java:74)
	at org.apache.tomcat.util.threads.ThreadPoolExecutor.runWorker(ThreadPoolExecutor.java:949)
	at org.apache.tomcat.util.threads.ThreadPoolExecutor$Worker.run(ThreadPoolExecutor.java:483)
	at org.apache.tomcat.util.threads.TaskThread$WrappingRunnable.run(TaskThread.java:74)
	at java.base/java.lang.Thread.run(Thread.java:1583)
2026-12-06 12:27:29 [SpringApplicationShutdownHook] INFO  org.springframework.boot.tomcat.GracefulShutdown - Commencing graceful shutdown. Waiting for active requests to complete
2026-12-06 12:27:29 [tomcat-shutdown] INFO  org.springframework.boot.tomcat.GracefulShutdown - Graceful shutdown complete
2026-12-06 12:27:29 [SpringApplicationShutdownHook] INFO  com.zaxxer.hikari.HikariDataSource - HikariPool-1 - Shutdown initiated...
2026-12-06 12:27:29 [SpringApplicationShutdownHook] INFO  com.zaxxer.hikari.HikariDataSource - HikariPool-1 - Shutdown completed.
2026-12-06 12:27:33 [main] INFO  com.wudd.TliasServerApplication - Starting TliasServerApplication using Java 21.0.12 with PID 38068 (D:\10_Code\complete-project\Complete-Tlias\tlias-server\target\classes started by wudd in D:\10_Code\complete-project\Complete-Tlias\tlias-server)
2026-12-06 12:27:33 [main] DEBUG com.wudd.TliasServerApplication - Running with Spring Boot v4.0.8, Spring v7.0.9
2026-12-06 12:27:33 [main] INFO  com.wudd.TliasServerApplication - No active profile set, falling back to 1 default profile: "default"
2026-12-06 12:27:33 [main] INFO  org.springframework.boot.tomcat.TomcatWebServer - Tomcat initialized with port 8080 (http)
2026-12-06 12:27:33 [main] INFO  org.apache.coyote.http11.Http11NioProtocol - Initializing ProtocolHandler ["http-nio-8080"]
2026-12-06 12:27:33 [main] INFO  org.apache.catalina.core.StandardService - Starting service [Tomcat]
2026-12-06 12:27:33 [main] INFO  org.apache.catalina.core.StandardEngine - Starting Servlet engine: [Apache Tomcat/11.0.24]
2026-12-06 12:27:33 [main] INFO  o.s.b.w.c.servlet.WebApplicationContextInitializer - Root WebApplicationContext: initialization completed in 462 ms
2026-12-06 12:27:34 [main] INFO  org.apache.coyote.http11.Http11NioProtocol - Starting ProtocolHandler ["http-nio-8080"]
2026-12-06 12:27:34 [main] INFO  org.springframework.boot.tomcat.TomcatWebServer - Tomcat started on port 8080 (http) with context path '/'
2026-12-06 12:27:34 [main] INFO  com.wudd.TliasServerApplication - Started TliasServerApplication in 1.077 seconds (process running for 1.445)
2026-12-06 12:27:46 [http-nio-8080-exec-1] INFO  o.a.c.core.ContainerBase.[Tomcat].[localhost].[/] - Initializing Spring DispatcherServlet 'dispatcherServlet'
2026-12-06 12:27:46 [http-nio-8080-exec-1] INFO  org.springframework.web.servlet.DispatcherServlet - Initializing Servlet 'dispatcherServlet'
2026-12-06 12:27:46 [http-nio-8080-exec-1] INFO  org.springframework.web.servlet.DispatcherServlet - Completed initialization in 1 ms
2026-12-06 12:27:46 [http-nio-8080-exec-1] INFO  com.zaxxer.hikari.HikariDataSource - HikariPool-1 - Starting...
2026-12-06 12:27:47 [http-nio-8080-exec-1] INFO  com.zaxxer.hikari.pool.HikariPool - HikariPool-1 - Added connection com.mysql.cj.jdbc.ConnectionImpl@76138116
2026-12-06 12:27:47 [http-nio-8080-exec-1] INFO  com.zaxxer.hikari.HikariDataSource - HikariPool-1 - Start completed.
2026-12-06 12:27:47 [http-nio-8080-exec-2] INFO  com.wudd.controller.DeptController - 接收到部门列表查询
2026-12-06 12:27:47 [http-nio-8080-exec-2] INFO  com.wudd.controller.DeptController - 获取到部门信息：[Dept(id=1, name=学学部, createTime=2026-08-20T14:42:59, updateTime=2026-08-22T15:36:34), Dept(id=2, name=教研部, createTime=2026-08-20T14:42:59, updateTime=2026-08-20T15:31:13), Dept(id=3, name=咨询部, createTime=2026-08-20T14:42:59, updateTime=2026-08-20T15:30:58), Dept(id=4, name=就业部, createTime=2026-08-20T14:42:59, updateTime=2026-08-20T14:42:59), Dept(id=5, name=人事部, createTime=2026-08-20T14:42:59, updateTime=2026-08-20T15:31:03), Dept(id=6, name=释怀部, createTime=2026-08-20T14:42:59, updateTime=2026-08-22T09:19:16), Dept(id=7, name=无忧部, createTime=2026-08-21T22:11, updateTime=2026-08-22T09:17:31), Dept(id=8, name=测试部, createTime=2026-08-22T15:26:31, updateTime=2026-08-22T15:26:31), Dept(id=9, name=无聊部, createTime=2026-08-22T15:28:24, updateTime=2026-08-22T15:28:24), Dept(id=10, name=天才部, createTime=2026-08-22T15:30:30, updateTime=2026-08-22T15:30:30), Dept(id=11, name=罗兰部, createTime=2026-09-02T13:57:35, updateTime=2026-09-02T13:57:35), Dept(id=12, name=天使部, createTime=2026-10-04T20:20:08, updateTime=2026-10-04T20:20:08), Dept(id=13, name=喵喵部, createTime=2026-10-04T20:20:25, updateTime=2026-10-04T20:20:25), Dept(id=14, name=佐佐木部, createTime=2026-10-04T20:20:41, updateTime=2026-10-04T20:20:41), Dept(id=15, name=音乐部, createTime=2026-10-05T16:19:46, updateTime=2026-10-05T16:19:46), Dept(id=16, name=, createTime=2026-10-05T16:41:21, updateTime=2026-10-05T16:41:21), Dept(id=17, name=1, createTime=2026-10-05T17:50:40, updateTime=2026-10-05T17:50:40), Dept(id=18, name=321, createTime=2026-10-05T17:57:49, updateTime=2026-10-06T12:27:47), Dept(id=19, name=342, createTime=2026-10-06T09:38:21, updateTime=2026-10-06T09:38:21), Dept(id=20, name=344, createTime=2026-10-06T09:38:26, updateTime=2026-10-06T09:38:26)]
2026-12-06 12:27:47 [http-nio-8080-exec-4] INFO  com.wudd.controller.DeptController - 接收到部门列表查询
2026-12-06 12:27:47 [http-nio-8080-exec-4] INFO  com.wudd.controller.DeptController - 获取到部门信息：[Dept(id=1, name=学学部, createTime=2026-08-20T14:42:59, updateTime=2026-08-22T15:36:34), Dept(id=2, name=教研部, createTime=2026-08-20T14:42:59, updateTime=2026-08-20T15:31:13), Dept(id=3, name=咨询部, createTime=2026-08-20T14:42:59, updateTime=2026-08-20T15:30:58), Dept(id=4, name=就业部, createTime=2026-08-20T14:42:59, updateTime=2026-08-20T14:42:59), Dept(id=5, name=人事部, createTime=2026-08-20T14:42:59, updateTime=2026-08-20T15:31:03), Dept(id=6, name=释怀部, createTime=2026-08-20T14:42:59, updateTime=2026-08-22T09:19:16), Dept(id=7, name=无忧部, createTime=2026-08-21T22:11, updateTime=2026-08-22T09:17:31), Dept(id=8, name=测试部, createTime=2026-08-22T15:26:31, updateTime=2026-08-22T15:26:31), Dept(id=9, name=无聊部, createTime=2026-08-22T15:28:24, updateTime=2026-08-22T15:28:24), Dept(id=10, name=天才部, createTime=2026-08-22T15:30:30, updateTime=2026-08-22T15:30:30), Dept(id=11, name=罗兰部, createTime=2026-09-02T13:57:35, updateTime=2026-09-02T13:57:35), Dept(id=12, name=天使部, createTime=2026-10-04T20:20:08, updateTime=2026-10-04T20:20:08), Dept(id=13, name=喵喵部, createTime=2026-10-04T20:20:25, updateTime=2026-10-04T20:20:25), Dept(id=14, name=佐佐木部, createTime=2026-10-04T20:20:41, updateTime=2026-10-04T20:20:41), Dept(id=15, name=音乐部, createTime=2026-10-05T16:19:46, updateTime=2026-10-05T16:19:46), Dept(id=16, name=, createTime=2026-10-05T16:41:21, updateTime=2026-10-05T16:41:21), Dept(id=17, name=1, createTime=2026-10-05T17:50:40, updateTime=2026-10-05T17:50:40), Dept(id=18, name=321, createTime=2026-10-05T17:57:49, updateTime=2026-10-06T12:27:47), Dept(id=19, name=342, createTime=2026-10-06T09:38:21, updateTime=2026-10-06T09:38:21), Dept(id=20, name=344, createTime=2026-10-06T09:38:26, updateTime=2026-10-06T09:38:26)]
2026-12-06 12:28:30 [http-nio-8080-exec-5] INFO  com.wudd.controller.DeptController - 接收到部门列表查询
2026-12-06 12:28:30 [http-nio-8080-exec-5] INFO  com.wudd.controller.DeptController - 获取到部门信息：[Dept(id=1, name=学学部, createTime=2026-08-20T14:42:59, updateTime=2026-08-22T15:36:34), Dept(id=2, name=教研部, createTime=2026-08-20T14:42:59, updateTime=2026-08-20T15:31:13), Dept(id=3, name=咨询部, createTime=2026-08-20T14:42:59, updateTime=2026-08-20T15:30:58), Dept(id=4, name=就业部, createTime=2026-08-20T14:42:59, updateTime=2026-08-20T14:42:59), Dept(id=5, name=人事部, createTime=2026-08-20T14:42:59, updateTime=2026-08-20T15:31:03), Dept(id=6, name=释怀部, createTime=2026-08-20T14:42:59, updateTime=2026-08-22T09:19:16), Dept(id=7, name=无忧部, createTime=2026-08-21T22:11, updateTime=2026-08-22T09:17:31), Dept(id=8, name=测试部, createTime=2026-08-22T15:26:31, updateTime=2026-08-22T15:26:31), Dept(id=9, name=无聊部, createTime=2026-08-22T15:28:24, updateTime=2026-08-22T15:28:24), Dept(id=10, name=天才部, createTime=2026-08-22T15:30:30, updateTime=2026-08-22T15:30:30), Dept(id=11, name=罗兰部, createTime=2026-09-02T13:57:35, updateTime=2026-09-02T13:57:35), Dept(id=12, name=天使部, createTime=2026-10-04T20:20:08, updateTime=2026-10-04T20:20:08), Dept(id=13, name=喵喵部, createTime=2026-10-04T20:20:25, updateTime=2026-10-04T20:20:25), Dept(id=14, name=佐佐木部, createTime=2026-10-04T20:20:41, updateTime=2026-10-04T20:20:41), Dept(id=15, name=音乐部, createTime=2026-10-05T16:19:46, updateTime=2026-10-05T16:19:46), Dept(id=16, name=, createTime=2026-10-05T16:41:21, updateTime=2026-10-05T16:41:21), Dept(id=17, name=1, createTime=2026-10-05T17:50:40, updateTime=2026-10-05T17:50:40), Dept(id=18, name=321, createTime=2026-10-05T17:57:49, updateTime=2026-10-06T12:27:47), Dept(id=19, name=342, createTime=2026-10-06T09:38:21, updateTime=2026-10-06T09:38:21), Dept(id=20, name=344, createTime=2026-10-06T09:38:26, updateTime=2026-10-06T09:38:26)]
2026-12-06 12:28:55 [http-nio-8080-exec-3] INFO  com.wudd.controller.DeptController - 接收到部门列表查询
2026-12-06 12:28:55 [http-nio-8080-exec-3] INFO  com.wudd.controller.DeptController - 获取到部门信息：[Dept(id=1, name=学学部, createTime=2026-08-20T14:42:59, updateTime=2026-08-22T15:36:34), Dept(id=2, name=教研部, createTime=2026-08-20T14:42:59, updateTime=2026-08-20T15:31:13), Dept(id=3, name=咨询部, createTime=2026-08-20T14:42:59, updateTime=2026-08-20T15:30:58), Dept(id=4, name=就业部, createTime=2026-08-20T14:42:59, updateTime=2026-08-20T14:42:59), Dept(id=5, name=人事部, createTime=2026-08-20T14:42:59, updateTime=2026-08-20T15:31:03), Dept(id=6, name=释怀部, createTime=2026-08-20T14:42:59, updateTime=2026-08-22T09:19:16), Dept(id=7, name=无忧部, createTime=2026-08-21T22:11, updateTime=2026-08-22T09:17:31), Dept(id=8, name=测试部, createTime=2026-08-22T15:26:31, updateTime=2026-08-22T15:26:31), Dept(id=9, name=无聊部, createTime=2026-08-22T15:28:24, updateTime=2026-08-22T15:28:24), Dept(id=10, name=天才部, createTime=2026-08-22T15:30:30, updateTime=2026-08-22T15:30:30), Dept(id=11, name=罗兰部, createTime=2026-09-02T13:57:35, updateTime=2026-09-02T13:57:35), Dept(id=12, name=天使部, createTime=2026-10-04T20:20:08, updateTime=2026-10-04T20:20:08), Dept(id=13, name=喵喵部, createTime=2026-10-04T20:20:25, updateTime=2026-10-04T20:20:25), Dept(id=14, name=佐佐木部, createTime=2026-10-04T20:20:41, updateTime=2026-10-04T20:20:41), Dept(id=15, name=音乐部, createTime=2026-10-05T16:19:46, updateTime=2026-10-05T16:19:46), Dept(id=16, name=, createTime=2026-10-05T16:41:21, updateTime=2026-10-05T16:41:21), Dept(id=17, name=1, createTime=2026-10-05T17:50:40, updateTime=2026-10-05T17:50:40), Dept(id=18, name=321, createTime=2026-10-05T17:57:49, updateTime=2026-10-06T12:27:47), Dept(id=19, name=342, createTime=2026-10-06T09:38:21, updateTime=2026-10-06T09:38:21), Dept(id=20, name=344, createTime=2026-10-06T09:38:26, updateTime=2026-10-06T09:38:26)]
2026-12-06 12:29:07 [http-nio-8080-exec-8] INFO  com.wudd.controller.DeptController - 接收到部门列表查询
2026-12-06 12:29:07 [http-nio-8080-exec-8] INFO  com.wudd.controller.DeptController - 获取到部门信息：[Dept(id=1, name=学学部, createTime=2026-08-20T14:42:59, updateTime=2026-08-22T15:36:34), Dept(id=2, name=教研部, createTime=2026-08-20T14:42:59, updateTime=2026-08-20T15:31:13), Dept(id=3, name=咨询部, createTime=2026-08-20T14:42:59, updateTime=2026-08-20T15:30:58), Dept(id=4, name=就业部, createTime=2026-08-20T14:42:59, updateTime=2026-08-20T14:42:59), Dept(id=5, name=人事部, createTime=2026-08-20T14:42:59, updateTime=2026-08-20T15:31:03), Dept(id=6, name=释怀部, createTime=2026-08-20T14:42:59, updateTime=2026-08-22T09:19:16), Dept(id=7, name=无忧部, createTime=2026-08-21T22:11, updateTime=2026-08-22T09:17:31), Dept(id=8, name=测试部, createTime=2026-08-22T15:26:31, updateTime=2026-08-22T15:26:31), Dept(id=9, name=无聊部, createTime=2026-08-22T15:28:24, updateTime=2026-08-22T15:28:24), Dept(id=10, name=天才部, createTime=2026-08-22T15:30:30, updateTime=2026-08-22T15:30:30), Dept(id=11, name=罗兰部, createTime=2026-09-02T13:57:35, updateTime=2026-09-02T13:57:35), Dept(id=12, name=天使部, createTime=2026-10-04T20:20:08, updateTime=2026-10-04T20:20:08), Dept(id=13, name=喵喵部, createTime=2026-10-04T20:20:25, updateTime=2026-10-04T20:20:25), Dept(id=14, name=佐佐木部, createTime=2026-10-04T20:20:41, updateTime=2026-10-04T20:20:41), Dept(id=15, name=音乐部, createTime=2026-10-05T16:19:46, updateTime=2026-10-05T16:19:46), Dept(id=16, name=空空部, createTime=2026-10-05T16:41:21, updateTime=2026-10-06T12:29:07), Dept(id=17, name=1, createTime=2026-10-05T17:50:40, updateTime=2026-10-05T17:50:40), Dept(id=18, name=321, createTime=2026-10-05T17:57:49, updateTime=2026-10-06T12:27:47), Dept(id=19, name=342, createTime=2026-10-06T09:38:21, updateTime=2026-10-06T09:38:21), Dept(id=20, name=344, createTime=2026-10-06T09:38:26, updateTime=2026-10-06T09:38:26)]
2026-12-06 12:29:19 [http-nio-8080-exec-1] INFO  com.wudd.controller.DeptController - 接收到部门列表查询
2026-12-06 12:29:19 [http-nio-8080-exec-1] INFO  com.wudd.controller.DeptController - 获取到部门信息：[Dept(id=1, name=学学部, createTime=2026-08-20T14:42:59, updateTime=2026-08-22T15:36:34), Dept(id=2, name=教研部, createTime=2026-08-20T14:42:59, updateTime=2026-08-20T15:31:13), Dept(id=3, name=咨询部, createTime=2026-08-20T14:42:59, updateTime=2026-08-20T15:30:58), Dept(id=4, name=就业部, createTime=2026-08-20T14:42:59, updateTime=2026-08-20T14:42:59), Dept(id=5, name=人事部, createTime=2026-08-20T14:42:59, updateTime=2026-08-20T15:31:03), Dept(id=6, name=释怀部, createTime=2026-08-20T14:42:59, updateTime=2026-08-22T09:19:16), Dept(id=7, name=无忧部, createTime=2026-08-21T22:11, updateTime=2026-08-22T09:17:31), Dept(id=8, name=测试部, createTime=2026-08-22T15:26:31, updateTime=2026-08-22T15:26:31), Dept(id=9, name=无聊部, createTime=2026-08-22T15:28:24, updateTime=2026-08-22T15:28:24), Dept(id=10, name=天才部, createTime=2026-08-22T15:30:30, updateTime=2026-08-22T15:30:30), Dept(id=11, name=罗兰部, createTime=2026-09-02T13:57:35, updateTime=2026-09-02T13:57:35), Dept(id=12, name=天使部, createTime=2026-10-04T20:20:08, updateTime=2026-10-04T20:20:08), Dept(id=13, name=喵喵部, createTime=2026-10-04T20:20:25, updateTime=2026-10-04T20:20:25), Dept(id=14, name=佐佐木部, createTime=2026-10-04T20:20:41, updateTime=2026-10-04T20:20:41), Dept(id=15, name=音乐部, createTime=2026-10-05T16:19:46, updateTime=2026-10-05T16:19:46), Dept(id=16, name=空空部, createTime=2026-10-05T16:41:21, updateTime=2026-10-06T12:29:07), Dept(id=17, name=是个一, createTime=2026-10-05T17:50:40, updateTime=2026-10-06T12:29:19), Dept(id=18, name=321, createTime=2026-10-05T17:57:49, updateTime=2026-10-06T12:27:47), Dept(id=19, name=342, createTime=2026-10-06T09:38:21, updateTime=2026-10-06T09:38:21), Dept(id=20, name=344, createTime=2026-10-06T09:38:26, updateTime=2026-10-06T09:38:26)]
2026-12-06 12:31:20 [http-nio-8080-exec-2] INFO  com.wudd.controller.DeptController - 接收到部门列表查询
2026-12-06 12:31:20 [http-nio-8080-exec-2] INFO  com.wudd.controller.DeptController - 获取到部门信息：[Dept(id=1, name=学学部, createTime=2026-08-20T14:42:59, updateTime=2026-08-22T15:36:34), Dept(id=2, name=教研部, createTime=2026-08-20T14:42:59, updateTime=2026-08-20T15:31:13), Dept(id=3, name=咨询部, createTime=2026-08-20T14:42:59, updateTime=2026-08-20T15:30:58), Dept(id=4, name=就业部, createTime=2026-08-20T14:42:59, updateTime=2026-08-20T14:42:59), Dept(id=5, name=人事部, createTime=2026-08-20T14:42:59, updateTime=2026-08-20T15:31:03), Dept(id=6, name=释怀部, createTime=2026-08-20T14:42:59, updateTime=2026-08-22T09:19:16), Dept(id=7, name=无忧部, createTime=2026-08-21T22:11, updateTime=2026-08-22T09:17:31), Dept(id=8, name=测试部, createTime=2026-08-22T15:26:31, updateTime=2026-08-22T15:26:31), Dept(id=9, name=无聊部, createTime=2026-08-22T15:28:24, updateTime=2026-08-22T15:28:24), Dept(id=10, name=天才部, createTime=2026-08-22T15:30:30, updateTime=2026-08-22T15:30:30), Dept(id=11, name=罗兰部, createTime=2026-09-02T13:57:35, updateTime=2026-09-02T13:57:35), Dept(id=12, name=天使部, createTime=2026-10-04T20:20:08, updateTime=2026-10-04T20:20:08), Dept(id=13, name=喵喵部, createTime=2026-10-04T20:20:25, updateTime=2026-10-04T20:20:25), Dept(id=14, name=佐佐木部, createTime=2026-10-04T20:20:41, updateTime=2026-10-04T20:20:41), Dept(id=15, name=音乐部, createTime=2026-10-05T16:19:46, updateTime=2026-10-05T16:19:46), Dept(id=16, name=空空部, createTime=2026-10-05T16:41:21, updateTime=2026-10-06T12:29:07), Dept(id=17, name=是个一, createTime=2026-10-05T17:50:40, updateTime=2026-10-06T12:29:19), Dept(id=18, name=321, createTime=2026-10-05T17:57:49, updateTime=2026-10-06T12:27:47), Dept(id=19, name=342, createTime=2026-10-06T09:38:21, updateTime=2026-10-06T09:38:21), Dept(id=20, name=344, createTime=2026-10-06T09:38:26, updateTime=2026-10-06T09:38:26)]
2026-12-06 12:31:31 [http-nio-8080-exec-3] INFO  com.wudd.controller.DeptController - 接收到部门列表查询
2026-12-06 12:31:31 [http-nio-8080-exec-3] INFO  com.wudd.controller.DeptController - 获取到部门信息：[Dept(id=1, name=学学部, createTime=2026-08-20T14:42:59, updateTime=2026-08-22T15:36:34), Dept(id=2, name=教研部, createTime=2026-08-20T14:42:59, updateTime=2026-08-20T15:31:13), Dept(id=3, name=咨询部, createTime=2026-08-20T14:42:59, updateTime=2026-08-20T15:30:58), Dept(id=4, name=就业部, createTime=2026-08-20T14:42:59, updateTime=2026-08-20T14:42:59), Dept(id=5, name=人事部, createTime=2026-08-20T14:42:59, updateTime=2026-08-20T15:31:03), Dept(id=6, name=释怀部, createTime=2026-08-20T14:42:59, updateTime=2026-08-22T09:19:16), Dept(id=7, name=无忧部, createTime=2026-08-21T22:11, updateTime=2026-08-22T09:17:31), Dept(id=8, name=测试部, createTime=2026-08-22T15:26:31, updateTime=2026-08-22T15:26:31), Dept(id=9, name=无聊部, createTime=2026-08-22T15:28:24, updateTime=2026-08-22T15:28:24), Dept(id=10, name=天才部, createTime=2026-08-22T15:30:30, updateTime=2026-08-22T15:30:30), Dept(id=11, name=罗兰部, createTime=2026-09-02T13:57:35, updateTime=2026-09-02T13:57:35), Dept(id=12, name=天使部, createTime=2026-10-04T20:20:08, updateTime=2026-10-04T20:20:08), Dept(id=13, name=喵喵部, createTime=2026-10-04T20:20:25, updateTime=2026-10-04T20:20:25), Dept(id=14, name=佐佐木部, createTime=2026-10-04T20:20:41, updateTime=2026-10-04T20:20:41), Dept(id=15, name=音乐部, createTime=2026-10-05T16:19:46, updateTime=2026-10-05T16:19:46), Dept(id=16, name=空空部, createTime=2026-10-05T16:41:21, updateTime=2026-10-06T12:29:07), Dept(id=17, name=是个一, createTime=2026-10-05T17:50:40, updateTime=2026-10-06T12:29:19), Dept(id=18, name=三二一, createTime=2026-10-05T17:57:49, updateTime=2026-10-06T12:31:32), Dept(id=19, name=342, createTime=2026-10-06T09:38:21, updateTime=2026-10-06T09:38:21), Dept(id=20, name=344, createTime=2026-10-06T09:38:26, updateTime=2026-10-06T09:38:26)]
2026-12-06 12:32:19 [http-nio-8080-exec-6] INFO  com.wudd.controller.DeptController - 接收到部门列表查询
2026-12-06 12:32:19 [http-nio-8080-exec-6] INFO  com.wudd.controller.DeptController - 获取到部门信息：[Dept(id=1, name=学学部, createTime=2026-08-20T14:42:59, updateTime=2026-08-22T15:36:34), Dept(id=2, name=教研部, createTime=2026-08-20T14:42:59, updateTime=2026-08-20T15:31:13), Dept(id=3, name=咨询部, createTime=2026-08-20T14:42:59, updateTime=2026-08-20T15:30:58), Dept(id=4, name=就业部, createTime=2026-08-20T14:42:59, updateTime=2026-08-20T14:42:59), Dept(id=5, name=人事部, createTime=2026-08-20T14:42:59, updateTime=2026-08-20T15:31:03), Dept(id=6, name=释怀部, createTime=2026-08-20T14:42:59, updateTime=2026-08-22T09:19:16), Dept(id=7, name=无忧部, createTime=2026-08-21T22:11, updateTime=2026-08-22T09:17:31), Dept(id=8, name=测试部, createTime=2026-08-22T15:26:31, updateTime=2026-08-22T15:26:31), Dept(id=9, name=无聊部, createTime=2026-08-22T15:28:24, updateTime=2026-08-22T15:28:24), Dept(id=10, name=天才部, createTime=2026-08-22T15:30:30, updateTime=2026-08-22T15:30:30), Dept(id=11, name=罗兰部, createTime=2026-09-02T13:57:35, updateTime=2026-09-02T13:57:35), Dept(id=12, name=天使部, createTime=2026-10-04T20:20:08, updateTime=2026-10-04T20:20:08), Dept(id=13, name=喵喵部, createTime=2026-10-04T20:20:25, updateTime=2026-10-04T20:20:25), Dept(id=14, name=佐佐木部, createTime=2026-10-04T20:20:41, updateTime=2026-10-04T20:20:41), Dept(id=15, name=音乐部, createTime=2026-10-05T16:19:46, updateTime=2026-10-05T16:19:46), Dept(id=16, name=空空部, createTime=2026-10-05T16:41:21, updateTime=2026-10-06T12:29:07), Dept(id=17, name=是个一, createTime=2026-10-05T17:50:40, updateTime=2026-10-06T12:29:19), Dept(id=18, name=三二一, createTime=2026-10-05T17:57:49, updateTime=2026-10-06T12:31:32), Dept(id=19, name=342, createTime=2026-10-06T09:38:21, updateTime=2026-10-06T09:38:21), Dept(id=20, name=344, createTime=2026-10-06T09:38:26, updateTime=2026-10-06T09:38:26)]
2026-12-06 12:32:29 [http-nio-8080-exec-7] INFO  com.wudd.controller.DeptController - 接收到部门列表查询
2026-12-06 12:32:29 [http-nio-8080-exec-7] INFO  com.wudd.controller.DeptController - 获取到部门信息：[Dept(id=1, name=学学部, createTime=2026-08-20T14:42:59, updateTime=2026-08-22T15:36:34), Dept(id=2, name=教研部, createTime=2026-08-20T14:42:59, updateTime=2026-08-20T15:31:13), Dept(id=3, name=咨询部, createTime=2026-08-20T14:42:59, updateTime=2026-08-20T15:30:58), Dept(id=4, name=就业部, createTime=2026-08-20T14:42:59, updateTime=2026-08-20T14:42:59), Dept(id=5, name=人事部, createTime=2026-08-20T14:42:59, updateTime=2026-08-20T15:31:03), Dept(id=6, name=释怀部, createTime=2026-08-20T14:42:59, updateTime=2026-08-22T09:19:16), Dept(id=7, name=无忧部, createTime=2026-08-21T22:11, updateTime=2026-08-22T09:17:31), Dept(id=8, name=测试部, createTime=2026-08-22T15:26:31, updateTime=2026-08-22T15:26:31), Dept(id=9, name=无聊部, createTime=2026-08-22T15:28:24, updateTime=2026-08-22T15:28:24), Dept(id=10, name=天才部, createTime=2026-08-22T15:30:30, updateTime=2026-08-22T15:30:30), Dept(id=11, name=罗兰部, createTime=2026-09-02T13:57:35, updateTime=2026-09-02T13:57:35), Dept(id=12, name=天使部, createTime=2026-10-04T20:20:08, updateTime=2026-10-04T20:20:08), Dept(id=13, name=喵喵部, createTime=2026-10-04T20:20:25, updateTime=2026-10-04T20:20:25), Dept(id=14, name=佐佐木部, createTime=2026-10-04T20:20:41, updateTime=2026-10-04T20:20:41), Dept(id=15, name=音乐部, createTime=2026-10-05T16:19:46, updateTime=2026-10-05T16:19:46), Dept(id=16, name=空空部, createTime=2026-10-05T16:41:21, updateTime=2026-10-06T12:29:07), Dept(id=17, name=是个一, createTime=2026-10-05T17:50:40, updateTime=2026-10-06T12:29:19), Dept(id=18, name=三二一, createTime=2026-10-05T17:57:49, updateTime=2026-10-06T12:31:32), Dept(id=19, name=342, createTime=2026-10-06T09:38:21, updateTime=2026-10-06T09:38:21), Dept(id=20, name=344, createTime=2026-10-06T09:38:26, updateTime=2026-10-06T09:38:26)]
2026-12-06 12:32:55 [http-nio-8080-exec-9] INFO  com.wudd.controller.DeptController - 接收到部门列表查询
2026-12-06 12:32:55 [http-nio-8080-exec-9] INFO  com.wudd.controller.DeptController - 获取到部门信息：[Dept(id=1, name=学学部, createTime=2026-08-20T14:42:59, updateTime=2026-08-22T15:36:34), Dept(id=2, name=教研部, createTime=2026-08-20T14:42:59, updateTime=2026-08-20T15:31:13), Dept(id=3, name=咨询部, createTime=2026-08-20T14:42:59, updateTime=2026-08-20T15:30:58), Dept(id=4, name=就业部, createTime=2026-08-20T14:42:59, updateTime=2026-08-20T14:42:59), Dept(id=5, name=人事部, createTime=2026-08-20T14:42:59, updateTime=2026-08-20T15:31:03), Dept(id=6, name=释怀部, createTime=2026-08-20T14:42:59, updateTime=2026-08-22T09:19:16), Dept(id=7, name=无忧部, createTime=2026-08-21T22:11, updateTime=2026-08-22T09:17:31), Dept(id=8, name=测试部, createTime=2026-08-22T15:26:31, updateTime=2026-08-22T15:26:31), Dept(id=9, name=无聊部, createTime=2026-08-22T15:28:24, updateTime=2026-08-22T15:28:24), Dept(id=10, name=天才部, createTime=2026-08-22T15:30:30, updateTime=2026-08-22T15:30:30), Dept(id=11, name=罗兰部, createTime=2026-09-02T13:57:35, updateTime=2026-09-02T13:57:35), Dept(id=12, name=天使部, createTime=2026-10-04T20:20:08, updateTime=2026-10-04T20:20:08), Dept(id=13, name=喵喵部, createTime=2026-10-04T20:20:25, updateTime=2026-10-04T20:20:25), Dept(id=14, name=佐佐木部, createTime=2026-10-04T20:20:41, updateTime=2026-10-04T20:20:41), Dept(id=15, name=音乐部, createTime=2026-10-05T16:19:46, updateTime=2026-10-05T16:19:46), Dept(id=16, name=空空部, createTime=2026-10-05T16:41:21, updateTime=2026-10-06T12:29:07), Dept(id=17, name=是个一, createTime=2026-10-05T17:50:40, updateTime=2026-10-06T12:29:19), Dept(id=18, name=三二一, createTime=2026-10-05T17:57:49, updateTime=2026-10-06T12:31:32), Dept(id=19, name=四个二, createTime=2026-10-06T09:38:21, updateTime=2026-10-06T12:32:56), Dept(id=20, name=344, createTime=2026-10-06T09:38:26, updateTime=2026-10-06T09:38:26)]
2026-12-06 12:33:17 [http-nio-8080-exec-4] INFO  com.wudd.controller.DeptController - 接收到部门列表查询
2026-12-06 12:33:17 [http-nio-8080-exec-4] INFO  com.wudd.controller.DeptController - 获取到部门信息：[Dept(id=1, name=学学部, createTime=2026-08-20T14:42:59, updateTime=2026-08-22T15:36:34), Dept(id=2, name=教研部, createTime=2026-08-20T14:42:59, updateTime=2026-08-20T15:31:13), Dept(id=3, name=咨询部, createTime=2026-08-20T14:42:59, updateTime=2026-08-20T15:30:58), Dept(id=4, name=就业部, createTime=2026-08-20T14:42:59, updateTime=2026-08-20T14:42:59), Dept(id=5, name=人事部, createTime=2026-08-20T14:42:59, updateTime=2026-08-20T15:31:03), Dept(id=6, name=释怀部, createTime=2026-08-20T14:42:59, updateTime=2026-08-22T09:19:16), Dept(id=7, name=无忧部, createTime=2026-08-21T22:11, updateTime=2026-08-22T09:17:31), Dept(id=8, name=测试部, createTime=2026-08-22T15:26:31, updateTime=2026-08-22T15:26:31), Dept(id=9, name=无聊部, createTime=2026-08-22T15:28:24, updateTime=2026-08-22T15:28:24), Dept(id=10, name=天才部, createTime=2026-08-22T15:30:30, updateTime=2026-08-22T15:30:30), Dept(id=11, name=罗兰部, createTime=2026-09-02T13:57:35, updateTime=2026-09-02T13:57:35), Dept(id=12, name=天使部, createTime=2026-10-04T20:20:08, updateTime=2026-10-04T20:20:08), Dept(id=13, name=喵喵部, createTime=2026-10-04T20:20:25, updateTime=2026-10-04T20:20:25), Dept(id=14, name=佐佐木部, createTime=2026-10-04T20:20:41, updateTime=2026-10-04T20:20:41), Dept(id=15, name=音乐部, createTime=2026-10-05T16:19:46, updateTime=2026-10-05T16:19:46), Dept(id=16, name=空空部, createTime=2026-10-05T16:41:21, updateTime=2026-10-06T12:29:07), Dept(id=17, name=是个一, createTime=2026-10-05T17:50:40, updateTime=2026-10-06T12:29:19), Dept(id=18, name=三二一, createTime=2026-10-05T17:57:49, updateTime=2026-10-06T12:31:32), Dept(id=19, name=四个二, createTime=2026-10-06T09:38:21, updateTime=2026-10-06T12:32:56), Dept(id=20, name=是是是, createTime=2026-10-06T09:38:26, updateTime=2026-10-06T12:33:18)]
2026-13-06 13:21:13 [HikariPool-1:housekeeper] WARN  com.zaxxer.hikari.pool.HikariPool - HikariPool-1 - Thread starvation or clock leap detected (housekeeper delta=26m26s239ms623µs500ns).
