2026-09-10 09:38:22 [main] INFO  com.wudd.TliasServerApplication - Starting TliasServerApplication using Java 21.0.12 with PID 29336 (D:\10_Code\complete-project\Complete-Tlias\tlias-server\target\classes started by wudd in D:\10_Code\complete-project\Complete-Tlias\tlias-server)
2026-09-10 09:38:22 [main] DEBUG com.wudd.TliasServerApplication - Running with Spring Boot v4.0.8, Spring v7.0.9
2026-09-10 09:38:22 [main] INFO  com.wudd.TliasServerApplication - No active profile set, falling back to 1 default profile: "default"
2026-09-10 09:38:23 [main] INFO  org.springframework.boot.tomcat.TomcatWebServer - Tomcat initialized with port 8080 (http)
2026-09-10 09:38:23 [main] INFO  org.apache.coyote.http11.Http11NioProtocol - Initializing ProtocolHandler ["http-nio-8080"]
2026-09-10 09:38:23 [main] INFO  org.apache.catalina.core.StandardService - Starting service [Tomcat]
2026-09-10 09:38:23 [main] INFO  org.apache.catalina.core.StandardEngine - Starting Servlet engine: [Apache Tomcat/11.0.24]
2026-09-10 09:38:23 [main] INFO  o.s.b.w.c.servlet.WebApplicationContextInitializer - Root WebApplicationContext: initialization completed in 804 ms
2026-09-10 09:38:23 [main] INFO  org.apache.coyote.http11.Http11NioProtocol - Starting ProtocolHandler ["http-nio-8080"]
2026-09-10 09:38:23 [main] INFO  org.springframework.boot.tomcat.TomcatWebServer - Tomcat started on port 8080 (http) with context path '/'
2026-09-10 09:38:23 [main] INFO  com.wudd.TliasServerApplication - Started TliasServerApplication in 1.878 seconds (process running for 3.575)
2026-09-10 09:38:29 [http-nio-8080-exec-1] INFO  o.a.c.core.ContainerBase.[Tomcat].[localhost].[/] - Initializing Spring DispatcherServlet 'dispatcherServlet'
2026-09-10 09:38:29 [http-nio-8080-exec-1] INFO  org.springframework.web.servlet.DispatcherServlet - Initializing Servlet 'dispatcherServlet'
2026-09-10 09:38:29 [http-nio-8080-exec-1] INFO  org.springframework.web.servlet.DispatcherServlet - Completed initialization in 2 ms
2026-09-10 09:38:29 [http-nio-8080-exec-1] INFO  com.wudd.controller.EmpController - 查询员工列表请求
2026-09-10 09:38:29 [http-nio-8080-exec-1] INFO  com.zaxxer.hikari.HikariDataSource - HikariPool-1 - Starting...
2026-09-10 09:38:30 [http-nio-8080-exec-1] ERROR com.wudd.exception.GlobalExceptionHandler - 全局异常处理器-拦截到异常：
org.mybatis.spring.MyBatisSystemException: 
### Error querying database.  Cause: org.springframework.jdbc.CannotGetJdbcConnectionException: Failed to obtain JDBC Connection
### The error may exist in com/wudd/mapper/EmpMapper.xml
### The error may involve com.wudd.mapper.EmpMapper.queryEmpCount
### The error occurred while executing a query
### Cause: org.springframework.jdbc.CannotGetJdbcConnectionException: Failed to obtain JDBC Connection
	at org.mybatis.spring.MyBatisExceptionTranslator.translateExceptionIfPossible(MyBatisExceptionTranslator.java:101)
	at org.mybatis.spring.SqlSessionTemplate$SqlSessionInterceptor.invoke(SqlSessionTemplate.java:362)
	at jdk.proxy2/jdk.proxy2.$Proxy75.selectOne(Unknown Source)
	at org.mybatis.spring.SqlSessionTemplate.selectOne(SqlSessionTemplate.java:169)
	at org.apache.ibatis.binding.MapperMethod.execute(MapperMethod.java:87)
	at org.apache.ibatis.binding.MapperProxy$PlainMethodInvoker.invoke(MapperProxy.java:141)
	at org.apache.ibatis.binding.MapperProxy.invoke(MapperProxy.java:86)
	at jdk.proxy2/jdk.proxy2.$Proxy82.queryEmpCount(Unknown Source)
	at com.wudd.server.impl.EmpServerImpl.queryEmpList(EmpServerImpl.java:21)
	at com.wudd.controller.EmpController.queryEmpList(EmpController.java:25)
	at java.base/jdk.internal.reflect.DirectMethodHandleAccessor.invoke(DirectMethodHandleAccessor.java:103)
	at java.base/java.lang.reflect.Method.invoke(Method.java:580)
	at org.springframework.aop.support.AopUtils.invokeJoinpointUsingReflection(AopUtils.java:359)
	at org.springframework.aop.framework.ReflectiveMethodInvocation.invokeJoinpoint(ReflectiveMethodInvocation.java:190)
	at org.springframework.aop.framework.ReflectiveMethodInvocation.proceed(ReflectiveMethodInvocation.java:158)
	at org.springframework.aop.aspectj.MethodInvocationProceedingJoinPoint.proceed(MethodInvocationProceedingJoinPoint.java:82)
	at com.wudd.aspect.ControllerLogAspect.controllerLogAspect(ControllerLogAspect.java:28)
	at java.base/jdk.internal.reflect.DirectMethodHandleAccessor.invoke(DirectMethodHandleAccessor.java:103)
	at java.base/java.lang.reflect.Method.invoke(Method.java:580)
	at org.springframework.aop.aspectj.AbstractAspectJAdvice.invokeAdviceMethodWithGivenArgs(AbstractAspectJAdvice.java:648)
	at org.springframework.aop.aspectj.AbstractAspectJAdvice.invokeAdviceMethod(AbstractAspectJAdvice.java:630)
	at org.springframework.aop.aspectj.AspectJAroundAdvice.invoke(AspectJAroundAdvice.java:70)
	at org.springframework.aop.framework.ReflectiveMethodInvocation.proceed(ReflectiveMethodInvocation.java:179)
	at org.springframework.aop.interceptor.ExposeInvocationInterceptor.invoke(ExposeInvocationInterceptor.java:96)
	at org.springframework.aop.framework.ReflectiveMethodInvocation.proceed(ReflectiveMethodInvocation.java:179)
	at org.springframework.aop.framework.CglibAopProxy$DynamicAdvisedInterceptor.intercept(CglibAopProxy.java:719)
	at com.wudd.controller.EmpController$$SpringCGLIB$$0.queryEmpList(<generated>)
	at java.base/jdk.internal.reflect.DirectMethodHandleAccessor.invoke(DirectMethodHandleAccessor.java:103)
	at java.base/java.lang.reflect.Method.invoke(Method.java:580)
	at org.springframework.web.method.support.InvocableHandlerMethod.doInvoke(InvocableHandlerMethod.java:252)
	at org.springframework.web.method.support.InvocableHandlerMethod.invokeForRequest(InvocableHandlerMethod.java:184)
	at org.springframework.web.servlet.mvc.method.annotation.ServletInvocableHandlerMethod.invokeAndHandle(ServletInvocableHandlerMethod.java:117)
	at org.springframework.web.servlet.mvc.method.annotation.RequestMappingHandlerAdapter.invokeHandlerMethod(RequestMappingHandlerAdapter.java:934)
	at org.springframework.web.servlet.mvc.method.annotation.RequestMappingHandlerAdapter.handleInternal(RequestMappingHandlerAdapter.java:853)
	at org.springframework.web.servlet.mvc.method.AbstractHandlerMethodAdapter.handle(AbstractHandlerMethodAdapter.java:86)
	at org.springframework.web.servlet.DispatcherServlet.doDispatch(DispatcherServlet.java:963)
	at org.springframework.web.servlet.DispatcherServlet.doService(DispatcherServlet.java:866)
	at org.springframework.web.servlet.FrameworkServlet.processRequest(FrameworkServlet.java:1000)
	at org.springframework.web.servlet.FrameworkServlet.doGet(FrameworkServlet.java:892)
	at jakarta.servlet.http.HttpServlet.service(HttpServlet.java:622)
	at org.springframework.web.servlet.FrameworkServlet.service(FrameworkServlet.java:874)
	at jakarta.servlet.http.HttpServlet.service(HttpServlet.java:710)
	at org.apache.catalina.core.ApplicationFilterChain.doFilter(ApplicationFilterChain.java:132)
	at org.apache.tomcat.websocket.server.WsFilter.doFilter(WsFilter.java:59)
	at org.apache.catalina.core.ApplicationFilterChain.doFilter(ApplicationFilterChain.java:111)
	at org.springframework.web.filter.RequestContextFilter.doFilterInternal(RequestContextFilter.java:100)
	at org.springframework.web.filter.OncePerRequestFilter.doFilter(OncePerRequestFilter.java:116)
	at org.apache.catalina.core.ApplicationFilterChain.doFilter(ApplicationFilterChain.java:111)
	at org.springframework.web.filter.FormContentFilter.doFilterInternal(FormContentFilter.java:93)
	at org.springframework.web.filter.OncePerRequestFilter.doFilter(OncePerRequestFilter.java:116)
	at org.apache.catalina.core.ApplicationFilterChain.doFilter(ApplicationFilterChain.java:111)
	at org.springframework.web.filter.CharacterEncodingFilter.doFilterInternal(CharacterEncodingFilter.java:199)
	at org.springframework.web.filter.OncePerRequestFilter.doFilter(OncePerRequestFilter.java:116)
	at org.apache.catalina.core.ApplicationFilterChain.doFilter(ApplicationFilterChain.java:111)
	at org.apache.catalina.core.StandardWrapperValve.invoke(StandardWrapperValve.java:165)
	at org.apache.catalina.core.StandardContextValve.invoke(StandardContextValve.java:77)
	at org.apache.catalina.authenticator.AuthenticatorBase.invoke(AuthenticatorBase.java:535)
	at org.apache.catalina.core.StandardHostValve.invoke(StandardHostValve.java:115)
	at org.apache.catalina.valves.ErrorReportValve.invoke(ErrorReportValve.java:86)
	at org.apache.catalina.core.StandardEngineValve.invoke(StandardEngineValve.java:71)
	at org.apache.catalina.connector.CoyoteAdapter.service(CoyoteAdapter.java:347)
	at org.apache.coyote.http11.Http11Processor.service(Http11Processor.java:406)
	at org.apache.coyote.AbstractProcessorLight.process(AbstractProcessorLight.java:71)
	at org.apache.coyote.AbstractProtocol$ConnectionHandler.process(AbstractProtocol.java:1307)
	at org.apache.tomcat.util.net.NioEndpoint$SocketProcessor.doRun(NioEndpoint.java:2036)
	at org.apache.tomcat.util.net.SocketProcessorBase.run(SocketProcessorBase.java:74)
	at org.apache.tomcat.util.threads.ThreadPoolExecutor.runWorker(ThreadPoolExecutor.java:949)
	at org.apache.tomcat.util.threads.ThreadPoolExecutor$Worker.run(ThreadPoolExecutor.java:483)
	at org.apache.tomcat.util.threads.TaskThread$WrappingRunnable.run(TaskThread.java:74)
	at java.base/java.lang.Thread.run(Thread.java:1583)
Caused by: org.apache.ibatis.exceptions.PersistenceException: 
### Error querying database.  Cause: org.springframework.jdbc.CannotGetJdbcConnectionException: Failed to obtain JDBC Connection
### The error may exist in com/wudd/mapper/EmpMapper.xml
### The error may involve com.wudd.mapper.EmpMapper.queryEmpCount
### The error occurred while executing a query
### Cause: org.springframework.jdbc.CannotGetJdbcConnectionException: Failed to obtain JDBC Connection
	at org.apache.ibatis.exceptions.ExceptionFactory.wrapException(ExceptionFactory.java:30)
	at org.apache.ibatis.session.defaults.DefaultSqlSession.selectList(DefaultSqlSession.java:156)
	at org.apache.ibatis.session.defaults.DefaultSqlSession.selectList(DefaultSqlSession.java:147)
	at org.apache.ibatis.session.defaults.DefaultSqlSession.selectList(DefaultSqlSession.java:142)
	at org.apache.ibatis.session.defaults.DefaultSqlSession.selectOne(DefaultSqlSession.java:75)
	at java.base/jdk.internal.reflect.DirectMethodHandleAccessor.invoke(DirectMethodHandleAccessor.java:103)
	at java.base/java.lang.reflect.Method.invoke(Method.java:580)
	at org.mybatis.spring.SqlSessionTemplate$SqlSessionInterceptor.invoke(SqlSessionTemplate.java:348)
	... 68 common frames omitted
Caused by: org.springframework.jdbc.CannotGetJdbcConnectionException: Failed to obtain JDBC Connection
	at org.springframework.jdbc.datasource.DataSourceUtils.getConnection(DataSourceUtils.java:84)
	at org.mybatis.spring.transaction.SpringManagedTransaction.openConnection(SpringManagedTransaction.java:83)
	at org.mybatis.spring.transaction.SpringManagedTransaction.getConnection(SpringManagedTransaction.java:70)
	at org.apache.ibatis.executor.BaseExecutor.getConnection(BaseExecutor.java:348)
	at org.apache.ibatis.executor.SimpleExecutor.prepareStatement(SimpleExecutor.java:89)
	at org.apache.ibatis.executor.SimpleExecutor.doQuery(SimpleExecutor.java:64)
	at org.apache.ibatis.executor.BaseExecutor.queryFromDatabase(BaseExecutor.java:336)
	at org.apache.ibatis.executor.BaseExecutor.query(BaseExecutor.java:158)
	at org.apache.ibatis.executor.CachingExecutor.query(CachingExecutor.java:110)
	at org.apache.ibatis.executor.CachingExecutor.query(CachingExecutor.java:90)
	at org.apache.ibatis.session.defaults.DefaultSqlSession.selectList(DefaultSqlSession.java:154)
	... 74 common frames omitted
Caused by: com.mysql.cj.jdbc.exceptions.CommunicationsException: Communications link failure

The last packet sent successfully to the server was 0 milliseconds ago. The driver has not received any packets from the server.
	at com.mysql.cj.jdbc.exceptions.SQLError.createCommunicationsException(SQLError.java:165)
	at com.mysql.cj.jdbc.exceptions.SQLExceptionsMapping.translateException(SQLExceptionsMapping.java:55)
	at com.mysql.cj.jdbc.ConnectionImpl.createNewIO(ConnectionImpl.java:840)
	at com.mysql.cj.jdbc.ConnectionImpl.<init>(ConnectionImpl.java:416)
	at com.mysql.cj.jdbc.ConnectionImpl.getInstance(ConnectionImpl.java:237)
	at com.mysql.cj.jdbc.NonRegisteringDriver.connect(NonRegisteringDriver.java:180)
	at com.zaxxer.hikari.util.DriverDataSource.getConnection(DriverDataSource.java:144)
	at com.zaxxer.hikari.pool.PoolBase.newConnection(PoolBase.java:373)
	at com.zaxxer.hikari.pool.PoolBase.newPoolEntry(PoolBase.java:210)
	at com.zaxxer.hikari.pool.HikariPool.createPoolEntry(HikariPool.java:488)
	at com.zaxxer.hikari.pool.HikariPool.checkFailFast(HikariPool.java:576)
	at com.zaxxer.hikari.pool.HikariPool.<init>(HikariPool.java:97)
	at com.zaxxer.hikari.HikariDataSource.getConnection(HikariDataSource.java:111)
	at org.springframework.jdbc.datasource.DataSourceUtils.fetchConnection(DataSourceUtils.java:160)
	at org.springframework.jdbc.datasource.DataSourceUtils.doGetConnection(DataSourceUtils.java:118)
	at org.springframework.jdbc.datasource.DataSourceUtils.getConnection(DataSourceUtils.java:81)
	... 84 common frames omitted
Caused by: com.mysql.cj.exceptions.CJCommunicationsException: Communications link failure

The last packet sent successfully to the server was 0 milliseconds ago. The driver has not received any packets from the server.
	at java.base/jdk.internal.reflect.DirectConstructorHandleAccessor.newInstance(DirectConstructorHandleAccessor.java:62)
	at java.base/java.lang.reflect.Constructor.newInstanceWithCaller(Constructor.java:502)
	at java.base/java.lang.reflect.Constructor.newInstance(Constructor.java:486)
	at com.mysql.cj.exceptions.ExceptionFactory.createException(ExceptionFactory.java:52)
	at com.mysql.cj.exceptions.ExceptionFactory.createException(ExceptionFactory.java:95)
	at com.mysql.cj.exceptions.ExceptionFactory.createException(ExceptionFactory.java:140)
	at com.mysql.cj.exceptions.ExceptionFactory.createCommunicationsException(ExceptionFactory.java:156)
	at com.mysql.cj.protocol.a.NativeSocketConnection.connect(NativeSocketConnection.java:79)
	at com.mysql.cj.NativeSession.connect(NativeSession.java:142)
	at com.mysql.cj.jdbc.ConnectionImpl.connectOneTryOnly(ConnectionImpl.java:964)
	at com.mysql.cj.jdbc.ConnectionImpl.createNewIO(ConnectionImpl.java:828)
	... 97 common frames omitted
Caused by: java.net.ConnectException: Connection refused: getsockopt
	at java.base/sun.nio.ch.Net.pollConnect(Native Method)
	at java.base/sun.nio.ch.Net.pollConnectNow(Net.java:690)
	at java.base/sun.nio.ch.NioSocketImpl.timedFinishConnect(NioSocketImpl.java:542)
	at java.base/sun.nio.ch.NioSocketImpl.connect(NioSocketImpl.java:592)
	at java.base/java.net.SocksSocketImpl.connect(SocksSocketImpl.java:327)
	at java.base/java.net.Socket.connect(Socket.java:751)
	at com.mysql.cj.protocol.StandardSocketFactory.connect(StandardSocketFactory.java:144)
	at com.mysql.cj.protocol.a.NativeSocketConnection.connect(NativeSocketConnection.java:53)
	... 100 common frames omitted
2026-09-10 09:38:35 [http-nio-8080-exec-2] INFO  com.wudd.controller.DeptController - 部门列表查询请求
2026-09-10 09:38:35 [http-nio-8080-exec-2] INFO  com.zaxxer.hikari.HikariDataSource - HikariPool-1 - Starting...
2026-09-10 09:38:36 [http-nio-8080-exec-2] ERROR com.wudd.exception.GlobalExceptionHandler - 全局异常处理器-拦截到异常：
org.mybatis.spring.MyBatisSystemException: 
### Error querying database.  Cause: org.springframework.jdbc.CannotGetJdbcConnectionException: Failed to obtain JDBC Connection
### The error may exist in com/wudd/mapper/DeptMapper.java (best guess)
### The error may involve com.wudd.mapper.DeptMapper.getDeptList
### The error occurred while executing a query
### Cause: org.springframework.jdbc.CannotGetJdbcConnectionException: Failed to obtain JDBC Connection
	at org.mybatis.spring.MyBatisExceptionTranslator.translateExceptionIfPossible(MyBatisExceptionTranslator.java:101)
	at org.mybatis.spring.SqlSessionTemplate$SqlSessionInterceptor.invoke(SqlSessionTemplate.java:362)
	at jdk.proxy2/jdk.proxy2.$Proxy75.selectList(Unknown Source)
	at org.mybatis.spring.SqlSessionTemplate.selectList(SqlSessionTemplate.java:209)
	at org.apache.ibatis.binding.MapperMethod.executeForMany(MapperMethod.java:147)
	at org.apache.ibatis.binding.MapperMethod.execute(MapperMethod.java:80)
	at org.apache.ibatis.binding.MapperProxy$PlainMethodInvoker.invoke(MapperProxy.java:141)
	at org.apache.ibatis.binding.MapperProxy.invoke(MapperProxy.java:86)
	at jdk.proxy2/jdk.proxy2.$Proxy80.getDeptList(Unknown Source)
	at com.wudd.server.impl.DeptServerImpl.getDeptList(DeptServerImpl.java:20)
	at com.wudd.controller.DeptController.getDeptList(DeptController.java:24)
	at java.base/jdk.internal.reflect.DirectMethodHandleAccessor.invoke(DirectMethodHandleAccessor.java:103)
	at java.base/java.lang.reflect.Method.invoke(Method.java:580)
	at org.springframework.aop.support.AopUtils.invokeJoinpointUsingReflection(AopUtils.java:359)
	at org.springframework.aop.framework.ReflectiveMethodInvocation.invokeJoinpoint(ReflectiveMethodInvocation.java:190)
	at org.springframework.aop.framework.ReflectiveMethodInvocation.proceed(ReflectiveMethodInvocation.java:158)
	at org.springframework.aop.aspectj.MethodInvocationProceedingJoinPoint.proceed(MethodInvocationProceedingJoinPoint.java:82)
	at com.wudd.aspect.ControllerLogAspect.controllerLogAspect(ControllerLogAspect.java:28)
	at java.base/jdk.internal.reflect.DirectMethodHandleAccessor.invoke(DirectMethodHandleAccessor.java:103)
	at java.base/java.lang.reflect.Method.invoke(Method.java:580)
	at org.springframework.aop.aspectj.AbstractAspectJAdvice.invokeAdviceMethodWithGivenArgs(AbstractAspectJAdvice.java:648)
	at org.springframework.aop.aspectj.AbstractAspectJAdvice.invokeAdviceMethod(AbstractAspectJAdvice.java:630)
	at org.springframework.aop.aspectj.AspectJAroundAdvice.invoke(AspectJAroundAdvice.java:70)
	at org.springframework.aop.framework.ReflectiveMethodInvocation.proceed(ReflectiveMethodInvocation.java:179)
	at org.springframework.aop.interceptor.ExposeInvocationInterceptor.invoke(ExposeInvocationInterceptor.java:96)
	at org.springframework.aop.framework.ReflectiveMethodInvocation.proceed(ReflectiveMethodInvocation.java:179)
	at org.springframework.aop.framework.CglibAopProxy$DynamicAdvisedInterceptor.intercept(CglibAopProxy.java:719)
	at com.wudd.controller.DeptController$$SpringCGLIB$$0.getDeptList(<generated>)
	at java.base/jdk.internal.reflect.DirectMethodHandleAccessor.invoke(DirectMethodHandleAccessor.java:103)
	at java.base/java.lang.reflect.Method.invoke(Method.java:580)
	at org.springframework.web.method.support.InvocableHandlerMethod.doInvoke(InvocableHandlerMethod.java:252)
	at org.springframework.web.method.support.InvocableHandlerMethod.invokeForRequest(InvocableHandlerMethod.java:184)
	at org.springframework.web.servlet.mvc.method.annotation.ServletInvocableHandlerMethod.invokeAndHandle(ServletInvocableHandlerMethod.java:117)
	at org.springframework.web.servlet.mvc.method.annotation.RequestMappingHandlerAdapter.invokeHandlerMethod(RequestMappingHandlerAdapter.java:934)
	at org.springframework.web.servlet.mvc.method.annotation.RequestMappingHandlerAdapter.handleInternal(RequestMappingHandlerAdapter.java:853)
	at org.springframework.web.servlet.mvc.method.AbstractHandlerMethodAdapter.handle(AbstractHandlerMethodAdapter.java:86)
	at org.springframework.web.servlet.DispatcherServlet.doDispatch(DispatcherServlet.java:963)
	at org.springframework.web.servlet.DispatcherServlet.doService(DispatcherServlet.java:866)
	at org.springframework.web.servlet.FrameworkServlet.processRequest(FrameworkServlet.java:1000)
	at org.springframework.web.servlet.FrameworkServlet.doGet(FrameworkServlet.java:892)
	at jakarta.servlet.http.HttpServlet.service(HttpServlet.java:622)
	at org.springframework.web.servlet.FrameworkServlet.service(FrameworkServlet.java:874)
	at jakarta.servlet.http.HttpServlet.service(HttpServlet.java:710)
	at org.apache.catalina.core.ApplicationFilterChain.doFilter(ApplicationFilterChain.java:132)
	at org.apache.tomcat.websocket.server.WsFilter.doFilter(WsFilter.java:59)
	at org.apache.catalina.core.ApplicationFilterChain.doFilter(ApplicationFilterChain.java:111)
	at org.springframework.web.filter.RequestContextFilter.doFilterInternal(RequestContextFilter.java:100)
	at org.springframework.web.filter.OncePerRequestFilter.doFilter(OncePerRequestFilter.java:116)
	at org.apache.catalina.core.ApplicationFilterChain.doFilter(ApplicationFilterChain.java:111)
	at org.springframework.web.filter.FormContentFilter.doFilterInternal(FormContentFilter.java:93)
	at org.springframework.web.filter.OncePerRequestFilter.doFilter(OncePerRequestFilter.java:116)
	at org.apache.catalina.core.ApplicationFilterChain.doFilter(ApplicationFilterChain.java:111)
	at org.springframework.web.filter.CharacterEncodingFilter.doFilterInternal(CharacterEncodingFilter.java:199)
	at org.springframework.web.filter.OncePerRequestFilter.doFilter(OncePerRequestFilter.java:116)
	at org.apache.catalina.core.ApplicationFilterChain.doFilter(ApplicationFilterChain.java:111)
	at org.apache.catalina.core.StandardWrapperValve.invoke(StandardWrapperValve.java:165)
	at org.apache.catalina.core.StandardContextValve.invoke(StandardContextValve.java:77)
	at org.apache.catalina.authenticator.AuthenticatorBase.invoke(AuthenticatorBase.java:535)
	at org.apache.catalina.core.StandardHostValve.invoke(StandardHostValve.java:115)
	at org.apache.catalina.valves.ErrorReportValve.invoke(ErrorReportValve.java:86)
	at org.apache.catalina.core.StandardEngineValve.invoke(StandardEngineValve.java:71)
	at org.apache.catalina.connector.CoyoteAdapter.service(CoyoteAdapter.java:347)
	at org.apache.coyote.http11.Http11Processor.service(Http11Processor.java:406)
	at org.apache.coyote.AbstractProcessorLight.process(AbstractProcessorLight.java:71)
	at org.apache.coyote.AbstractProtocol$ConnectionHandler.process(AbstractProtocol.java:1307)
	at org.apache.tomcat.util.net.NioEndpoint$SocketProcessor.doRun(NioEndpoint.java:2036)
	at org.apache.tomcat.util.net.SocketProcessorBase.run(SocketProcessorBase.java:74)
	at org.apache.tomcat.util.threads.ThreadPoolExecutor.runWorker(ThreadPoolExecutor.java:949)
	at org.apache.tomcat.util.threads.ThreadPoolExecutor$Worker.run(ThreadPoolExecutor.java:483)
	at org.apache.tomcat.util.threads.TaskThread$WrappingRunnable.run(TaskThread.java:74)
	at java.base/java.lang.Thread.run(Thread.java:1583)
Caused by: org.apache.ibatis.exceptions.PersistenceException: 
### Error querying database.  Cause: org.springframework.jdbc.CannotGetJdbcConnectionException: Failed to obtain JDBC Connection
### The error may exist in com/wudd/mapper/DeptMapper.java (best guess)
### The error may involve com.wudd.mapper.DeptMapper.getDeptList
### The error occurred while executing a query
### Cause: org.springframework.jdbc.CannotGetJdbcConnectionException: Failed to obtain JDBC Connection
	at org.apache.ibatis.exceptions.ExceptionFactory.wrapException(ExceptionFactory.java:30)
	at org.apache.ibatis.session.defaults.DefaultSqlSession.selectList(DefaultSqlSession.java:156)
	at org.apache.ibatis.session.defaults.DefaultSqlSession.selectList(DefaultSqlSession.java:147)
	at org.apache.ibatis.session.defaults.DefaultSqlSession.selectList(DefaultSqlSession.java:142)
	at java.base/jdk.internal.reflect.DirectMethodHandleAccessor.invoke(DirectMethodHandleAccessor.java:103)
	at java.base/java.lang.reflect.Method.invoke(Method.java:580)
	at org.mybatis.spring.SqlSessionTemplate$SqlSessionInterceptor.invoke(SqlSessionTemplate.java:348)
	... 69 common frames omitted
Caused by: org.springframework.jdbc.CannotGetJdbcConnectionException: Failed to obtain JDBC Connection
	at org.springframework.jdbc.datasource.DataSourceUtils.getConnection(DataSourceUtils.java:84)
	at org.mybatis.spring.transaction.SpringManagedTransaction.openConnection(SpringManagedTransaction.java:83)
	at org.mybatis.spring.transaction.SpringManagedTransaction.getConnection(SpringManagedTransaction.java:70)
	at org.apache.ibatis.executor.BaseExecutor.getConnection(BaseExecutor.java:348)
	at org.apache.ibatis.executor.SimpleExecutor.prepareStatement(SimpleExecutor.java:89)
	at org.apache.ibatis.executor.SimpleExecutor.doQuery(SimpleExecutor.java:64)
	at org.apache.ibatis.executor.BaseExecutor.queryFromDatabase(BaseExecutor.java:336)
	at org.apache.ibatis.executor.BaseExecutor.query(BaseExecutor.java:158)
	at org.apache.ibatis.executor.CachingExecutor.query(CachingExecutor.java:110)
	at org.apache.ibatis.executor.CachingExecutor.query(CachingExecutor.java:90)
	at org.apache.ibatis.session.defaults.DefaultSqlSession.selectList(DefaultSqlSession.java:154)
	... 74 common frames omitted
Caused by: com.mysql.cj.jdbc.exceptions.CommunicationsException: Communications link failure

The last packet sent successfully to the server was 0 milliseconds ago. The driver has not received any packets from the server.
	at com.mysql.cj.jdbc.exceptions.SQLError.createCommunicationsException(SQLError.java:165)
	at com.mysql.cj.jdbc.exceptions.SQLExceptionsMapping.translateException(SQLExceptionsMapping.java:55)
	at com.mysql.cj.jdbc.ConnectionImpl.createNewIO(ConnectionImpl.java:840)
	at com.mysql.cj.jdbc.ConnectionImpl.<init>(ConnectionImpl.java:416)
	at com.mysql.cj.jdbc.ConnectionImpl.getInstance(ConnectionImpl.java:237)
	at com.mysql.cj.jdbc.NonRegisteringDriver.connect(NonRegisteringDriver.java:180)
	at com.zaxxer.hikari.util.DriverDataSource.getConnection(DriverDataSource.java:144)
	at com.zaxxer.hikari.pool.PoolBase.newConnection(PoolBase.java:373)
	at com.zaxxer.hikari.pool.PoolBase.newPoolEntry(PoolBase.java:210)
	at com.zaxxer.hikari.pool.HikariPool.createPoolEntry(HikariPool.java:488)
	at com.zaxxer.hikari.pool.HikariPool.checkFailFast(HikariPool.java:576)
	at com.zaxxer.hikari.pool.HikariPool.<init>(HikariPool.java:97)
	at com.zaxxer.hikari.HikariDataSource.getConnection(HikariDataSource.java:111)
	at org.springframework.jdbc.datasource.DataSourceUtils.fetchConnection(DataSourceUtils.java:160)
	at org.springframework.jdbc.datasource.DataSourceUtils.doGetConnection(DataSourceUtils.java:118)
	at org.springframework.jdbc.datasource.DataSourceUtils.getConnection(DataSourceUtils.java:81)
	... 84 common frames omitted
Caused by: com.mysql.cj.exceptions.CJCommunicationsException: Communications link failure

The last packet sent successfully to the server was 0 milliseconds ago. The driver has not received any packets from the server.
	at java.base/jdk.internal.reflect.DirectConstructorHandleAccessor.newInstance(DirectConstructorHandleAccessor.java:62)
	at java.base/java.lang.reflect.Constructor.newInstanceWithCaller(Constructor.java:502)
	at java.base/java.lang.reflect.Constructor.newInstance(Constructor.java:486)
	at com.mysql.cj.exceptions.ExceptionFactory.createException(ExceptionFactory.java:52)
	at com.mysql.cj.exceptions.ExceptionFactory.createException(ExceptionFactory.java:95)
	at com.mysql.cj.exceptions.ExceptionFactory.createException(ExceptionFactory.java:140)
	at com.mysql.cj.exceptions.ExceptionFactory.createCommunicationsException(ExceptionFactory.java:156)
	at com.mysql.cj.protocol.a.NativeSocketConnection.connect(NativeSocketConnection.java:79)
	at com.mysql.cj.NativeSession.connect(NativeSession.java:142)
	at com.mysql.cj.jdbc.ConnectionImpl.connectOneTryOnly(ConnectionImpl.java:964)
	at com.mysql.cj.jdbc.ConnectionImpl.createNewIO(ConnectionImpl.java:828)
	... 97 common frames omitted
Caused by: java.net.ConnectException: Connection refused: getsockopt
	at java.base/sun.nio.ch.Net.pollConnect(Native Method)
	at java.base/sun.nio.ch.Net.pollConnectNow(Net.java:690)
	at java.base/sun.nio.ch.NioSocketImpl.timedFinishConnect(NioSocketImpl.java:542)
	at java.base/sun.nio.ch.NioSocketImpl.connect(NioSocketImpl.java:592)
	at java.base/java.net.SocksSocketImpl.connect(SocksSocketImpl.java:327)
	at java.base/java.net.Socket.connect(Socket.java:751)
	at com.mysql.cj.protocol.StandardSocketFactory.connect(StandardSocketFactory.java:144)
	at com.mysql.cj.protocol.a.NativeSocketConnection.connect(NativeSocketConnection.java:53)
	... 100 common frames omitted
2026-09-10 09:38:38 [http-nio-8080-exec-3] INFO  com.wudd.controller.EmpController - 查询员工列表请求
2026-09-10 09:38:38 [http-nio-8080-exec-3] INFO  com.zaxxer.hikari.HikariDataSource - HikariPool-1 - Starting...
2026-09-10 09:38:39 [http-nio-8080-exec-3] ERROR com.wudd.exception.GlobalExceptionHandler - 全局异常处理器-拦截到异常：
org.mybatis.spring.MyBatisSystemException: 
### Error querying database.  Cause: org.springframework.jdbc.CannotGetJdbcConnectionException: Failed to obtain JDBC Connection
### The error may exist in com/wudd/mapper/EmpMapper.xml
### The error may involve com.wudd.mapper.EmpMapper.queryEmpCount
### The error occurred while executing a query
### Cause: org.springframework.jdbc.CannotGetJdbcConnectionException: Failed to obtain JDBC Connection
	at org.mybatis.spring.MyBatisExceptionTranslator.translateExceptionIfPossible(MyBatisExceptionTranslator.java:101)
	at org.mybatis.spring.SqlSessionTemplate$SqlSessionInterceptor.invoke(SqlSessionTemplate.java:362)
	at jdk.proxy2/jdk.proxy2.$Proxy75.selectOne(Unknown Source)
	at org.mybatis.spring.SqlSessionTemplate.selectOne(SqlSessionTemplate.java:169)
	at org.apache.ibatis.binding.MapperMethod.execute(MapperMethod.java:87)
	at org.apache.ibatis.binding.MapperProxy$PlainMethodInvoker.invoke(MapperProxy.java:141)
	at org.apache.ibatis.binding.MapperProxy.invoke(MapperProxy.java:86)
	at jdk.proxy2/jdk.proxy2.$Proxy82.queryEmpCount(Unknown Source)
	at com.wudd.server.impl.EmpServerImpl.queryEmpList(EmpServerImpl.java:21)
	at com.wudd.controller.EmpController.queryEmpList(EmpController.java:25)
	at java.base/jdk.internal.reflect.DirectMethodHandleAccessor.invoke(DirectMethodHandleAccessor.java:103)
	at java.base/java.lang.reflect.Method.invoke(Method.java:580)
	at org.springframework.aop.support.AopUtils.invokeJoinpointUsingReflection(AopUtils.java:359)
	at org.springframework.aop.framework.ReflectiveMethodInvocation.invokeJoinpoint(ReflectiveMethodInvocation.java:190)
	at org.springframework.aop.framework.ReflectiveMethodInvocation.proceed(ReflectiveMethodInvocation.java:158)
	at org.springframework.aop.aspectj.MethodInvocationProceedingJoinPoint.proceed(MethodInvocationProceedingJoinPoint.java:82)
	at com.wudd.aspect.ControllerLogAspect.controllerLogAspect(ControllerLogAspect.java:28)
	at java.base/jdk.internal.reflect.DirectMethodHandleAccessor.invoke(DirectMethodHandleAccessor.java:103)
	at java.base/java.lang.reflect.Method.invoke(Method.java:580)
	at org.springframework.aop.aspectj.AbstractAspectJAdvice.invokeAdviceMethodWithGivenArgs(AbstractAspectJAdvice.java:648)
	at org.springframework.aop.aspectj.AbstractAspectJAdvice.invokeAdviceMethod(AbstractAspectJAdvice.java:630)
	at org.springframework.aop.aspectj.AspectJAroundAdvice.invoke(AspectJAroundAdvice.java:70)
	at org.springframework.aop.framework.ReflectiveMethodInvocation.proceed(ReflectiveMethodInvocation.java:179)
	at org.springframework.aop.interceptor.ExposeInvocationInterceptor.invoke(ExposeInvocationInterceptor.java:96)
	at org.springframework.aop.framework.ReflectiveMethodInvocation.proceed(ReflectiveMethodInvocation.java:179)
	at org.springframework.aop.framework.CglibAopProxy$DynamicAdvisedInterceptor.intercept(CglibAopProxy.java:719)
	at com.wudd.controller.EmpController$$SpringCGLIB$$0.queryEmpList(<generated>)
	at java.base/jdk.internal.reflect.DirectMethodHandleAccessor.invoke(DirectMethodHandleAccessor.java:103)
	at java.base/java.lang.reflect.Method.invoke(Method.java:580)
	at org.springframework.web.method.support.InvocableHandlerMethod.doInvoke(InvocableHandlerMethod.java:252)
	at org.springframework.web.method.support.InvocableHandlerMethod.invokeForRequest(InvocableHandlerMethod.java:184)
	at org.springframework.web.servlet.mvc.method.annotation.ServletInvocableHandlerMethod.invokeAndHandle(ServletInvocableHandlerMethod.java:117)
	at org.springframework.web.servlet.mvc.method.annotation.RequestMappingHandlerAdapter.invokeHandlerMethod(RequestMappingHandlerAdapter.java:934)
	at org.springframework.web.servlet.mvc.method.annotation.RequestMappingHandlerAdapter.handleInternal(RequestMappingHandlerAdapter.java:853)
	at org.springframework.web.servlet.mvc.method.AbstractHandlerMethodAdapter.handle(AbstractHandlerMethodAdapter.java:86)
	at org.springframework.web.servlet.DispatcherServlet.doDispatch(DispatcherServlet.java:963)
	at org.springframework.web.servlet.DispatcherServlet.doService(DispatcherServlet.java:866)
	at org.springframework.web.servlet.FrameworkServlet.processRequest(FrameworkServlet.java:1000)
	at org.springframework.web.servlet.FrameworkServlet.doGet(FrameworkServlet.java:892)
	at jakarta.servlet.http.HttpServlet.service(HttpServlet.java:622)
	at org.springframework.web.servlet.FrameworkServlet.service(FrameworkServlet.java:874)
	at jakarta.servlet.http.HttpServlet.service(HttpServlet.java:710)
	at org.apache.catalina.core.ApplicationFilterChain.doFilter(ApplicationFilterChain.java:132)
	at org.apache.tomcat.websocket.server.WsFilter.doFilter(WsFilter.java:59)
	at org.apache.catalina.core.ApplicationFilterChain.doFilter(ApplicationFilterChain.java:111)
	at org.springframework.web.filter.RequestContextFilter.doFilterInternal(RequestContextFilter.java:100)
	at org.springframework.web.filter.OncePerRequestFilter.doFilter(OncePerRequestFilter.java:116)
	at org.apache.catalina.core.ApplicationFilterChain.doFilter(ApplicationFilterChain.java:111)
	at org.springframework.web.filter.FormContentFilter.doFilterInternal(FormContentFilter.java:93)
	at org.springframework.web.filter.OncePerRequestFilter.doFilter(OncePerRequestFilter.java:116)
	at org.apache.catalina.core.ApplicationFilterChain.doFilter(ApplicationFilterChain.java:111)
	at org.springframework.web.filter.CharacterEncodingFilter.doFilterInternal(CharacterEncodingFilter.java:199)
	at org.springframework.web.filter.OncePerRequestFilter.doFilter(OncePerRequestFilter.java:116)
	at org.apache.catalina.core.ApplicationFilterChain.doFilter(ApplicationFilterChain.java:111)
	at org.apache.catalina.core.StandardWrapperValve.invoke(StandardWrapperValve.java:165)
	at org.apache.catalina.core.StandardContextValve.invoke(StandardContextValve.java:77)
	at org.apache.catalina.authenticator.AuthenticatorBase.invoke(AuthenticatorBase.java:535)
	at org.apache.catalina.core.StandardHostValve.invoke(StandardHostValve.java:115)
	at org.apache.catalina.valves.ErrorReportValve.invoke(ErrorReportValve.java:86)
	at org.apache.catalina.core.StandardEngineValve.invoke(StandardEngineValve.java:71)
	at org.apache.catalina.connector.CoyoteAdapter.service(CoyoteAdapter.java:347)
	at org.apache.coyote.http11.Http11Processor.service(Http11Processor.java:406)
	at org.apache.coyote.AbstractProcessorLight.process(AbstractProcessorLight.java:71)
	at org.apache.coyote.AbstractProtocol$ConnectionHandler.process(AbstractProtocol.java:1307)
	at org.apache.tomcat.util.net.NioEndpoint$SocketProcessor.doRun(NioEndpoint.java:2036)
	at org.apache.tomcat.util.net.SocketProcessorBase.run(SocketProcessorBase.java:74)
	at org.apache.tomcat.util.threads.ThreadPoolExecutor.runWorker(ThreadPoolExecutor.java:949)
	at org.apache.tomcat.util.threads.ThreadPoolExecutor$Worker.run(ThreadPoolExecutor.java:483)
	at org.apache.tomcat.util.threads.TaskThread$WrappingRunnable.run(TaskThread.java:74)
	at java.base/java.lang.Thread.run(Thread.java:1583)
Caused by: org.apache.ibatis.exceptions.PersistenceException: 
### Error querying database.  Cause: org.springframework.jdbc.CannotGetJdbcConnectionException: Failed to obtain JDBC Connection
### The error may exist in com/wudd/mapper/EmpMapper.xml
### The error may involve com.wudd.mapper.EmpMapper.queryEmpCount
### The error occurred while executing a query
### Cause: org.springframework.jdbc.CannotGetJdbcConnectionException: Failed to obtain JDBC Connection
	at org.apache.ibatis.exceptions.ExceptionFactory.wrapException(ExceptionFactory.java:30)
	at org.apache.ibatis.session.defaults.DefaultSqlSession.selectList(DefaultSqlSession.java:156)
	at org.apache.ibatis.session.defaults.DefaultSqlSession.selectList(DefaultSqlSession.java:147)
	at org.apache.ibatis.session.defaults.DefaultSqlSession.selectList(DefaultSqlSession.java:142)
	at org.apache.ibatis.session.defaults.DefaultSqlSession.selectOne(DefaultSqlSession.java:75)
	at java.base/jdk.internal.reflect.DirectMethodHandleAccessor.invoke(DirectMethodHandleAccessor.java:103)
	at java.base/java.lang.reflect.Method.invoke(Method.java:580)
	at org.mybatis.spring.SqlSessionTemplate$SqlSessionInterceptor.invoke(SqlSessionTemplate.java:348)
	... 68 common frames omitted
Caused by: org.springframework.jdbc.CannotGetJdbcConnectionException: Failed to obtain JDBC Connection
	at org.springframework.jdbc.datasource.DataSourceUtils.getConnection(DataSourceUtils.java:84)
	at org.mybatis.spring.transaction.SpringManagedTransaction.openConnection(SpringManagedTransaction.java:83)
	at org.mybatis.spring.transaction.SpringManagedTransaction.getConnection(SpringManagedTransaction.java:70)
	at org.apache.ibatis.executor.BaseExecutor.getConnection(BaseExecutor.java:348)
	at org.apache.ibatis.executor.SimpleExecutor.prepareStatement(SimpleExecutor.java:89)
	at org.apache.ibatis.executor.SimpleExecutor.doQuery(SimpleExecutor.java:64)
	at org.apache.ibatis.executor.BaseExecutor.queryFromDatabase(BaseExecutor.java:336)
	at org.apache.ibatis.executor.BaseExecutor.query(BaseExecutor.java:158)
	at org.apache.ibatis.executor.CachingExecutor.query(CachingExecutor.java:110)
	at org.apache.ibatis.executor.CachingExecutor.query(CachingExecutor.java:90)
	at org.apache.ibatis.session.defaults.DefaultSqlSession.selectList(DefaultSqlSession.java:154)
	... 74 common frames omitted
Caused by: com.mysql.cj.jdbc.exceptions.CommunicationsException: Communications link failure

The last packet sent successfully to the server was 0 milliseconds ago. The driver has not received any packets from the server.
	at com.mysql.cj.jdbc.exceptions.SQLError.createCommunicationsException(SQLError.java:165)
	at com.mysql.cj.jdbc.exceptions.SQLExceptionsMapping.translateException(SQLExceptionsMapping.java:55)
	at com.mysql.cj.jdbc.ConnectionImpl.createNewIO(ConnectionImpl.java:840)
	at com.mysql.cj.jdbc.ConnectionImpl.<init>(ConnectionImpl.java:416)
	at com.mysql.cj.jdbc.ConnectionImpl.getInstance(ConnectionImpl.java:237)
	at com.mysql.cj.jdbc.NonRegisteringDriver.connect(NonRegisteringDriver.java:180)
	at com.zaxxer.hikari.util.DriverDataSource.getConnection(DriverDataSource.java:144)
	at com.zaxxer.hikari.pool.PoolBase.newConnection(PoolBase.java:373)
	at com.zaxxer.hikari.pool.PoolBase.newPoolEntry(PoolBase.java:210)
	at com.zaxxer.hikari.pool.HikariPool.createPoolEntry(HikariPool.java:488)
	at com.zaxxer.hikari.pool.HikariPool.checkFailFast(HikariPool.java:576)
	at com.zaxxer.hikari.pool.HikariPool.<init>(HikariPool.java:97)
	at com.zaxxer.hikari.HikariDataSource.getConnection(HikariDataSource.java:111)
	at org.springframework.jdbc.datasource.DataSourceUtils.fetchConnection(DataSourceUtils.java:160)
	at org.springframework.jdbc.datasource.DataSourceUtils.doGetConnection(DataSourceUtils.java:118)
	at org.springframework.jdbc.datasource.DataSourceUtils.getConnection(DataSourceUtils.java:81)
	... 84 common frames omitted
Caused by: com.mysql.cj.exceptions.CJCommunicationsException: Communications link failure

The last packet sent successfully to the server was 0 milliseconds ago. The driver has not received any packets from the server.
	at java.base/jdk.internal.reflect.DirectConstructorHandleAccessor.newInstance(DirectConstructorHandleAccessor.java:62)
	at java.base/java.lang.reflect.Constructor.newInstanceWithCaller(Constructor.java:502)
	at java.base/java.lang.reflect.Constructor.newInstance(Constructor.java:486)
	at com.mysql.cj.exceptions.ExceptionFactory.createException(ExceptionFactory.java:52)
	at com.mysql.cj.exceptions.ExceptionFactory.createException(ExceptionFactory.java:95)
	at com.mysql.cj.exceptions.ExceptionFactory.createException(ExceptionFactory.java:140)
	at com.mysql.cj.exceptions.ExceptionFactory.createCommunicationsException(ExceptionFactory.java:156)
	at com.mysql.cj.protocol.a.NativeSocketConnection.connect(NativeSocketConnection.java:79)
	at com.mysql.cj.NativeSession.connect(NativeSession.java:142)
	at com.mysql.cj.jdbc.ConnectionImpl.connectOneTryOnly(ConnectionImpl.java:964)
	at com.mysql.cj.jdbc.ConnectionImpl.createNewIO(ConnectionImpl.java:828)
	... 97 common frames omitted
Caused by: java.net.ConnectException: Connection refused: getsockopt
	at java.base/sun.nio.ch.Net.pollConnect(Native Method)
	at java.base/sun.nio.ch.Net.pollConnectNow(Net.java:690)
	at java.base/sun.nio.ch.NioSocketImpl.timedFinishConnect(NioSocketImpl.java:542)
	at java.base/sun.nio.ch.NioSocketImpl.connect(NioSocketImpl.java:592)
	at java.base/java.net.SocksSocketImpl.connect(SocksSocketImpl.java:327)
	at java.base/java.net.Socket.connect(Socket.java:751)
	at com.mysql.cj.protocol.StandardSocketFactory.connect(StandardSocketFactory.java:144)
	at com.mysql.cj.protocol.a.NativeSocketConnection.connect(NativeSocketConnection.java:53)
	... 100 common frames omitted
2026-09-10 09:39:14 [http-nio-8080-exec-4] INFO  com.wudd.controller.EmpController - 查询员工列表请求
2026-09-10 09:39:14 [http-nio-8080-exec-4] INFO  com.zaxxer.hikari.HikariDataSource - HikariPool-1 - Starting...
2026-09-10 09:39:15 [http-nio-8080-exec-4] INFO  com.zaxxer.hikari.pool.HikariPool - HikariPool-1 - Added connection com.mysql.cj.jdbc.ConnectionImpl@29f9beb9
2026-09-10 09:39:15 [http-nio-8080-exec-4] INFO  com.zaxxer.hikari.HikariDataSource - HikariPool-1 - Start completed.
2026-09-10 09:39:15 [http-nio-8080-exec-4] INFO  com.wudd.aspect.ControllerLogAspect - 总结该次操作 请求调用：com.wudd.controller.EmpController.queryEmpList(searchInfo=SearchInfo(name=, gender=null, job=, begin=null, end=null)) 执行耗时：413ms  |方法返回：Result(code=1, msg=success, data=SearchResult(total=11, empList=[Emp(id=1, name=王吉意, username=wangjiyi, gender=1, avatar=1.jpg, dept=教研部, dept_id=null, job=讲师, job_id=null, entryDate=2026-10-08, updateTime=2026-10-08T15:07:47, exprList=[Expr(id=1, company=百度, begin=2021-09-07, end=2022-11-03, job=java开发工程师)]), Emp(id=2, name=王洋洋, username=wangyangyang, gender=1, avatar=2.jpg, dept=就业部, dept_id=null, job=业务咨询, job_id=null, entryDate=2026-10-08, updateTime=2026-10-08T15:07:47, exprList=[Expr(id=2, company=字节, begin=2011-09-07, end=2017-11-03, job=游戏策划)]), Emp(id=3, name=孙境静, username=sunjingjin, gender=2, avatar=3.jpg, dept=咨询部, dept_id=null, job=活动策划, job_id=null, entryDate=2026-10-08, updateTime=2026-10-08T15:07:47, exprList=[Expr(id=3, company=阿里, begin=2020-09-07, end=2021-11-03, job=云存储工程师)]), Emp(id=4, name=王老吉, username=wanglaoji, gender=1, avatar=4.jpg, dept=教研部, dept_id=null, job=教学主管, job_id=null, entryDate=2026-10-08, updateTime=2026-10-08T15:07:47, exprList=[Expr(id=5, company=高德, begin=2011-09-07, end=2022-01-03, job=测试工程师), Expr(id=4, company=腾讯, begin=2021-09-27, end=2022-12-03, job=王者荣耀活动策划)]), Emp(id=5, name=意林天, username=yilingtian, gender=1, avatar=5.jpg, dept=教研部, dept_id=null, job=心里咨询师, job_id=null, entryDate=2026-10-08, updateTime=2026-10-08T15:07:47, exprList=[Expr(id=6, company=淘宝, begin=2015-09-07, end=2022-11-03, job=货源审核师)]), Emp(id=6, name=刘雅雯, username=niuyawen, gender=2, avatar=6.jpg, dept=咨询部, dept_id=null, job=喵喵配音师, job_id=null, entryDate=2026-10-08, updateTime=2026-10-08T15:07:47, exprList=[Expr(id=7, company=拼多多, begin=2017-09-07, end=2022-11-03, job=活动策划)]), Emp(id=7, name=盘王浩, username=pangwanghao, gender=1, avatar=7.jpg, dept=无忧部, dept_id=null, job=时间管理师, job_id=null, entryDate=2026-10-08, updateTime=2026-10-08T15:07:47, exprList=[Expr(id=8, company=咸鱼, begin=2019-09-07, end=2022-11-03, job=客服)]), Emp(id=8, name=赖兵则, username=laibingze, gender=1, avatar=8.jpg, dept=无忧部, dept_id=null, job=时间管理师, job_id=null, entryDate=2026-10-08, updateTime=2026-10-08T15:07:47, exprList=[Expr(id=9, company=微软, begin=2018-09-07, end=2022-11-03, job=软件开发工程师)]), Emp(id=9, name=苏柯累, username=sukelei, gender=1, avatar=9.jpg, dept=喵喵部, dept_id=null, job=喵喵技术美术, job_id=null, entryDate=2026-10-08, updateTime=2026-10-08T15:07:47, exprList=[Expr(id=11, company=雀巢, begin=2025-09-07, end=2026-08-03, job=技术美术), Expr(id=10, company=影视飓风, begin=2024-09-07, end=2025-11-03, job=视频剪辑师)]), Emp(id=10, name=岚风, username=lanfeng, gender=1, avatar=10.jpg, dept=教研部, dept_id=null, job=喵喵配音师, job_id=null, entryDate=2026-10-08, updateTime=2026-10-08T15:07:47, exprList=[]), Emp(id=11, name=喵喵, username=miaomiao, gender=2, avatar=11.jpg, dept=null, dept_id=null, job=null, job_id=null, entryDate=2026-10-08, updateTime=2026-10-08T16:27:57, exprList=[])]))
2026-09-10 09:39:16 [http-nio-8080-exec-5] INFO  com.wudd.controller.DeptController - 部门列表查询请求
2026-09-10 09:39:16 [http-nio-8080-exec-5] INFO  com.wudd.aspect.ControllerLogAspect - 总结该次操作 请求调用：com.wudd.controller.DeptController.getDeptList(无参数) 执行耗时：6ms  |方法返回：Result(code=1, msg=success, data=[Dept(id=1, name=其它, createTime=2026-10-08T14:38:56, updateTime=2026-10-08T14:38:56), Dept(id=2, name=教研部, createTime=2026-08-20T14:42:59, updateTime=2026-08-20T15:31:13), Dept(id=3, name=咨询部, createTime=2026-08-20T14:42:59, updateTime=2026-08-20T15:30:58), Dept(id=4, name=就业部, createTime=2026-08-20T14:42:59, updateTime=2026-08-20T14:42:59), Dept(id=5, name=人事部, createTime=2026-08-20T14:42:59, updateTime=2026-08-20T15:31:03), Dept(id=7, name=无忧部, createTime=2026-08-21T22:11, updateTime=2026-08-22T09:17:31), Dept(id=8, name=测试部, createTime=2026-08-22T15:26:31, updateTime=2026-08-22T15:26:31), Dept(id=10, name=天才部, createTime=2026-08-22T15:30:30, updateTime=2026-08-22T15:30:30), Dept(id=13, name=喵喵部, createTime=2026-10-04T20:20:25, updateTime=2026-10-04T20:20:25), Dept(id=14, name=佐佐木部, createTime=2026-10-04T20:20:41, updateTime=2026-10-04T20:20:41), Dept(id=15, name=音乐部, createTime=2026-10-05T16:19:46, updateTime=2026-10-05T16:19:46), Dept(id=17, name=时间部, createTime=2026-10-05T17:50:40, updateTime=2026-10-06T17:03:43), Dept(id=18, name=烟民部, createTime=2026-10-05T17:57:49, updateTime=2026-10-06T15:21:41), Dept(id=19, name=美味零食部, createTime=2026-10-06T09:38:21, updateTime=2026-10-06T16:52:31), Dept(id=23, name=动漫部, createTime=2026-10-06T15:48:13, updateTime=2026-10-06T15:48:13), Dept(id=26, name=学学部, createTime=2026-08-20T14:42:59, updateTime=2026-08-22T15:36:34)])
2026-09-10 09:39:17 [http-nio-8080-exec-6] INFO  com.wudd.controller.EmpController - 查询员工列表请求
2026-09-10 09:39:17 [http-nio-8080-exec-6] INFO  com.wudd.aspect.ControllerLogAspect - 总结该次操作 请求调用：com.wudd.controller.EmpController.queryEmpList(searchInfo=SearchInfo(name=, gender=null, job=, begin=null, end=null)) 执行耗时：12ms  |方法返回：Result(code=1, msg=success, data=SearchResult(total=11, empList=[Emp(id=1, name=王吉意, username=wangjiyi, gender=1, avatar=1.jpg, dept=教研部, dept_id=null, job=讲师, job_id=null, entryDate=2026-10-08, updateTime=2026-10-08T15:07:47, exprList=[Expr(id=1, company=百度, begin=2021-09-07, end=2022-11-03, job=java开发工程师)]), Emp(id=2, name=王洋洋, username=wangyangyang, gender=1, avatar=2.jpg, dept=就业部, dept_id=null, job=业务咨询, job_id=null, entryDate=2026-10-08, updateTime=2026-10-08T15:07:47, exprList=[Expr(id=2, company=字节, begin=2011-09-07, end=2017-11-03, job=游戏策划)]), Emp(id=3, name=孙境静, username=sunjingjin, gender=2, avatar=3.jpg, dept=咨询部, dept_id=null, job=活动策划, job_id=null, entryDate=2026-10-08, updateTime=2026-10-08T15:07:47, exprList=[Expr(id=3, company=阿里, begin=2020-09-07, end=2021-11-03, job=云存储工程师)]), Emp(id=4, name=王老吉, username=wanglaoji, gender=1, avatar=4.jpg, dept=教研部, dept_id=null, job=教学主管, job_id=null, entryDate=2026-10-08, updateTime=2026-10-08T15:07:47, exprList=[Expr(id=5, company=高德, begin=2011-09-07, end=2022-01-03, job=测试工程师), Expr(id=4, company=腾讯, begin=2021-09-27, end=2022-12-03, job=王者荣耀活动策划)]), Emp(id=5, name=意林天, username=yilingtian, gender=1, avatar=5.jpg, dept=教研部, dept_id=null, job=心里咨询师, job_id=null, entryDate=2026-10-08, updateTime=2026-10-08T15:07:47, exprList=[Expr(id=6, company=淘宝, begin=2015-09-07, end=2022-11-03, job=货源审核师)]), Emp(id=6, name=刘雅雯, username=niuyawen, gender=2, avatar=6.jpg, dept=咨询部, dept_id=null, job=喵喵配音师, job_id=null, entryDate=2026-10-08, updateTime=2026-10-08T15:07:47, exprList=[Expr(id=7, company=拼多多, begin=2017-09-07, end=2022-11-03, job=活动策划)]), Emp(id=7, name=盘王浩, username=pangwanghao, gender=1, avatar=7.jpg, dept=无忧部, dept_id=null, job=时间管理师, job_id=null, entryDate=2026-10-08, updateTime=2026-10-08T15:07:47, exprList=[Expr(id=8, company=咸鱼, begin=2019-09-07, end=2022-11-03, job=客服)]), Emp(id=8, name=赖兵则, username=laibingze, gender=1, avatar=8.jpg, dept=无忧部, dept_id=null, job=时间管理师, job_id=null, entryDate=2026-10-08, updateTime=2026-10-08T15:07:47, exprList=[Expr(id=9, company=微软, begin=2018-09-07, end=2022-11-03, job=软件开发工程师)]), Emp(id=9, name=苏柯累, username=sukelei, gender=1, avatar=9.jpg, dept=喵喵部, dept_id=null, job=喵喵技术美术, job_id=null, entryDate=2026-10-08, updateTime=2026-10-08T15:07:47, exprList=[Expr(id=11, company=雀巢, begin=2025-09-07, end=2026-08-03, job=技术美术), Expr(id=10, company=影视飓风, begin=2024-09-07, end=2025-11-03, job=视频剪辑师)]), Emp(id=10, name=岚风, username=lanfeng, gender=1, avatar=10.jpg, dept=教研部, dept_id=null, job=喵喵配音师, job_id=null, entryDate=2026-10-08, updateTime=2026-10-08T15:07:47, exprList=[]), Emp(id=11, name=喵喵, username=miaomiao, gender=2, avatar=11.jpg, dept=null, dept_id=null, job=null, job_id=null, entryDate=2026-10-08, updateTime=2026-10-08T16:27:57, exprList=[])]))
2026-09-10 09:39:23 [http-nio-8080-exec-7] INFO  com.wudd.controller.DeptController - 部门列表查询请求
2026-09-10 09:39:23 [http-nio-8080-exec-7] INFO  com.wudd.aspect.ControllerLogAspect - 总结该次操作 请求调用：com.wudd.controller.DeptController.getDeptList(无参数) 执行耗时：5ms  |方法返回：Result(code=1, msg=success, data=[Dept(id=1, name=其它, createTime=2026-10-08T14:38:56, updateTime=2026-10-08T14:38:56), Dept(id=2, name=教研部, createTime=2026-08-20T14:42:59, updateTime=2026-08-20T15:31:13), Dept(id=3, name=咨询部, createTime=2026-08-20T14:42:59, updateTime=2026-08-20T15:30:58), Dept(id=4, name=就业部, createTime=2026-08-20T14:42:59, updateTime=2026-08-20T14:42:59), Dept(id=5, name=人事部, createTime=2026-08-20T14:42:59, updateTime=2026-08-20T15:31:03), Dept(id=7, name=无忧部, createTime=2026-08-21T22:11, updateTime=2026-08-22T09:17:31), Dept(id=8, name=测试部, createTime=2026-08-22T15:26:31, updateTime=2026-08-22T15:26:31), Dept(id=10, name=天才部, createTime=2026-08-22T15:30:30, updateTime=2026-08-22T15:30:30), Dept(id=13, name=喵喵部, createTime=2026-10-04T20:20:25, updateTime=2026-10-04T20:20:25), Dept(id=14, name=佐佐木部, createTime=2026-10-04T20:20:41, updateTime=2026-10-04T20:20:41), Dept(id=15, name=音乐部, createTime=2026-10-05T16:19:46, updateTime=2026-10-05T16:19:46), Dept(id=17, name=时间部, createTime=2026-10-05T17:50:40, updateTime=2026-10-06T17:03:43), Dept(id=18, name=烟民部, createTime=2026-10-05T17:57:49, updateTime=2026-10-06T15:21:41), Dept(id=19, name=美味零食部, createTime=2026-10-06T09:38:21, updateTime=2026-10-06T16:52:31), Dept(id=23, name=动漫部, createTime=2026-10-06T15:48:13, updateTime=2026-10-06T15:48:13), Dept(id=26, name=学学部, createTime=2026-08-20T14:42:59, updateTime=2026-08-22T15:36:34)])
2026-09-10 09:39:23 [http-nio-8080-exec-8] INFO  com.wudd.controller.JobController - 职位列表查询
2026-09-10 09:39:23 [http-nio-8080-exec-8] INFO  com.wudd.aspect.ControllerLogAspect - 总结该次操作 请求调用：com.wudd.controller.JobController.queryJobList(无参数) 执行耗时：5ms  |方法返回：Result(code=1, msg=success, data=[Job(id=1, name=讲师, deptId=2, content=做为公司的技能老师，策划并提供教学课程), Job(id=2, name=教学主管, deptId=2, content=负责管理课程制作的进程和质量), Job(id=3, name=业务咨询, deptId=3, content=为员工/合作伙伴解释公司业务), Job(id=4, name=活动策划, deptId=7, content=负责组织公司内部活动，团建员工), Job(id=5, name=心里咨询师, deptId=7, content=负责员工心理健康), Job(id=6, name=喵喵配音师, deptId=13, content=负责为喵喵角色配音), Job(id=7, name=喵喵技术美术, deptId=13, content=渲染喵喵的特效), Job(id=8, name=时间管理师, deptId=17, content=负责研发指定工作/出差/会议……等时间安排)])
2026-09-10 09:39:29 [http-nio-8080-exec-9] INFO  com.wudd.controller.DeptController - 部门列表查询请求
2026-09-10 09:39:29 [http-nio-8080-exec-9] INFO  com.wudd.aspect.ControllerLogAspect - 总结该次操作 请求调用：com.wudd.controller.DeptController.getDeptList(无参数) 执行耗时：3ms  |方法返回：Result(code=1, msg=success, data=[Dept(id=1, name=其它, createTime=2026-10-08T14:38:56, updateTime=2026-10-08T14:38:56), Dept(id=2, name=教研部, createTime=2026-08-20T14:42:59, updateTime=2026-08-20T15:31:13), Dept(id=3, name=咨询部, createTime=2026-08-20T14:42:59, updateTime=2026-08-20T15:30:58), Dept(id=4, name=就业部, createTime=2026-08-20T14:42:59, updateTime=2026-08-20T14:42:59), Dept(id=5, name=人事部, createTime=2026-08-20T14:42:59, updateTime=2026-08-20T15:31:03), Dept(id=7, name=无忧部, createTime=2026-08-21T22:11, updateTime=2026-08-22T09:17:31), Dept(id=8, name=测试部, createTime=2026-08-22T15:26:31, updateTime=2026-08-22T15:26:31), Dept(id=10, name=天才部, createTime=2026-08-22T15:30:30, updateTime=2026-08-22T15:30:30), Dept(id=13, name=喵喵部, createTime=2026-10-04T20:20:25, updateTime=2026-10-04T20:20:25), Dept(id=14, name=佐佐木部, createTime=2026-10-04T20:20:41, updateTime=2026-10-04T20:20:41), Dept(id=15, name=音乐部, createTime=2026-10-05T16:19:46, updateTime=2026-10-05T16:19:46), Dept(id=17, name=时间部, createTime=2026-10-05T17:50:40, updateTime=2026-10-06T17:03:43), Dept(id=18, name=烟民部, createTime=2026-10-05T17:57:49, updateTime=2026-10-06T15:21:41), Dept(id=19, name=美味零食部, createTime=2026-10-06T09:38:21, updateTime=2026-10-06T16:52:31), Dept(id=23, name=动漫部, createTime=2026-10-06T15:48:13, updateTime=2026-10-06T15:48:13), Dept(id=26, name=学学部, createTime=2026-08-20T14:42:59, updateTime=2026-08-22T15:36:34)])
2026-09-10 09:39:29 [http-nio-8080-exec-10] INFO  com.wudd.controller.JobController - 职位列表查询
2026-09-10 09:39:29 [http-nio-8080-exec-10] INFO  com.wudd.aspect.ControllerLogAspect - 总结该次操作 请求调用：com.wudd.controller.JobController.queryJobList(无参数) 执行耗时：4ms  |方法返回：Result(code=1, msg=success, data=[Job(id=1, name=讲师, deptId=2, content=做为公司的技能老师，策划并提供教学课程), Job(id=2, name=教学主管, deptId=2, content=负责管理课程制作的进程和质量), Job(id=3, name=业务咨询, deptId=3, content=为员工/合作伙伴解释公司业务), Job(id=4, name=活动策划, deptId=7, content=负责组织公司内部活动，团建员工), Job(id=5, name=心里咨询师, deptId=7, content=负责员工心理健康), Job(id=6, name=喵喵配音师, deptId=13, content=负责为喵喵角色配音), Job(id=7, name=喵喵技术美术, deptId=13, content=渲染喵喵的特效), Job(id=8, name=时间管理师, deptId=17, content=负责研发指定工作/出差/会议……等时间安排)])
2026-09-10 09:41:17 [http-nio-8080-exec-1] INFO  com.wudd.controller.EmpController - 查询员工列表请求
2026-09-10 09:41:17 [http-nio-8080-exec-1] INFO  com.wudd.aspect.ControllerLogAspect - 总结该次操作 请求调用：com.wudd.controller.EmpController.queryEmpList(searchInfo=SearchInfo(name=, gender=null, job=, begin=null, end=null)) 执行耗时：4ms  |方法返回：Result(code=1, msg=success, data=SearchResult(total=11, empList=[Emp(id=1, name=王吉意, username=wangjiyi, gender=1, avatar=1.jpg, dept=教研部, dept_id=null, job=讲师, job_id=null, entryDate=2026-10-08, updateTime=2026-10-08T15:07:47, exprList=[Expr(id=1, company=百度, begin=2021-09-07, end=2022-11-03, job=java开发工程师)]), Emp(id=2, name=王洋洋, username=wangyangyang, gender=1, avatar=2.jpg, dept=就业部, dept_id=null, job=业务咨询, job_id=null, entryDate=2026-10-08, updateTime=2026-10-08T15:07:47, exprList=[Expr(id=2, company=字节, begin=2011-09-07, end=2017-11-03, job=游戏策划)]), Emp(id=3, name=孙境静, username=sunjingjin, gender=2, avatar=3.jpg, dept=咨询部, dept_id=null, job=活动策划, job_id=null, entryDate=2026-10-08, updateTime=2026-10-08T15:07:47, exprList=[Expr(id=3, company=阿里, begin=2020-09-07, end=2021-11-03, job=云存储工程师)]), Emp(id=4, name=王老吉, username=wanglaoji, gender=1, avatar=4.jpg, dept=教研部, dept_id=null, job=教学主管, job_id=null, entryDate=2026-10-08, updateTime=2026-10-08T15:07:47, exprList=[Expr(id=5, company=高德, begin=2011-09-07, end=2022-01-03, job=测试工程师), Expr(id=4, company=腾讯, begin=2021-09-27, end=2022-12-03, job=王者荣耀活动策划)]), Emp(id=5, name=意林天, username=yilingtian, gender=1, avatar=5.jpg, dept=教研部, dept_id=null, job=心里咨询师, job_id=null, entryDate=2026-10-08, updateTime=2026-10-08T15:07:47, exprList=[Expr(id=6, company=淘宝, begin=2015-09-07, end=2022-11-03, job=货源审核师)]), Emp(id=6, name=刘雅雯, username=niuyawen, gender=2, avatar=6.jpg, dept=咨询部, dept_id=null, job=喵喵配音师, job_id=null, entryDate=2026-10-08, updateTime=2026-10-08T15:07:47, exprList=[Expr(id=7, company=拼多多, begin=2017-09-07, end=2022-11-03, job=活动策划)]), Emp(id=7, name=盘王浩, username=pangwanghao, gender=1, avatar=7.jpg, dept=无忧部, dept_id=null, job=时间管理师, job_id=null, entryDate=2026-10-08, updateTime=2026-10-08T15:07:47, exprList=[Expr(id=8, company=咸鱼, begin=2019-09-07, end=2022-11-03, job=客服)]), Emp(id=8, name=赖兵则, username=laibingze, gender=1, avatar=8.jpg, dept=无忧部, dept_id=null, job=时间管理师, job_id=null, entryDate=2026-10-08, updateTime=2026-10-08T15:07:47, exprList=[Expr(id=9, company=微软, begin=2018-09-07, end=2022-11-03, job=软件开发工程师)]), Emp(id=9, name=苏柯累, username=sukelei, gender=1, avatar=9.jpg, dept=喵喵部, dept_id=null, job=喵喵技术美术, job_id=null, entryDate=2026-10-08, updateTime=2026-10-08T15:07:47, exprList=[Expr(id=11, company=雀巢, begin=2025-09-07, end=2026-08-03, job=技术美术), Expr(id=10, company=影视飓风, begin=2024-09-07, end=2025-11-03, job=视频剪辑师)]), Emp(id=10, name=岚风, username=lanfeng, gender=1, avatar=10.jpg, dept=教研部, dept_id=null, job=喵喵配音师, job_id=null, entryDate=2026-10-08, updateTime=2026-10-08T15:07:47, exprList=[]), Emp(id=11, name=喵喵, username=miaomiao, gender=2, avatar=11.jpg, dept=null, dept_id=null, job=null, job_id=null, entryDate=2026-10-08, updateTime=2026-10-08T16:27:57, exprList=[])]))
2026-09-10 09:43:02 [http-nio-8080-exec-2] INFO  com.wudd.controller.EmpController - 查询员工列表请求
2026-09-10 09:43:02 [http-nio-8080-exec-2] INFO  com.wudd.aspect.ControllerLogAspect - 总结该次操作 请求调用：com.wudd.controller.EmpController.queryEmpList(searchInfo=SearchInfo(name=, gender=null, job=, begin=null, end=null)) 执行耗时：7ms  |方法返回：Result(code=1, msg=success, data=SearchResult(total=11, empList=[Emp(id=1, name=王吉意, username=wangjiyi, gender=1, avatar=1.jpg, dept=教研部, dept_id=null, job=讲师, job_id=null, entryDate=2026-10-08, updateTime=2026-10-08T15:07:47, exprList=[Expr(id=1, company=百度, begin=2021-09-07, end=2022-11-03, job=java开发工程师)]), Emp(id=2, name=王洋洋, username=wangyangyang, gender=1, avatar=2.jpg, dept=就业部, dept_id=null, job=业务咨询, job_id=null, entryDate=2026-10-08, updateTime=2026-10-08T15:07:47, exprList=[Expr(id=2, company=字节, begin=2011-09-07, end=2017-11-03, job=游戏策划)]), Emp(id=3, name=孙境静, username=sunjingjin, gender=2, avatar=3.jpg, dept=咨询部, dept_id=null, job=活动策划, job_id=null, entryDate=2026-10-08, updateTime=2026-10-08T15:07:47, exprList=[Expr(id=3, company=阿里, begin=2020-09-07, end=2021-11-03, job=云存储工程师)]), Emp(id=4, name=王老吉, username=wanglaoji, gender=1, avatar=4.jpg, dept=教研部, dept_id=null, job=教学主管, job_id=null, entryDate=2026-10-08, updateTime=2026-10-08T15:07:47, exprList=[Expr(id=5, company=高德, begin=2011-09-07, end=2022-01-03, job=测试工程师), Expr(id=4, company=腾讯, begin=2021-09-27, end=2022-12-03, job=王者荣耀活动策划)]), Emp(id=5, name=意林天, username=yilingtian, gender=1, avatar=5.jpg, dept=教研部, dept_id=null, job=心里咨询师, job_id=null, entryDate=2026-10-08, updateTime=2026-10-08T15:07:47, exprList=[Expr(id=6, company=淘宝, begin=2015-09-07, end=2022-11-03, job=货源审核师)]), Emp(id=6, name=刘雅雯, username=niuyawen, gender=2, avatar=6.jpg, dept=咨询部, dept_id=null, job=喵喵配音师, job_id=null, entryDate=2026-10-08, updateTime=2026-10-08T15:07:47, exprList=[Expr(id=7, company=拼多多, begin=2017-09-07, end=2022-11-03, job=活动策划)]), Emp(id=7, name=盘王浩, username=pangwanghao, gender=1, avatar=7.jpg, dept=无忧部, dept_id=null, job=时间管理师, job_id=null, entryDate=2026-10-08, updateTime=2026-10-08T15:07:47, exprList=[Expr(id=8, company=咸鱼, begin=2019-09-07, end=2022-11-03, job=客服)]), Emp(id=8, name=赖兵则, username=laibingze, gender=1, avatar=8.jpg, dept=无忧部, dept_id=null, job=时间管理师, job_id=null, entryDate=2026-10-08, updateTime=2026-10-08T15:07:47, exprList=[Expr(id=9, company=微软, begin=2018-09-07, end=2022-11-03, job=软件开发工程师)]), Emp(id=9, name=苏柯累, username=sukelei, gender=1, avatar=9.jpg, dept=喵喵部, dept_id=null, job=喵喵技术美术, job_id=null, entryDate=2026-10-08, updateTime=2026-10-08T15:07:47, exprList=[Expr(id=11, company=雀巢, begin=2025-09-07, end=2026-08-03, job=技术美术), Expr(id=10, company=影视飓风, begin=2024-09-07, end=2025-11-03, job=视频剪辑师)]), Emp(id=10, name=岚风, username=lanfeng, gender=1, avatar=10.jpg, dept=教研部, dept_id=null, job=喵喵配音师, job_id=null, entryDate=2026-10-08, updateTime=2026-10-08T15:07:47, exprList=[]), Emp(id=11, name=喵喵, username=miaomiao, gender=2, avatar=11.jpg, dept=null, dept_id=null, job=null, job_id=null, entryDate=2026-10-08, updateTime=2026-10-08T16:27:57, exprList=[])]))
2026-09-10 09:44:01 [http-nio-8080-exec-3] INFO  com.wudd.controller.EmpController - 查询员工列表请求
2026-09-10 09:44:01 [http-nio-8080-exec-3] INFO  com.wudd.aspect.ControllerLogAspect - 总结该次操作 请求调用：com.wudd.controller.EmpController.queryEmpList(searchInfo=SearchInfo(name=, gender=null, job=, begin=null, end=null)) 执行耗时：1ms  |方法返回：Result(code=1, msg=success, data=SearchResult(total=11, empList=[Emp(id=1, name=王吉意, username=wangjiyi, gender=1, avatar=1.jpg, dept=教研部, dept_id=null, job=讲师, job_id=null, entryDate=2026-10-08, updateTime=2026-10-08T15:07:47, exprList=[Expr(id=1, company=百度, begin=2021-09-07, end=2022-11-03, job=java开发工程师)]), Emp(id=2, name=王洋洋, username=wangyangyang, gender=1, avatar=2.jpg, dept=就业部, dept_id=null, job=业务咨询, job_id=null, entryDate=2026-10-08, updateTime=2026-10-08T15:07:47, exprList=[Expr(id=2, company=字节, begin=2011-09-07, end=2017-11-03, job=游戏策划)]), Emp(id=3, name=孙境静, username=sunjingjin, gender=2, avatar=3.jpg, dept=咨询部, dept_id=null, job=活动策划, job_id=null, entryDate=2026-10-08, updateTime=2026-10-08T15:07:47, exprList=[Expr(id=3, company=阿里, begin=2020-09-07, end=2021-11-03, job=云存储工程师)]), Emp(id=4, name=王老吉, username=wanglaoji, gender=1, avatar=4.jpg, dept=教研部, dept_id=null, job=教学主管, job_id=null, entryDate=2026-10-08, updateTime=2026-10-08T15:07:47, exprList=[Expr(id=5, company=高德, begin=2011-09-07, end=2022-01-03, job=测试工程师), Expr(id=4, company=腾讯, begin=2021-09-27, end=2022-12-03, job=王者荣耀活动策划)]), Emp(id=5, name=意林天, username=yilingtian, gender=1, avatar=5.jpg, dept=教研部, dept_id=null, job=心里咨询师, job_id=null, entryDate=2026-10-08, updateTime=2026-10-08T15:07:47, exprList=[Expr(id=6, company=淘宝, begin=2015-09-07, end=2022-11-03, job=货源审核师)]), Emp(id=6, name=刘雅雯, username=niuyawen, gender=2, avatar=6.jpg, dept=咨询部, dept_id=null, job=喵喵配音师, job_id=null, entryDate=2026-10-08, updateTime=2026-10-08T15:07:47, exprList=[Expr(id=7, company=拼多多, begin=2017-09-07, end=2022-11-03, job=活动策划)]), Emp(id=7, name=盘王浩, username=pangwanghao, gender=1, avatar=7.jpg, dept=无忧部, dept_id=null, job=时间管理师, job_id=null, entryDate=2026-10-08, updateTime=2026-10-08T15:07:47, exprList=[Expr(id=8, company=咸鱼, begin=2019-09-07, end=2022-11-03, job=客服)]), Emp(id=8, name=赖兵则, username=laibingze, gender=1, avatar=8.jpg, dept=无忧部, dept_id=null, job=时间管理师, job_id=null, entryDate=2026-10-08, updateTime=2026-10-08T15:07:47, exprList=[Expr(id=9, company=微软, begin=2018-09-07, end=2022-11-03, job=软件开发工程师)]), Emp(id=9, name=苏柯累, username=sukelei, gender=1, avatar=9.jpg, dept=喵喵部, dept_id=null, job=喵喵技术美术, job_id=null, entryDate=2026-10-08, updateTime=2026-10-08T15:07:47, exprList=[Expr(id=11, company=雀巢, begin=2025-09-07, end=2026-08-03, job=技术美术), Expr(id=10, company=影视飓风, begin=2024-09-07, end=2025-11-03, job=视频剪辑师)]), Emp(id=10, name=岚风, username=lanfeng, gender=1, avatar=10.jpg, dept=教研部, dept_id=null, job=喵喵配音师, job_id=null, entryDate=2026-10-08, updateTime=2026-10-08T15:07:47, exprList=[]), Emp(id=11, name=喵喵, username=miaomiao, gender=2, avatar=11.jpg, dept=null, dept_id=null, job=null, job_id=null, entryDate=2026-10-08, updateTime=2026-10-08T16:27:57, exprList=[])]))
2026-09-10 09:46:09 [http-nio-8080-exec-4] INFO  com.wudd.controller.EmpController - 查询员工列表请求
2026-09-10 09:46:10 [http-nio-8080-exec-4] INFO  com.wudd.aspect.ControllerLogAspect - 总结该次操作 请求调用：com.wudd.controller.EmpController.queryEmpList(searchInfo=SearchInfo(name=, gender=null, job=, begin=null, end=null)) 执行耗时：6ms  |方法返回：Result(code=1, msg=success, data=SearchResult(total=11, empList=[Emp(id=1, name=王吉意, username=wangjiyi, gender=1, avatar=1.jpg, dept=教研部, dept_id=null, job=讲师, job_id=null, entryDate=2026-10-08, updateTime=2026-10-08T15:07:47, exprList=[Expr(id=1, company=百度, begin=2021-09-07, end=2022-11-03, job=java开发工程师)]), Emp(id=2, name=王洋洋, username=wangyangyang, gender=1, avatar=2.jpg, dept=就业部, dept_id=null, job=业务咨询, job_id=null, entryDate=2026-10-08, updateTime=2026-10-08T15:07:47, exprList=[Expr(id=2, company=字节, begin=2011-09-07, end=2017-11-03, job=游戏策划)]), Emp(id=3, name=孙境静, username=sunjingjin, gender=2, avatar=3.jpg, dept=咨询部, dept_id=null, job=活动策划, job_id=null, entryDate=2026-10-08, updateTime=2026-10-08T15:07:47, exprList=[Expr(id=3, company=阿里, begin=2020-09-07, end=2021-11-03, job=云存储工程师)]), Emp(id=4, name=王老吉, username=wanglaoji, gender=1, avatar=4.jpg, dept=教研部, dept_id=null, job=教学主管, job_id=null, entryDate=2026-10-08, updateTime=2026-10-08T15:07:47, exprList=[Expr(id=5, company=高德, begin=2011-09-07, end=2022-01-03, job=测试工程师), Expr(id=4, company=腾讯, begin=2021-09-27, end=2022-12-03, job=王者荣耀活动策划)]), Emp(id=5, name=意林天, username=yilingtian, gender=1, avatar=5.jpg, dept=教研部, dept_id=null, job=心里咨询师, job_id=null, entryDate=2026-10-08, updateTime=2026-10-08T15:07:47, exprList=[Expr(id=6, company=淘宝, begin=2015-09-07, end=2022-11-03, job=货源审核师)]), Emp(id=6, name=刘雅雯, username=niuyawen, gender=2, avatar=6.jpg, dept=咨询部, dept_id=null, job=喵喵配音师, job_id=null, entryDate=2026-10-08, updateTime=2026-10-08T15:07:47, exprList=[Expr(id=7, company=拼多多, begin=2017-09-07, end=2022-11-03, job=活动策划)]), Emp(id=7, name=盘王浩, username=pangwanghao, gender=1, avatar=7.jpg, dept=无忧部, dept_id=null, job=时间管理师, job_id=null, entryDate=2026-10-08, updateTime=2026-10-08T15:07:47, exprList=[Expr(id=8, company=咸鱼, begin=2019-09-07, end=2022-11-03, job=客服)]), Emp(id=8, name=赖兵则, username=laibingze, gender=1, avatar=8.jpg, dept=无忧部, dept_id=null, job=时间管理师, job_id=null, entryDate=2026-10-08, updateTime=2026-10-08T15:07:47, exprList=[Expr(id=9, company=微软, begin=2018-09-07, end=2022-11-03, job=软件开发工程师)]), Emp(id=9, name=苏柯累, username=sukelei, gender=1, avatar=9.jpg, dept=喵喵部, dept_id=null, job=喵喵技术美术, job_id=null, entryDate=2026-10-08, updateTime=2026-10-08T15:07:47, exprList=[Expr(id=11, company=雀巢, begin=2025-09-07, end=2026-08-03, job=技术美术), Expr(id=10, company=影视飓风, begin=2024-09-07, end=2025-11-03, job=视频剪辑师)]), Emp(id=10, name=岚风, username=lanfeng, gender=1, avatar=10.jpg, dept=教研部, dept_id=null, job=喵喵配音师, job_id=null, entryDate=2026-10-08, updateTime=2026-10-08T15:07:47, exprList=[]), Emp(id=11, name=喵喵, username=miaomiao, gender=2, avatar=11.jpg, dept=null, dept_id=null, job=null, job_id=null, entryDate=2026-10-08, updateTime=2026-10-08T16:27:57, exprList=[])]))
2026-09-10 09:49:14 [http-nio-8080-exec-5] INFO  com.wudd.controller.EmpController - 查询员工列表请求
2026-09-10 09:49:14 [http-nio-8080-exec-5] INFO  com.wudd.aspect.ControllerLogAspect - 总结该次操作 请求调用：com.wudd.controller.EmpController.queryEmpList(searchInfo=SearchInfo(name=, gender=null, job=, begin=null, end=null)) 执行耗时：5ms  |方法返回：Result(code=1, msg=success, data=SearchResult(total=11, empList=[Emp(id=1, name=王吉意, username=wangjiyi, gender=1, avatar=1.jpg, dept=教研部, dept_id=null, job=讲师, job_id=null, entryDate=2026-10-08, updateTime=2026-10-08T15:07:47, exprList=[Expr(id=1, company=百度, begin=2021-09-07, end=2022-11-03, job=java开发工程师)]), Emp(id=2, name=王洋洋, username=wangyangyang, gender=1, avatar=2.jpg, dept=就业部, dept_id=null, job=业务咨询, job_id=null, entryDate=2026-10-08, updateTime=2026-10-08T15:07:47, exprList=[Expr(id=2, company=字节, begin=2011-09-07, end=2017-11-03, job=游戏策划)]), Emp(id=3, name=孙境静, username=sunjingjin, gender=2, avatar=3.jpg, dept=咨询部, dept_id=null, job=活动策划, job_id=null, entryDate=2026-10-08, updateTime=2026-10-08T15:07:47, exprList=[Expr(id=3, company=阿里, begin=2020-09-07, end=2021-11-03, job=云存储工程师)]), Emp(id=4, name=王老吉, username=wanglaoji, gender=1, avatar=4.jpg, dept=教研部, dept_id=null, job=教学主管, job_id=null, entryDate=2026-10-08, updateTime=2026-10-08T15:07:47, exprList=[Expr(id=5, company=高德, begin=2011-09-07, end=2022-01-03, job=测试工程师), Expr(id=4, company=腾讯, begin=2021-09-27, end=2022-12-03, job=王者荣耀活动策划)]), Emp(id=5, name=意林天, username=yilingtian, gender=1, avatar=5.jpg, dept=教研部, dept_id=null, job=心里咨询师, job_id=null, entryDate=2026-10-08, updateTime=2026-10-08T15:07:47, exprList=[Expr(id=6, company=淘宝, begin=2015-09-07, end=2022-11-03, job=货源审核师)]), Emp(id=6, name=刘雅雯, username=niuyawen, gender=2, avatar=6.jpg, dept=咨询部, dept_id=null, job=喵喵配音师, job_id=null, entryDate=2026-10-08, updateTime=2026-10-08T15:07:47, exprList=[Expr(id=7, company=拼多多, begin=2017-09-07, end=2022-11-03, job=活动策划)]), Emp(id=7, name=盘王浩, username=pangwanghao, gender=1, avatar=7.jpg, dept=无忧部, dept_id=null, job=时间管理师, job_id=null, entryDate=2026-10-08, updateTime=2026-10-08T15:07:47, exprList=[Expr(id=8, company=咸鱼, begin=2019-09-07, end=2022-11-03, job=客服)]), Emp(id=8, name=赖兵则, username=laibingze, gender=1, avatar=8.jpg, dept=无忧部, dept_id=null, job=时间管理师, job_id=null, entryDate=2026-10-08, updateTime=2026-10-08T15:07:47, exprList=[Expr(id=9, company=微软, begin=2018-09-07, end=2022-11-03, job=软件开发工程师)]), Emp(id=9, name=苏柯累, username=sukelei, gender=1, avatar=9.jpg, dept=喵喵部, dept_id=null, job=喵喵技术美术, job_id=null, entryDate=2026-10-08, updateTime=2026-10-08T15:07:47, exprList=[Expr(id=11, company=雀巢, begin=2025-09-07, end=2026-08-03, job=技术美术), Expr(id=10, company=影视飓风, begin=2024-09-07, end=2025-11-03, job=视频剪辑师)]), Emp(id=10, name=岚风, username=lanfeng, gender=1, avatar=10.jpg, dept=教研部, dept_id=null, job=喵喵配音师, job_id=null, entryDate=2026-10-08, updateTime=2026-10-08T15:07:47, exprList=[]), Emp(id=11, name=喵喵, username=miaomiao, gender=2, avatar=11.jpg, dept=null, dept_id=null, job=null, job_id=null, entryDate=2026-10-08, updateTime=2026-10-08T16:27:57, exprList=[])]))
2026-09-10 09:57:29 [http-nio-8080-exec-6] INFO  com.wudd.controller.EmpController - 查询员工列表请求
2026-09-10 09:57:29 [http-nio-8080-exec-6] INFO  com.wudd.aspect.ControllerLogAspect - 总结该次操作 请求调用：com.wudd.controller.EmpController.queryEmpList(searchInfo=SearchInfo(name=, gender=null, job=, begin=null, end=null)) 执行耗时：10ms  |方法返回：Result(code=1, msg=success, data=SearchResult(total=11, empList=[Emp(id=1, name=王吉意, username=wangjiyi, gender=1, avatar=1.jpg, dept=教研部, dept_id=null, job=讲师, job_id=null, entryDate=2026-10-08, updateTime=2026-10-08T15:07:47, exprList=[Expr(id=1, company=百度, begin=2021-09-07, end=2022-11-03, job=java开发工程师)]), Emp(id=2, name=王洋洋, username=wangyangyang, gender=1, avatar=2.jpg, dept=就业部, dept_id=null, job=业务咨询, job_id=null, entryDate=2026-10-08, updateTime=2026-10-08T15:07:47, exprList=[Expr(id=2, company=字节, begin=2011-09-07, end=2017-11-03, job=游戏策划)]), Emp(id=3, name=孙境静, username=sunjingjin, gender=2, avatar=3.jpg, dept=咨询部, dept_id=null, job=活动策划, job_id=null, entryDate=2026-10-08, updateTime=2026-10-08T15:07:47, exprList=[Expr(id=3, company=阿里, begin=2020-09-07, end=2021-11-03, job=云存储工程师)]), Emp(id=4, name=王老吉, username=wanglaoji, gender=1, avatar=4.jpg, dept=教研部, dept_id=null, job=教学主管, job_id=null, entryDate=2026-10-08, updateTime=2026-10-08T15:07:47, exprList=[Expr(id=5, company=高德, begin=2011-09-07, end=2022-01-03, job=测试工程师), Expr(id=4, company=腾讯, begin=2021-09-27, end=2022-12-03, job=王者荣耀活动策划)]), Emp(id=5, name=意林天, username=yilingtian, gender=1, avatar=5.jpg, dept=教研部, dept_id=null, job=心里咨询师, job_id=null, entryDate=2026-10-08, updateTime=2026-10-08T15:07:47, exprList=[Expr(id=6, company=淘宝, begin=2015-09-07, end=2022-11-03, job=货源审核师)]), Emp(id=6, name=刘雅雯, username=niuyawen, gender=2, avatar=6.jpg, dept=咨询部, dept_id=null, job=喵喵配音师, job_id=null, entryDate=2026-10-08, updateTime=2026-10-08T15:07:47, exprList=[Expr(id=7, company=拼多多, begin=2017-09-07, end=2022-11-03, job=活动策划)]), Emp(id=7, name=盘王浩, username=pangwanghao, gender=1, avatar=7.jpg, dept=无忧部, dept_id=null, job=时间管理师, job_id=null, entryDate=2026-10-08, updateTime=2026-10-08T15:07:47, exprList=[Expr(id=8, company=咸鱼, begin=2019-09-07, end=2022-11-03, job=客服)]), Emp(id=8, name=赖兵则, username=laibingze, gender=1, avatar=8.jpg, dept=无忧部, dept_id=null, job=时间管理师, job_id=null, entryDate=2026-10-08, updateTime=2026-10-08T15:07:47, exprList=[Expr(id=9, company=微软, begin=2018-09-07, end=2022-11-03, job=软件开发工程师)]), Emp(id=9, name=苏柯累, username=sukelei, gender=1, avatar=9.jpg, dept=喵喵部, dept_id=null, job=喵喵技术美术, job_id=null, entryDate=2026-10-08, updateTime=2026-10-08T15:07:47, exprList=[Expr(id=11, company=雀巢, begin=2025-09-07, end=2026-08-03, job=技术美术), Expr(id=10, company=影视飓风, begin=2024-09-07, end=2025-11-03, job=视频剪辑师)]), Emp(id=10, name=岚风, username=lanfeng, gender=1, avatar=10.jpg, dept=教研部, dept_id=null, job=喵喵配音师, job_id=null, entryDate=2026-10-08, updateTime=2026-10-08T15:07:47, exprList=[]), Emp(id=11, name=喵喵, username=miaomiao, gender=2, avatar=11.jpg, dept=null, dept_id=null, job=null, job_id=null, entryDate=2026-10-08, updateTime=2026-10-08T16:27:57, exprList=[])]))
2026-09-10 09:58:49 [SpringApplicationShutdownHook] INFO  org.springframework.boot.tomcat.GracefulShutdown - Commencing graceful shutdown. Waiting for active requests to complete
2026-09-10 09:58:49 [tomcat-shutdown] INFO  org.springframework.boot.tomcat.GracefulShutdown - Graceful shutdown complete
2026-09-10 09:58:49 [SpringApplicationShutdownHook] INFO  com.zaxxer.hikari.HikariDataSource - HikariPool-1 - Shutdown initiated...
2026-09-10 09:58:49 [SpringApplicationShutdownHook] INFO  com.zaxxer.hikari.HikariDataSource - HikariPool-1 - Shutdown completed.
2026-09-10 09:58:52 [main] INFO  com.wudd.TliasServerApplication - Starting TliasServerApplication using Java 21.0.12 with PID 41844 (D:\10_Code\complete-project\Complete-Tlias\tlias-server\target\classes started by wudd in D:\10_Code\complete-project\Complete-Tlias\tlias-server)
2026-09-10 09:58:52 [main] DEBUG com.wudd.TliasServerApplication - Running with Spring Boot v4.0.8, Spring v7.0.9
2026-09-10 09:58:52 [main] INFO  com.wudd.TliasServerApplication - No active profile set, falling back to 1 default profile: "default"
2026-09-10 09:58:53 [main] INFO  org.springframework.boot.tomcat.TomcatWebServer - Tomcat initialized with port 8080 (http)
2026-09-10 09:58:53 [main] INFO  org.apache.coyote.http11.Http11NioProtocol - Initializing ProtocolHandler ["http-nio-8080"]
2026-09-10 09:58:53 [main] INFO  org.apache.catalina.core.StandardService - Starting service [Tomcat]
2026-09-10 09:58:53 [main] INFO  org.apache.catalina.core.StandardEngine - Starting Servlet engine: [Apache Tomcat/11.0.24]
2026-09-10 09:58:53 [main] INFO  o.s.b.w.c.servlet.WebApplicationContextInitializer - Root WebApplicationContext: initialization completed in 623 ms
2026-09-10 09:58:54 [main] INFO  org.apache.coyote.http11.Http11NioProtocol - Starting ProtocolHandler ["http-nio-8080"]
2026-09-10 09:58:54 [main] INFO  org.springframework.boot.tomcat.TomcatWebServer - Tomcat started on port 8080 (http) with context path '/'
2026-09-10 09:58:54 [main] INFO  com.wudd.TliasServerApplication - Started TliasServerApplication in 1.509 seconds (process running for 1.973)
2026-09-10 09:58:58 [http-nio-8080-exec-1] INFO  o.a.c.core.ContainerBase.[Tomcat].[localhost].[/] - Initializing Spring DispatcherServlet 'dispatcherServlet'
2026-09-10 09:58:58 [http-nio-8080-exec-1] INFO  org.springframework.web.servlet.DispatcherServlet - Initializing Servlet 'dispatcherServlet'
2026-09-10 09:58:58 [http-nio-8080-exec-1] INFO  org.springframework.web.servlet.DispatcherServlet - Completed initialization in 0 ms
2026-09-10 09:58:58 [http-nio-8080-exec-1] INFO  com.wudd.controller.DeptController - 部门列表查询请求
2026-09-10 09:58:58 [http-nio-8080-exec-1] INFO  com.zaxxer.hikari.HikariDataSource - HikariPool-1 - Starting...
2026-09-10 09:58:59 [http-nio-8080-exec-1] INFO  com.zaxxer.hikari.pool.HikariPool - HikariPool-1 - Added connection com.mysql.cj.jdbc.ConnectionImpl@13e571f6
2026-09-10 09:58:59 [http-nio-8080-exec-1] INFO  com.zaxxer.hikari.HikariDataSource - HikariPool-1 - Start completed.
2026-09-10 09:58:59 [http-nio-8080-exec-1] INFO  com.wudd.aspect.ControllerLogAspect - 总结该次操作 请求调用：com.wudd.controller.DeptController.getDeptList(无参数) 执行耗时：383ms  |方法返回：Result(code=1, msg=success, data=[Dept(id=1, name=其它, createTime=2026-10-08T14:38:56, updateTime=2026-10-08T14:38:56), Dept(id=2, name=教研部, createTime=2026-08-20T14:42:59, updateTime=2026-08-20T15:31:13), Dept(id=3, name=咨询部, createTime=2026-08-20T14:42:59, updateTime=2026-08-20T15:30:58), Dept(id=4, name=就业部, createTime=2026-08-20T14:42:59, updateTime=2026-08-20T14:42:59), Dept(id=5, name=人事部, createTime=2026-08-20T14:42:59, updateTime=2026-08-20T15:31:03), Dept(id=7, name=无忧部, createTime=2026-08-21T22:11, updateTime=2026-08-22T09:17:31), Dept(id=8, name=测试部, createTime=2026-08-22T15:26:31, updateTime=2026-08-22T15:26:31), Dept(id=10, name=天才部, createTime=2026-08-22T15:30:30, updateTime=2026-08-22T15:30:30), Dept(id=13, name=喵喵部, createTime=2026-10-04T20:20:25, updateTime=2026-10-04T20:20:25), Dept(id=14, name=佐佐木部, createTime=2026-10-04T20:20:41, updateTime=2026-10-04T20:20:41), Dept(id=15, name=音乐部, createTime=2026-10-05T16:19:46, updateTime=2026-10-05T16:19:46), Dept(id=17, name=时间部, createTime=2026-10-05T17:50:40, updateTime=2026-10-06T17:03:43), Dept(id=18, name=烟民部, createTime=2026-10-05T17:57:49, updateTime=2026-10-06T15:21:41), Dept(id=19, name=美味零食部, createTime=2026-10-06T09:38:21, updateTime=2026-10-06T16:52:31), Dept(id=23, name=动漫部, createTime=2026-10-06T15:48:13, updateTime=2026-10-06T15:48:13), Dept(id=26, name=学学部, createTime=2026-08-20T14:42:59, updateTime=2026-08-22T15:36:34)])
2026-09-10 09:58:59 [http-nio-8080-exec-2] INFO  com.wudd.controller.JobController - 职位列表查询
2026-09-10 09:58:59 [http-nio-8080-exec-2] INFO  com.wudd.aspect.ControllerLogAspect - 总结该次操作 请求调用：com.wudd.controller.JobController.queryJobList(无参数) 执行耗时：4ms  |方法返回：Result(code=1, msg=success, data=[Job(id=1, name=讲师, deptId=2, content=做为公司的技能老师，策划并提供教学课程), Job(id=2, name=教学主管, deptId=2, content=负责管理课程制作的进程和质量), Job(id=3, name=业务咨询, deptId=3, content=为员工/合作伙伴解释公司业务), Job(id=4, name=活动策划, deptId=7, content=负责组织公司内部活动，团建员工), Job(id=5, name=心里咨询师, deptId=7, content=负责员工心理健康), Job(id=6, name=喵喵配音师, deptId=13, content=负责为喵喵角色配音), Job(id=7, name=喵喵技术美术, deptId=13, content=渲染喵喵的特效), Job(id=8, name=时间管理师, deptId=17, content=负责研发指定工作/出差/会议……等时间安排)])
2026-10-10 10:00:28 [http-nio-8080-exec-3] INFO  com.wudd.aspect.ControllerLogAspect - 总结该次操作 请求调用：com.wudd.controller.EmpController.addEmp(emp=Emp(id=null, name=薇尔莉特, username=weierlite, gender=2, avatar=1.jpb, dept=23, dept_id=null, job=5, job_id=null, entryDate=null, updateTime=null, exprList=[Expr(id=null, company=自动人偶公司, begin=1999-05-05, end=2026-09-28, job=手记人偶)])) 执行耗时：2ms  |方法返回：Result(code=1, msg=成功添加, data=null)
2026-10-10 10:04:48 [http-nio-8080-exec-4] INFO  com.wudd.controller.EmpController - 查询员工列表请求
2026-10-10 10:04:48 [http-nio-8080-exec-4] INFO  com.wudd.aspect.ControllerLogAspect - 总结该次操作 请求调用：com.wudd.controller.EmpController.queryEmpList(searchInfo=SearchInfo(name=, gender=null, job=, begin=null, end=null)) 执行耗时：49ms  |方法返回：Result(code=1, msg=success, data=SearchResult(total=11, empList=[Emp(id=1, name=王吉意, username=wangjiyi, gender=1, avatar=1.jpg, dept=教研部, dept_id=null, job=讲师, job_id=null, entryDate=2026-10-08, updateTime=2026-10-08T15:07:47, exprList=[Expr(id=1, company=百度, begin=2021-09-07, end=2022-11-03, job=java开发工程师)]), Emp(id=2, name=王洋洋, username=wangyangyang, gender=1, avatar=2.jpg, dept=就业部, dept_id=null, job=业务咨询, job_id=null, entryDate=2026-10-08, updateTime=2026-10-08T15:07:47, exprList=[Expr(id=2, company=字节, begin=2011-09-07, end=2017-11-03, job=游戏策划)]), Emp(id=3, name=孙境静, username=sunjingjin, gender=2, avatar=3.jpg, dept=咨询部, dept_id=null, job=活动策划, job_id=null, entryDate=2026-10-08, updateTime=2026-10-08T15:07:47, exprList=[Expr(id=3, company=阿里, begin=2020-09-07, end=2021-11-03, job=云存储工程师)]), Emp(id=4, name=王老吉, username=wanglaoji, gender=1, avatar=4.jpg, dept=教研部, dept_id=null, job=教学主管, job_id=null, entryDate=2026-10-08, updateTime=2026-10-08T15:07:47, exprList=[Expr(id=5, company=高德, begin=2011-09-07, end=2022-01-03, job=测试工程师), Expr(id=4, company=腾讯, begin=2021-09-27, end=2022-12-03, job=王者荣耀活动策划)]), Emp(id=5, name=意林天, username=yilingtian, gender=1, avatar=5.jpg, dept=教研部, dept_id=null, job=心里咨询师, job_id=null, entryDate=2026-10-08, updateTime=2026-10-08T15:07:47, exprList=[Expr(id=6, company=淘宝, begin=2015-09-07, end=2022-11-03, job=货源审核师)]), Emp(id=6, name=刘雅雯, username=niuyawen, gender=2, avatar=6.jpg, dept=咨询部, dept_id=null, job=喵喵配音师, job_id=null, entryDate=2026-10-08, updateTime=2026-10-08T15:07:47, exprList=[Expr(id=7, company=拼多多, begin=2017-09-07, end=2022-11-03, job=活动策划)]), Emp(id=7, name=盘王浩, username=pangwanghao, gender=1, avatar=7.jpg, dept=无忧部, dept_id=null, job=时间管理师, job_id=null, entryDate=2026-10-08, updateTime=2026-10-08T15:07:47, exprList=[Expr(id=8, company=咸鱼, begin=2019-09-07, end=2022-11-03, job=客服)]), Emp(id=8, name=赖兵则, username=laibingze, gender=1, avatar=8.jpg, dept=无忧部, dept_id=null, job=时间管理师, job_id=null, entryDate=2026-10-08, updateTime=2026-10-08T15:07:47, exprList=[Expr(id=9, company=微软, begin=2018-09-07, end=2022-11-03, job=软件开发工程师)]), Emp(id=9, name=苏柯累, username=sukelei, gender=1, avatar=9.jpg, dept=喵喵部, dept_id=null, job=喵喵技术美术, job_id=null, entryDate=2026-10-08, updateTime=2026-10-08T15:07:47, exprList=[Expr(id=11, company=雀巢, begin=2025-09-07, end=2026-08-03, job=技术美术), Expr(id=10, company=影视飓风, begin=2024-09-07, end=2025-11-03, job=视频剪辑师)]), Emp(id=10, name=岚风, username=lanfeng, gender=1, avatar=10.jpg, dept=教研部, dept_id=null, job=喵喵配音师, job_id=null, entryDate=2026-10-08, updateTime=2026-10-08T15:07:47, exprList=[]), Emp(id=11, name=喵喵, username=miaomiao, gender=2, avatar=11.jpg, dept=null, dept_id=null, job=null, job_id=null, entryDate=2026-10-08, updateTime=2026-10-08T16:27:57, exprList=[])]))
2026-10-10 10:05:02 [http-nio-8080-exec-5] INFO  com.wudd.controller.DeptController - 部门列表查询请求
2026-10-10 10:05:02 [http-nio-8080-exec-5] INFO  com.wudd.aspect.ControllerLogAspect - 总结该次操作 请求调用：com.wudd.controller.DeptController.getDeptList(无参数) 执行耗时：5ms  |方法返回：Result(code=1, msg=success, data=[Dept(id=1, name=其它, createTime=2026-10-08T14:38:56, updateTime=2026-10-08T14:38:56), Dept(id=2, name=教研部, createTime=2026-08-20T14:42:59, updateTime=2026-08-20T15:31:13), Dept(id=3, name=咨询部, createTime=2026-08-20T14:42:59, updateTime=2026-08-20T15:30:58), Dept(id=4, name=就业部, createTime=2026-08-20T14:42:59, updateTime=2026-08-20T14:42:59), Dept(id=5, name=人事部, createTime=2026-08-20T14:42:59, updateTime=2026-08-20T15:31:03), Dept(id=7, name=无忧部, createTime=2026-08-21T22:11, updateTime=2026-08-22T09:17:31), Dept(id=8, name=测试部, createTime=2026-08-22T15:26:31, updateTime=2026-08-22T15:26:31), Dept(id=10, name=天才部, createTime=2026-08-22T15:30:30, updateTime=2026-08-22T15:30:30), Dept(id=13, name=喵喵部, createTime=2026-10-04T20:20:25, updateTime=2026-10-04T20:20:25), Dept(id=14, name=佐佐木部, createTime=2026-10-04T20:20:41, updateTime=2026-10-04T20:20:41), Dept(id=15, name=音乐部, createTime=2026-10-05T16:19:46, updateTime=2026-10-05T16:19:46), Dept(id=17, name=时间部, createTime=2026-10-05T17:50:40, updateTime=2026-10-06T17:03:43), Dept(id=18, name=烟民部, createTime=2026-10-05T17:57:49, updateTime=2026-10-06T15:21:41), Dept(id=19, name=美味零食部, createTime=2026-10-06T09:38:21, updateTime=2026-10-06T16:52:31), Dept(id=23, name=动漫部, createTime=2026-10-06T15:48:13, updateTime=2026-10-06T15:48:13), Dept(id=26, name=学学部, createTime=2026-08-20T14:42:59, updateTime=2026-08-22T15:36:34)])
2026-10-10 10:05:02 [http-nio-8080-exec-6] INFO  com.wudd.controller.JobController - 职位列表查询
2026-10-10 10:05:02 [http-nio-8080-exec-6] INFO  com.wudd.aspect.ControllerLogAspect - 总结该次操作 请求调用：com.wudd.controller.JobController.queryJobList(无参数) 执行耗时：2ms  |方法返回：Result(code=1, msg=success, data=[Job(id=1, name=讲师, deptId=2, content=做为公司的技能老师，策划并提供教学课程), Job(id=2, name=教学主管, deptId=2, content=负责管理课程制作的进程和质量), Job(id=3, name=业务咨询, deptId=3, content=为员工/合作伙伴解释公司业务), Job(id=4, name=活动策划, deptId=7, content=负责组织公司内部活动，团建员工), Job(id=5, name=心里咨询师, deptId=7, content=负责员工心理健康), Job(id=6, name=喵喵配音师, deptId=13, content=负责为喵喵角色配音), Job(id=7, name=喵喵技术美术, deptId=13, content=渲染喵喵的特效), Job(id=8, name=时间管理师, deptId=17, content=负责研发指定工作/出差/会议……等时间安排)])
2026-10-10 10:06:02 [http-nio-8080-exec-7] INFO  com.wudd.aspect.ControllerLogAspect - 总结该次操作 请求调用：com.wudd.controller.EmpController.addEmp(emp=Emp(id=null, name=薇尔莉特, username=weierlite, gender=2, avatar=1.jpg, dept=null, dept_id=null, job=null, job_id=null, entryDate=null, updateTime=null, exprList=[Expr(id=null, company=自动人偶记, begin=2026-10-29, end=2026-11-06, job=自动人偶)])) 执行耗时：0ms  |方法返回：Result(code=1, msg=成功添加, data=null)
2026-10-10 10:06:17 [SpringApplicationShutdownHook] INFO  org.springframework.boot.tomcat.GracefulShutdown - Commencing graceful shutdown. Waiting for active requests to complete
2026-10-10 10:06:17 [tomcat-shutdown] INFO  org.springframework.boot.tomcat.GracefulShutdown - Graceful shutdown complete
2026-10-10 10:06:17 [SpringApplicationShutdownHook] INFO  com.zaxxer.hikari.HikariDataSource - HikariPool-1 - Shutdown initiated...
2026-10-10 10:06:17 [SpringApplicationShutdownHook] INFO  com.zaxxer.hikari.HikariDataSource - HikariPool-1 - Shutdown completed.
