2026-11-04 11:50:25 [main] INFO  com.wudd.TliasServerApplication - Starting TliasServerApplication using Java 21.0.12 with PID 26944 (D:\10_Code\complete-project\Complete-Tlias\tlias-server\target\classes started by wudd in D:\10_Code\complete-project\Complete-Tlias\tlias-server)
2026-11-04 11:50:25 [main] DEBUG com.wudd.TliasServerApplication - Running with Spring Boot v4.0.8, Spring v7.0.9
2026-11-04 11:50:25 [main] INFO  com.wudd.TliasServerApplication - No active profile set, falling back to 1 default profile: "default"
2026-11-04 11:50:26 [main] INFO  org.springframework.boot.tomcat.TomcatWebServer - Tomcat initialized with port 8080 (http)
2026-11-04 11:50:26 [main] INFO  org.apache.coyote.http11.Http11NioProtocol - Initializing ProtocolHandler ["http-nio-8080"]
2026-11-04 11:50:26 [main] INFO  org.apache.catalina.core.StandardService - Starting service [Tomcat]
2026-11-04 11:50:26 [main] INFO  org.apache.catalina.core.StandardEngine - Starting Servlet engine: [Apache Tomcat/11.0.24]
2026-11-04 11:50:26 [main] INFO  o.s.b.w.c.servlet.WebApplicationContextInitializer - Root WebApplicationContext: initialization completed in 597 ms
2026-11-04 11:50:26 [main] INFO  org.apache.coyote.http11.Http11NioProtocol - Starting ProtocolHandler ["http-nio-8080"]
2026-11-04 11:50:26 [main] INFO  org.springframework.boot.tomcat.TomcatWebServer - Tomcat started on port 8080 (http) with context path '/'
2026-11-04 11:50:26 [main] INFO  com.wudd.TliasServerApplication - Started TliasServerApplication in 1.298 seconds (process running for 1.679)
2026-11-04 11:51:02 [http-nio-8080-exec-1] INFO  o.a.c.core.ContainerBase.[Tomcat].[localhost].[/] - Initializing Spring DispatcherServlet 'dispatcherServlet'
2026-11-04 11:51:02 [http-nio-8080-exec-1] INFO  org.springframework.web.servlet.DispatcherServlet - Initializing Servlet 'dispatcherServlet'
2026-11-04 11:51:02 [http-nio-8080-exec-1] INFO  org.springframework.web.servlet.DispatcherServlet - Completed initialization in 0 ms
2026-11-04 11:51:02 [http-nio-8080-exec-1] INFO  com.wudd.controller.DeptController - 接收到部门列表查询
2026-11-04 11:51:02 [http-nio-8080-exec-1] INFO  com.zaxxer.hikari.HikariDataSource - HikariPool-1 - Starting...
2026-11-04 11:51:03 [http-nio-8080-exec-1] INFO  com.zaxxer.hikari.pool.HikariPool - HikariPool-1 - Added connection com.mysql.cj.jdbc.ConnectionImpl@5d481bd5
2026-11-04 11:51:03 [http-nio-8080-exec-1] INFO  com.zaxxer.hikari.HikariDataSource - HikariPool-1 - Start completed.
2026-11-04 11:51:03 [http-nio-8080-exec-1] INFO  com.wudd.controller.DeptController - 获取到部门信息：[Dept(id=1, deptName=学学部, createTime=2026-08-20T14:42:59, updateTime=2026-08-22T15:36:34), Dept(id=2, deptName=教研部, createTime=2026-08-20T14:42:59, updateTime=2026-08-20T15:31:13), Dept(id=3, deptName=咨询部, createTime=2026-08-20T14:42:59, updateTime=2026-08-20T15:30:58), Dept(id=4, deptName=就业部, createTime=2026-08-20T14:42:59, updateTime=2026-08-20T14:42:59), Dept(id=5, deptName=人事部, createTime=2026-08-20T14:42:59, updateTime=2026-08-20T15:31:03), Dept(id=6, deptName=释怀部, createTime=2026-08-20T14:42:59, updateTime=2026-08-22T09:19:16), Dept(id=7, deptName=无忧部, createTime=2026-08-21T22:11, updateTime=2026-08-22T09:17:31), Dept(id=8, deptName=测试部, createTime=2026-08-22T15:26:31, updateTime=2026-08-22T15:26:31), Dept(id=9, deptName=无聊部, createTime=2026-08-22T15:28:24, updateTime=2026-08-22T15:28:24), Dept(id=10, deptName=天才部, createTime=2026-08-22T15:30:30, updateTime=2026-08-22T15:30:30), Dept(id=11, deptName=罗兰部, createTime=2026-09-02T13:57:35, updateTime=2026-09-02T13:57:35)]
2026-11-04 11:51:45 [http-nio-8080-exec-4] INFO  com.wudd.controller.DeptController - 接收到部门列表查询
2026-11-04 11:51:45 [http-nio-8080-exec-4] INFO  com.wudd.controller.DeptController - 获取到部门信息：[Dept(id=1, deptName=学学部, createTime=2026-08-20T14:42:59, updateTime=2026-08-22T15:36:34), Dept(id=2, deptName=教研部, createTime=2026-08-20T14:42:59, updateTime=2026-08-20T15:31:13), Dept(id=3, deptName=咨询部, createTime=2026-08-20T14:42:59, updateTime=2026-08-20T15:30:58), Dept(id=4, deptName=就业部, createTime=2026-08-20T14:42:59, updateTime=2026-08-20T14:42:59), Dept(id=5, deptName=人事部, createTime=2026-08-20T14:42:59, updateTime=2026-08-20T15:31:03), Dept(id=6, deptName=释怀部, createTime=2026-08-20T14:42:59, updateTime=2026-08-22T09:19:16), Dept(id=7, deptName=无忧部, createTime=2026-08-21T22:11, updateTime=2026-08-22T09:17:31), Dept(id=8, deptName=测试部, createTime=2026-08-22T15:26:31, updateTime=2026-08-22T15:26:31), Dept(id=9, deptName=无聊部, createTime=2026-08-22T15:28:24, updateTime=2026-08-22T15:28:24), Dept(id=10, deptName=天才部, createTime=2026-08-22T15:30:30, updateTime=2026-08-22T15:30:30), Dept(id=11, deptName=罗兰部, createTime=2026-09-02T13:57:35, updateTime=2026-09-02T13:57:35)]
2026-11-04 11:52:55 [http-nio-8080-exec-6] INFO  com.wudd.controller.DeptController - 接收到部门列表查询
2026-11-04 11:52:55 [http-nio-8080-exec-6] INFO  com.wudd.controller.DeptController - 获取到部门信息：[Dept(id=1, deptName=学学部, createTime=2026-08-20T14:42:59, updateTime=2026-08-22T15:36:34), Dept(id=2, deptName=教研部, createTime=2026-08-20T14:42:59, updateTime=2026-08-20T15:31:13), Dept(id=3, deptName=咨询部, createTime=2026-08-20T14:42:59, updateTime=2026-08-20T15:30:58), Dept(id=4, deptName=就业部, createTime=2026-08-20T14:42:59, updateTime=2026-08-20T14:42:59), Dept(id=5, deptName=人事部, createTime=2026-08-20T14:42:59, updateTime=2026-08-20T15:31:03), Dept(id=6, deptName=释怀部, createTime=2026-08-20T14:42:59, updateTime=2026-08-22T09:19:16), Dept(id=7, deptName=无忧部, createTime=2026-08-21T22:11, updateTime=2026-08-22T09:17:31), Dept(id=8, deptName=测试部, createTime=2026-08-22T15:26:31, updateTime=2026-08-22T15:26:31), Dept(id=9, deptName=无聊部, createTime=2026-08-22T15:28:24, updateTime=2026-08-22T15:28:24), Dept(id=10, deptName=天才部, createTime=2026-08-22T15:30:30, updateTime=2026-08-22T15:30:30), Dept(id=11, deptName=罗兰部, createTime=2026-09-02T13:57:35, updateTime=2026-09-02T13:57:35)]
